#
# There is insufficient memory for the Java Runtime Environment to continue.
# Native memory allocation (malloc) failed to allocate 1712144 bytes. Error detail: Chunk::new
# Possible reasons:
#   The system is out of physical RAM or swap space
#   This process is running with CompressedOops enabled, and the Java Heap may be blocking the growth of the native heap
# Possible solutions:
#   Reduce memory load on the system
#   Increase physical memory or swap space
#   Check if swap backing store is full
#   Decrease Java heap size (-Xmx/-Xms)
#   Decrease number of Java threads
#   Decrease Java thread stack sizes (-Xss)
#   Set larger code cache with -XX:ReservedCodeCacheSize=
#   JVM is running with Unscaled Compressed Oops mode in which the Java heap is
#     placed in the first 4GB address space. The Java Heap base address is the
#     maximum limit for the native heap growth. Please use -XX:HeapBaseMinAddress
#     to set the Java Heap base and to place the Java Heap above 4GB virtual address.
# This output file may be truncated or incomplete.
#
#  Out of Memory Error (arena.cpp:168), pid=20684, tid=21484
#
# JRE version: OpenJDK Runtime Environment Temurin-21.0.11+10 (21.0.11+10) (build 21.0.11+10-LTS)
# Java VM: OpenJDK 64-Bit Server VM Temurin-21.0.11+10 (21.0.11+10-LTS, mixed mode, sharing, tiered, compressed oops, compressed class ptrs, parallel gc, windows-amd64)
# No core dump will be written. Minidumps are not enabled by default on client versions of Windows
#

---------------  S U M M A R Y ------------

Command Line: --add-modules=ALL-SYSTEM --add-opens=java.base/java.util=ALL-UNNAMED --add-opens=java.base/java.lang=ALL-UNNAMED --add-opens=java.base/sun.nio.fs=ALL-UNNAMED -Declipse.application=org.eclipse.jdt.ls.core.id1 -Dosgi.bundles.defaultStartLevel=4 -Declipse.product=org.eclipse.jdt.ls.core.product -Djava.import.generatesMetadataFilesAtProjectRoot=false -DDetectVMInstallationsJob.disabled=true -Dfile.encoding=utf8 -XX:+UseParallelGC -XX:GCTimeRatio=4 -XX:AdaptiveSizePolicyWeight=90 -Dsun.zip.disableMemoryMapping=true -Xmx2G -Xms100m -Xlog:disable -javaagent:c:\Users\Vishal\.vscode\extensions\redhat.java-1.55.0-win32-x64\lombok\lombok-1.18.39-4050.jar c:\Users\Vishal\.vscode\extensions\redhat.java-1.55.0-win32-x64\server\plugins\org.eclipse.equinox.launcher_1.7.200.v20260619-2039.jar -configuration c:\Users\Vishal\AppData\Roaming\Code\User\globalStorage\redhat.java\1.55.0\config_ss_win -data c:\Users\Vishal\AppData\Roaming\Code\User\workspaceStorage\de52af6c379dfd7feac1f3ed59848b74\redhat.java\ss_ws --pipe=\\.\pipe\lsp-4789e0e8a97b9244d78833bb64f42a7f-sock

Host: AMD Ryzen 5 5500U with Radeon Graphics         , 12 cores, 5G,  Windows 11 , 64 bit Build 26100 (10.0.26100.8972)
Time: Sat Aug  8 20:02:48 2026 India Standard Time elapsed time: 13.062287 seconds (0d 0h 0m 13s)

---------------  T H R E A D  ---------------

Current thread (0x00000212fa5cc8e0):  JavaThread "C2 CompilerThread0" daemon [_thread_in_native, id=21484, stack(0x000000979b500000,0x000000979b600000) (1024K)]


Current CompileTask:
C2:13062 4079       4       java.lang.invoke.MethodType::makeImpl (109 bytes)

Stack: [0x000000979b500000,0x000000979b600000]
Native frames: (J=compiled Java code, j=interpreted, Vv=VM code, C=native code)
V  [jvm.dll+0x6d7e19]
V  [jvm.dll+0x8b5096]
V  [jvm.dll+0x8b764e]
V  [jvm.dll+0x8b7d33]
V  [jvm.dll+0x284596]
V  [jvm.dll+0xc685d]
V  [jvm.dll+0xc6da1]
V  [jvm.dll+0x3bed6b]
V  [jvm.dll+0x38b2b2]
V  [jvm.dll+0x38a6fa]
V  [jvm.dll+0x24c700]
V  [jvm.dll+0x24bce0]
V  [jvm.dll+0x1cb4ae]
V  [jvm.dll+0x25baad]
V  [jvm.dll+0x25a03a]
V  [jvm.dll+0x3f868e]
V  [jvm.dll+0x85fb0d]
V  [jvm.dll+0x6d664d]
C  [ucrtbase.dll+0x2cd30]
C  [KERNEL32.DLL+0x2ccb7]
C  [ntdll.dll+0xaad6c]


---------------  P R O C E S S  ---------------

Threads class SMR info:
_java_thread_list=0x00000212c730b910, length=46, elements={
0x00000212e28af660, 0x00000212e283b3c0, 0x00000212e283de30, 0x00000212e284d4e0,
0x00000212e284df40, 0x00000212fa5a2750, 0x00000212fa5a7d00, 0x00000212fa5cc8e0,
0x00000212fa5ce390, 0x00000212fa7c6aa0, 0x00000212fa7aa2d0, 0x00000212c53f8370,
0x00000212c538a100, 0x00000212c538af80, 0x00000212c56a6120, 0x00000212c5a81790,
0x00000212fa7bbec0, 0x00000212fa7bf060, 0x00000212fa7fb9d0, 0x00000212fa7fc060,
0x00000212fa7fa620, 0x00000212fa7fc6f0, 0x00000212fa7fcd80, 0x00000212fa7fd410,
0x00000212fa7facb0, 0x00000212fa7f9f90, 0x00000212fa7fb340, 0x00000212c7a56450,
0x00000212c7a57170, 0x00000212c7a59240, 0x00000212c7a56ae0, 0x00000212c7a57800,
0x00000212c7a57e90, 0x00000212c7a58520, 0x00000212c7a58bb0, 0x00000212c7a55dc0,
0x00000212c7a5a5f0, 0x00000212c7a5ac80, 0x00000212c7a5cd50, 0x00000212c7a598d0,
0x00000212c7a5b310, 0x00000212c7a5b9a0, 0x00000212c7a5c030, 0x00000212c7a5d3e0,
0x00000212c7a5c6c0, 0x00000212c7a59f60
}

Java Threads: ( => current thread )
  0x00000212e28af660 JavaThread "main"                              [_thread_blocked, id=20696, stack(0x000000979ab00000,0x000000979ac00000) (1024K)]
  0x00000212e283b3c0 JavaThread "Reference Handler"          daemon [_thread_blocked, id=14644, stack(0x000000979af00000,0x000000979b000000) (1024K)]
  0x00000212e283de30 JavaThread "Finalizer"                  daemon [_thread_blocked, id=24292, stack(0x000000979b000000,0x000000979b100000) (1024K)]
  0x00000212e284d4e0 JavaThread "Signal Dispatcher"          daemon [_thread_blocked, id=11608, stack(0x000000979b100000,0x000000979b200000) (1024K)]
  0x00000212e284df40 JavaThread "Attach Listener"            daemon [_thread_blocked, id=7560, stack(0x000000979b200000,0x000000979b300000) (1024K)]
  0x00000212fa5a2750 JavaThread "Service Thread"             daemon [_thread_blocked, id=10120, stack(0x000000979b300000,0x000000979b400000) (1024K)]
  0x00000212fa5a7d00 JavaThread "Monitor Deflation Thread"   daemon [_thread_blocked, id=31412, stack(0x000000979b400000,0x000000979b500000) (1024K)]
=>0x00000212fa5cc8e0 JavaThread "C2 CompilerThread0"         daemon [_thread_in_native, id=21484, stack(0x000000979b500000,0x000000979b600000) (1024K)]
  0x00000212fa5ce390 JavaThread "C1 CompilerThread0"         daemon [_thread_in_vm, id=1816, stack(0x000000979b600000,0x000000979b700000) (1024K)]
  0x00000212fa7c6aa0 JavaThread "Common-Cleaner"             daemon [_thread_blocked, id=30284, stack(0x000000979b800000,0x000000979b900000) (1024K)]
  0x00000212fa7aa2d0 JavaThread "Notification Thread"        daemon [_thread_blocked, id=26292, stack(0x000000979b700000,0x000000979b800000) (1024K)]
  0x00000212c53f8370 JavaThread "Active Thread: Equinox Container: 247d3a86-297e-42cb-ac59-132382343ca9"        [_thread_blocked, id=11072, stack(0x000000979bf00000,0x000000979c000000) (1024K)]
  0x00000212c538a100 JavaThread "Framework Event Dispatcher: Equinox Container: 247d3a86-297e-42cb-ac59-132382343ca9" daemon [_thread_blocked, id=5280, stack(0x000000979c000000,0x000000979c100000) (1024K)]
  0x00000212c538af80 JavaThread "Start Level: Equinox Container: 247d3a86-297e-42cb-ac59-132382343ca9" daemon [_thread_blocked, id=29588, stack(0x000000979c100000,0x000000979c200000) (1024K)]
  0x00000212c56a6120 JavaThread "SCR Component Actor"        daemon [_thread_blocked, id=23208, stack(0x000000979c300000,0x000000979c400000) (1024K)]
  0x00000212c5a81790 JavaThread "Worker-JM"                         [_thread_blocked, id=27716, stack(0x000000979c400000,0x000000979c500000) (1024K)]
  0x00000212fa7bbec0 JavaThread "JNA Cleaner"                daemon [_thread_blocked, id=22220, stack(0x000000979c700000,0x000000979c800000) (1024K)]
  0x00000212fa7bf060 JavaThread "Worker-0"                          [_thread_blocked, id=16456, stack(0x000000979c800000,0x000000979c900000) (1024K)]
  0x00000212fa7fb9d0 JavaThread "Worker-1"                          [_thread_blocked, id=15576, stack(0x000000979c900000,0x000000979ca00000) (1024K)]
  0x00000212fa7fc060 JavaThread "Worker-2"                          [_thread_blocked, id=500, stack(0x000000979ca00000,0x000000979cb00000) (1024K)]
  0x00000212fa7fa620 JavaThread "Thread-1"                   daemon [_thread_in_native, id=34096, stack(0x000000979cd00000,0x000000979ce00000) (1024K)]
  0x00000212fa7fc6f0 JavaThread "Thread-2"                   daemon [_thread_in_native, id=7624, stack(0x000000979ce00000,0x000000979cf00000) (1024K)]
  0x00000212fa7fcd80 JavaThread "Thread-3"                   daemon [_thread_in_native, id=29684, stack(0x000000979cf00000,0x000000979d000000) (1024K)]
  0x00000212fa7fd410 JavaThread "Thread-4"                   daemon [_thread_in_native, id=16856, stack(0x000000979d000000,0x000000979d100000) (1024K)]
  0x00000212fa7facb0 JavaThread "Thread-5"                   daemon [_thread_in_native, id=7216, stack(0x000000979d100000,0x000000979d200000) (1024K)]
  0x00000212fa7f9f90 JavaThread "Thread-6"                   daemon [_thread_in_native, id=8068, stack(0x000000979d200000,0x000000979d300000) (1024K)]
  0x00000212fa7fb340 JavaThread "Thread-7"                   daemon [_thread_in_native, id=21980, stack(0x000000979d300000,0x000000979d400000) (1024K)]
  0x00000212c7a56450 JavaThread "Thread-8"                   daemon [_thread_in_native, id=33668, stack(0x000000979d400000,0x000000979d500000) (1024K)]
  0x00000212c7a57170 JavaThread "Thread-9"                   daemon [_thread_in_native, id=9076, stack(0x000000979d500000,0x000000979d600000) (1024K)]
  0x00000212c7a59240 JavaThread "Thread-10"                  daemon [_thread_in_native, id=7532, stack(0x000000979d600000,0x000000979d700000) (1024K)]
  0x00000212c7a56ae0 JavaThread "Thread-11"                  daemon [_thread_in_native, id=7412, stack(0x000000979d700000,0x000000979d800000) (1024K)]
  0x00000212c7a57800 JavaThread "Thread-12"                  daemon [_thread_in_native, id=13256, stack(0x000000979d800000,0x000000979d900000) (1024K)]
  0x00000212c7a57e90 JavaThread "Thread-13"                  daemon [_thread_in_native, id=6452, stack(0x000000979d900000,0x000000979da00000) (1024K)]
  0x00000212c7a58520 JavaThread "pool-2-thread-1"                   [_thread_blocked, id=12896, stack(0x000000979da00000,0x000000979db00000) (1024K)]
  0x00000212c7a58bb0 JavaThread "WorkspaceEventsHandler"            [_thread_blocked, id=5052, stack(0x000000979db00000,0x000000979dc00000) (1024K)]
  0x00000212c7a55dc0 JavaThread "pool-1-thread-1"                   [_thread_blocked, id=15788, stack(0x000000979dc00000,0x000000979dd00000) (1024K)]
  0x00000212c7a5a5f0 JavaThread "ForkJoinPool.commonPool-worker-1" daemon [_thread_blocked, id=9784, stack(0x000000979dd00000,0x000000979de00000) (1024K)]
  0x00000212c7a5ac80 JavaThread "ForkJoinPool.commonPool-worker-2" daemon [_thread_blocked, id=22024, stack(0x000000979de00000,0x000000979df00000) (1024K)]
  0x00000212c7a5cd50 JavaThread "ForkJoinPool.commonPool-worker-3" daemon [_thread_blocked, id=5540, stack(0x000000979df00000,0x000000979e000000) (1024K)]
  0x00000212c7a598d0 JavaThread "ForkJoinPool.commonPool-worker-4" daemon [_thread_blocked, id=33260, stack(0x000000979e000000,0x000000979e100000) (1024K)]
  0x00000212c7a5b310 JavaThread "ForkJoinPool.commonPool-worker-5" daemon [_thread_blocked, id=35392, stack(0x000000979e100000,0x000000979e200000) (1024K)]
  0x00000212c7a5b9a0 JavaThread "ForkJoinPool.commonPool-worker-6" daemon [_thread_blocked, id=21148, stack(0x000000979e200000,0x000000979e300000) (1024K)]
  0x00000212c7a5c030 JavaThread "ForkJoinPool.commonPool-worker-7" daemon [_thread_blocked, id=7708, stack(0x000000979e300000,0x000000979e400000) (1024K)]
  0x00000212c7a5d3e0 JavaThread "ForkJoinPool.commonPool-worker-8" daemon [_thread_in_Java, id=28272, stack(0x000000979e400000,0x000000979e500000) (1024K)]
  0x00000212c7a5c6c0 JavaThread "ForkJoinPool.commonPool-worker-9" daemon [_thread_blocked, id=35740, stack(0x000000979e500000,0x000000979e600000) (1024K)]
  0x00000212c7a59f60 JavaThread "ForkJoinPool.commonPool-worker-10" daemon [_thread_blocked, id=28108, stack(0x000000979e600000,0x000000979e700000) (1024K)]
Total: 46

Other Threads:
  0x00000212e294a780 VMThread "VM Thread"                           [id=19360, stack(0x000000979ae00000,0x000000979af00000) (1024K)]
  0x00000212e272c8d0 WatcherThread "VM Periodic Task Thread"        [id=21176, stack(0x000000979ad00000,0x000000979ae00000) (1024K)]
  0x00000212e28c7780 WorkerThread "GC Thread#0"                     [id=23644, stack(0x000000979ac00000,0x000000979ad00000) (1024K)]
  0x00000212c5497700 WorkerThread "GC Thread#1"                     [id=32120, stack(0x000000979b900000,0x000000979ba00000) (1024K)]
  0x00000212c53365b0 WorkerThread "GC Thread#2"                     [id=6104, stack(0x000000979ba00000,0x000000979bb00000) (1024K)]
  0x00000212c5343230 WorkerThread "GC Thread#3"                     [id=35812, stack(0x000000979bb00000,0x000000979bc00000) (1024K)]
  0x00000212c53435e0 WorkerThread "GC Thread#4"                     [id=1096, stack(0x000000979bc00000,0x000000979bd00000) (1024K)]
  0x00000212c52eae50 WorkerThread "GC Thread#5"                     [id=19596, stack(0x000000979bd00000,0x000000979be00000) (1024K)]
  0x00000212c52eb200 WorkerThread "GC Thread#6"                     [id=13180, stack(0x000000979be00000,0x000000979bf00000) (1024K)]
  0x00000212c580c030 WorkerThread "GC Thread#7"                     [id=14384, stack(0x000000979c200000,0x000000979c300000) (1024K)]
  0x00000212c5a5c340 WorkerThread "GC Thread#8"                     [id=6148, stack(0x000000979c500000,0x000000979c600000) (1024K)]
  0x00000212c5a5cb00 WorkerThread "GC Thread#9"                     [id=30660, stack(0x000000979c600000,0x000000979c700000) (1024K)]
Total: 12

Threads with active compile tasks:
C2 CompilerThread0  13095 4079       4       java.lang.invoke.MethodType::makeImpl (109 bytes)
C1 CompilerThread0  13095 4412       2       org.eclipse.jdt.internal.compiler.util.CharDeduplication::sharedCopyOfRange (190 bytes)
Total: 2

VM state: not at safepoint (normal execution)

VM Mutex/Monitor currently owned by a thread: None

Heap address: 0x0000000080000000, size: 2048 MB, Compressed Oops mode: 32-bit

CDS archive(s) mapped at: [0x0000021280000000-0x0000021280ba0000-0x0000021280ba0000), size 12189696, SharedBaseAddress: 0x0000021280000000, ArchiveRelocationMode: 1.
Compressed class space mapped at: 0x0000021281000000-0x00000212c1000000, reserved size: 1073741824
Narrow klass base: 0x0000021280000000, Narrow klass shift: 0, Narrow klass range: 0x100000000

GC Precious Log:
 CardTable entry size: 512
 CPUs: 12 total, 12 available
 Memory: 5989M
 Large Page Support: Disabled
 NUMA Support: Disabled
 Compressed Oops: Enabled (32-bit)
 Alignments: Space 512K, Generation 512K, Heap 2M
 Heap Min Capacity: 100M
 Heap Initial Capacity: 100M
 Heap Max Capacity: 2G
 Pre-touch: Disabled
 Parallel Workers: 10

Heap:
 PSYoungGen      total 23040K, used 15921K [0x00000000d5580000, 0x00000000d6f00000, 0x0000000100000000)
  eden space 20992K, 66% used [0x00000000d5580000,0x00000000d631c7f0,0x00000000d6a00000)
  from space 2048K, 96% used [0x00000000d6a00000,0x00000000d6bf0000,0x00000000d6c00000)
  to   space 2560K, 0% used [0x00000000d6c80000,0x00000000d6c80000,0x00000000d6f00000)
 ParOldGen       total 68608K, used 25020K [0x0000000080000000, 0x0000000084300000, 0x00000000d5580000)
  object space 68608K, 36% used [0x0000000080000000,0x000000008186f218,0x0000000084300000)
 Metaspace       used 33212K, committed 34368K, reserved 1114112K
  class space    used 3467K, committed 3968K, reserved 1048576K

Card table byte_map: [0x00000212e2240000,0x00000212e2650000] _byte_map_base: 0x00000212e1e40000

Marking Bits: (ParMarkBitMap*) 0x00007ffe79d74460
 Begin Bits: [0x00000212f4d50000, 0x00000212f6d50000)
 End Bits:   [0x00000212f6d50000, 0x00000212f8d50000)

Polling page: 0x00000212e0710000

Metaspace:

Usage:
  Non-class:     29.05 MB used.
      Class:      3.39 MB used.
       Both:     32.43 MB used.

Virtual space:
  Non-class space:       64.00 MB reserved,      29.69 MB ( 46%) committed,  1 nodes.
      Class space:        1.00 GB reserved,       3.88 MB ( <1%) committed,  1 nodes.
             Both:        1.06 GB reserved,      33.56 MB (  3%) committed. 

Chunk freelists:
   Non-Class:  1.92 MB
       Class:  12.08 MB
        Both:  14.00 MB

MaxMetaspaceSize: unlimited
CompressedClassSpaceSize: 1.00 GB
Initial GC threshold: 21.00 MB
Current GC threshold: 35.00 MB
CDS: on
 - commit_granule_bytes: 65536.
 - commit_granule_words: 8192.
 - virtual_space_node_default_size: 8388608.
 - enlarge_chunks_in_place: 1.
 - use_allocation_guard: 0.


Internal statistics:

num_allocs_failed_limit: 3.
num_arena_births: 1138.
num_arena_deaths: 14.
num_vsnodes_births: 2.
num_vsnodes_deaths: 0.
num_space_committed: 537.
num_space_uncommitted: 0.
num_chunks_returned_to_freelist: 17.
num_chunks_taken_from_freelist: 2693.
num_chunk_merges: 9.
num_chunk_splits: 1627.
num_chunks_enlarged: 799.
num_inconsistent_stats: 0.

CodeHeap 'non-profiled nmethods': size=120000Kb used=1652Kb max_used=1652Kb free=118347Kb
 bounds [0x00000212ed570000, 0x00000212ed7e0000, 0x00000212f4aa0000]
CodeHeap 'profiled nmethods': size=120000Kb used=8382Kb max_used=8382Kb free=111617Kb
 bounds [0x00000212e5aa0000, 0x00000212e62d0000, 0x00000212ecfd0000]
CodeHeap 'non-nmethods': size=5760Kb used=1355Kb max_used=1379Kb free=4404Kb
 bounds [0x00000212ecfd0000, 0x00000212ed240000, 0x00000212ed570000]
CodeCache: size=245760Kb, used=11389Kb, max_used=11413Kb, free=234368Kb
 total_blobs=5007, nmethods=4357, adapters=556, full_count=0
Compilation: enabled, stopped_count=0, restarted_count=0

Compilation events (20 events):
Event: 12.053 Thread 0x00000212fa5ce390 4344   !   2       org.eclipse.jdt.internal.core.OpenableElementInfo::setChildren (29 bytes)
Event: 12.053 Thread 0x00000212fa5ce390 nmethod 4344 0x00000212e62a8590 code [0x00000212e62a8740, 0x00000212e62a8968]
Event: 12.056 Thread 0x00000212fa5ce390 4347       2       java.util.stream.AbstractPipeline::exactOutputSizeIfKnown (86 bytes)
Event: 12.057 Thread 0x00000212fa5ce390 nmethod 4347 0x00000212e62a8a90 code [0x00000212e62a8c60, 0x00000212e62a8ef0]
Event: 12.057 Thread 0x00000212fa5ce390 4349       2       org.eclipse.jdt.internal.core.Openable::getResource (37 bytes)
Event: 12.058 Thread 0x00000212fa5ce390 nmethod 4349 0x00000212e62a9110 code [0x00000212e62a9320, 0x00000212e62a96c8]
Event: 12.058 Thread 0x00000212fa5ce390 4351       2       org.eclipse.jdt.internal.compiler.classfmt.ClassFileStruct::<init> (20 bytes)
Event: 12.058 Thread 0x00000212fa5ce390 nmethod 4351 0x00000212e62a9890 code [0x00000212e62a9a20, 0x00000212e62a9b58]
Event: 12.058 Thread 0x00000212fa5ce390 4348       2       java.util.stream.Nodes::flatten (70 bytes)
Event: 12.059 Thread 0x00000212fa5ce390 nmethod 4348 0x00000212e62a9c10 code [0x00000212e62a9e20, 0x00000212e62aa250]
Event: 12.059 Thread 0x00000212fa5ce390 4354       2       org.eclipse.core.internal.resources.Resource::checkAccessible (7 bytes)
Event: 12.059 Thread 0x00000212fa5ce390 nmethod 4354 0x00000212e62aa490 code [0x00000212e62aa640, 0x00000212e62aa770]
Event: 12.059 Thread 0x00000212fa5ce390 4355       2       org.eclipse.core.internal.resources.Resource::checkExists (38 bytes)
Event: 12.059 Thread 0x00000212fa5ce390 nmethod 4355 0x00000212e62aa810 code [0x00000212e62aaa00, 0x00000212e62aace0]
Event: 12.059 Thread 0x00000212fa5ce390 4350       2       java.util.stream.ReferencePipeline::toArray (18 bytes)
Event: 12.060 Thread 0x00000212fa5ce390 nmethod 4350 0x00000212e62aae90 code [0x00000212e62ab060, 0x00000212e62ab1e8]
Event: 12.060 Thread 0x00000212fa5ce390 4352       2       java.util.stream.AbstractPipeline::evaluate (44 bytes)
Event: 12.060 Thread 0x00000212fa5ce390 nmethod 4352 0x00000212e62ab310 code [0x00000212e62ab520, 0x00000212e62ab930]
Event: 12.060 Thread 0x00000212fa5ce390 4353       2       java.util.stream.ReferencePipeline::makeNodeBuilder (6 bytes)
Event: 12.060 Thread 0x00000212fa5ce390 nmethod 4353 0x00000212e62abb90 code [0x00000212e62abd40, 0x00000212e62abe68]

GC Heap History (20 events):
Event: 7.631 GC heap before
{Heap before GC invocations=7 (full 1):
 PSYoungGen      total 30208K, used 4958K [0x00000000d5580000, 0x00000000d7800000, 0x0000000100000000)
  eden space 25088K, 0% used [0x00000000d5580000,0x00000000d5580000,0x00000000d6e00000)
  from space 5120K, 96% used [0x00000000d7300000,0x00000000d77d78a8,0x00000000d7800000)
  to   space 5120K, 0% used [0x00000000d6e00000,0x00000000d6e00000,0x00000000d7300000)
 ParOldGen       total 68608K, used 5415K [0x0000000080000000, 0x0000000084300000, 0x00000000d5580000)
  object space 68608K, 7% used [0x0000000080000000,0x0000000080549eb8,0x0000000084300000)
 Metaspace       used 20891K, committed 21504K, reserved 1114112K
  class space    used 2070K, committed 2368K, reserved 1048576K
}
Event: 7.686 GC heap after
{Heap after GC invocations=7 (full 1):
 PSYoungGen      total 30208K, used 0K [0x00000000d5580000, 0x00000000d7800000, 0x0000000100000000)
  eden space 25088K, 0% used [0x00000000d5580000,0x00000000d5580000,0x00000000d6e00000)
  from space 5120K, 0% used [0x00000000d7300000,0x00000000d7300000,0x00000000d7800000)
  to   space 5120K, 0% used [0x00000000d6e00000,0x00000000d6e00000,0x00000000d7300000)
 ParOldGen       total 68608K, used 8754K [0x0000000080000000, 0x0000000084300000, 0x00000000d5580000)
  object space 68608K, 12% used [0x0000000080000000,0x000000008088c9f0,0x0000000084300000)
 Metaspace       used 20878K, committed 21504K, reserved 1114112K
  class space    used 2067K, committed 2368K, reserved 1048576K
}
Event: 8.396 GC heap before
{Heap before GC invocations=8 (full 1):
 PSYoungGen      total 30208K, used 25088K [0x00000000d5580000, 0x00000000d7800000, 0x0000000100000000)
  eden space 25088K, 100% used [0x00000000d5580000,0x00000000d6e00000,0x00000000d6e00000)
  from space 5120K, 0% used [0x00000000d7300000,0x00000000d7300000,0x00000000d7800000)
  to   space 5120K, 0% used [0x00000000d6e00000,0x00000000d6e00000,0x00000000d7300000)
 ParOldGen       total 68608K, used 8754K [0x0000000080000000, 0x0000000084300000, 0x00000000d5580000)
  object space 68608K, 12% used [0x0000000080000000,0x000000008088c9f0,0x0000000084300000)
 Metaspace       used 23079K, committed 23808K, reserved 1114112K
  class space    used 2248K, committed 2560K, reserved 1048576K
}
Event: 8.400 GC heap after
{Heap after GC invocations=8 (full 1):
 PSYoungGen      total 27136K, used 2454K [0x00000000d5580000, 0x00000000d7480000, 0x0000000100000000)
  eden space 24576K, 0% used [0x00000000d5580000,0x00000000d5580000,0x00000000d6d80000)
  from space 2560K, 95% used [0x00000000d6e00000,0x00000000d70659e8,0x00000000d7080000)
  to   space 3584K, 0% used [0x00000000d7100000,0x00000000d7100000,0x00000000d7480000)
 ParOldGen       total 68608K, used 8762K [0x0000000080000000, 0x0000000084300000, 0x00000000d5580000)
  object space 68608K, 12% used [0x0000000080000000,0x000000008088e9f0,0x0000000084300000)
 Metaspace       used 23079K, committed 23808K, reserved 1114112K
  class space    used 2248K, committed 2560K, reserved 1048576K
}
Event: 9.571 GC heap before
{Heap before GC invocations=9 (full 1):
 PSYoungGen      total 27136K, used 27030K [0x00000000d5580000, 0x00000000d7480000, 0x0000000100000000)
  eden space 24576K, 100% used [0x00000000d5580000,0x00000000d6d80000,0x00000000d6d80000)
  from space 2560K, 95% used [0x00000000d6e00000,0x00000000d70659e8,0x00000000d7080000)
  to   space 3584K, 0% used [0x00000000d7100000,0x00000000d7100000,0x00000000d7480000)
 ParOldGen       total 68608K, used 8762K [0x0000000080000000, 0x0000000084300000, 0x00000000d5580000)
  object space 68608K, 12% used [0x0000000080000000,0x000000008088e9f0,0x0000000084300000)
 Metaspace       used 26731K, committed 27584K, reserved 1114112K
  class space    used 2641K, committed 3008K, reserved 1048576K
}
Event: 9.577 GC heap after
{Heap after GC invocations=9 (full 1):
 PSYoungGen      total 26624K, used 3579K [0x00000000d5580000, 0x00000000d7700000, 0x0000000100000000)
  eden space 23040K, 0% used [0x00000000d5580000,0x00000000d5580000,0x00000000d6c00000)
  from space 3584K, 99% used [0x00000000d7100000,0x00000000d747efd0,0x00000000d7480000)
  to   space 5120K, 0% used [0x00000000d6c00000,0x00000000d6c00000,0x00000000d7100000)
 ParOldGen       total 68608K, used 9683K [0x0000000080000000, 0x0000000084300000, 0x00000000d5580000)
  object space 68608K, 14% used [0x0000000080000000,0x0000000080974cc8,0x0000000084300000)
 Metaspace       used 26731K, committed 27584K, reserved 1114112K
  class space    used 2641K, committed 3008K, reserved 1048576K
}
Event: 10.433 GC heap before
{Heap before GC invocations=10 (full 1):
 PSYoungGen      total 26624K, used 26619K [0x00000000d5580000, 0x00000000d7700000, 0x0000000100000000)
  eden space 23040K, 100% used [0x00000000d5580000,0x00000000d6c00000,0x00000000d6c00000)
  from space 3584K, 99% used [0x00000000d7100000,0x00000000d747efd0,0x00000000d7480000)
  to   space 5120K, 0% used [0x00000000d6c00000,0x00000000d6c00000,0x00000000d7100000)
 ParOldGen       total 68608K, used 9683K [0x0000000080000000, 0x0000000084300000, 0x00000000d5580000)
  object space 68608K, 14% used [0x0000000080000000,0x0000000080974cc8,0x0000000084300000)
 Metaspace       used 29891K, committed 30720K, reserved 1114112K
  class space    used 3011K, committed 3392K, reserved 1048576K
}
Event: 10.438 GC heap after
{Heap after GC invocations=10 (full 1):
 PSYoungGen      total 27648K, used 4949K [0x00000000d5580000, 0x00000000d7580000, 0x0000000100000000)
  eden space 22528K, 0% used [0x00000000d5580000,0x00000000d5580000,0x00000000d6b80000)
  from space 5120K, 96% used [0x00000000d6c00000,0x00000000d70d56b8,0x00000000d7100000)
  to   space 4608K, 0% used [0x00000000d7100000,0x00000000d7100000,0x00000000d7580000)
 ParOldGen       total 68608K, used 9691K [0x0000000080000000, 0x0000000084300000, 0x00000000d5580000)
  object space 68608K, 14% used [0x0000000080000000,0x0000000080976cc8,0x0000000084300000)
 Metaspace       used 29891K, committed 30720K, reserved 1114112K
  class space    used 3011K, committed 3392K, reserved 1048576K
}
Event: 11.376 GC heap before
{Heap before GC invocations=11 (full 1):
 PSYoungGen      total 27648K, used 27477K [0x00000000d5580000, 0x00000000d7580000, 0x0000000100000000)
  eden space 22528K, 100% used [0x00000000d5580000,0x00000000d6b80000,0x00000000d6b80000)
  from space 5120K, 96% used [0x00000000d6c00000,0x00000000d70d56b8,0x00000000d7100000)
  to   space 4608K, 0% used [0x00000000d7100000,0x00000000d7100000,0x00000000d7580000)
 ParOldGen       total 68608K, used 9691K [0x0000000080000000, 0x0000000084300000, 0x00000000d5580000)
  object space 68608K, 14% used [0x0000000080000000,0x0000000080976cc8,0x0000000084300000)
 Metaspace       used 32162K, committed 33152K, reserved 1114112K
  class space    used 3325K, committed 3776K, reserved 1048576K
}
Event: 11.386 GC heap after
{Heap after GC invocations=11 (full 1):
 PSYoungGen      total 25088K, used 2734K [0x00000000d5580000, 0x00000000d7400000, 0x0000000100000000)
  eden space 22016K, 0% used [0x00000000d5580000,0x00000000d5580000,0x00000000d6b00000)
  from space 3072K, 88% used [0x00000000d7100000,0x00000000d73ab828,0x00000000d7400000)
  to   space 3584K, 0% used [0x00000000d6d00000,0x00000000d6d00000,0x00000000d7080000)
 ParOldGen       total 68608K, used 13232K [0x0000000080000000, 0x0000000084300000, 0x00000000d5580000)
  object space 68608K, 19% used [0x0000000080000000,0x0000000080cec2a8,0x0000000084300000)
 Metaspace       used 32162K, committed 33152K, reserved 1114112K
  class space    used 3325K, committed 3776K, reserved 1048576K
}
Event: 11.510 GC heap before
{Heap before GC invocations=12 (full 1):
 PSYoungGen      total 25088K, used 24750K [0x00000000d5580000, 0x00000000d7400000, 0x0000000100000000)
  eden space 22016K, 100% used [0x00000000d5580000,0x00000000d6b00000,0x00000000d6b00000)
  from space 3072K, 88% used [0x00000000d7100000,0x00000000d73ab828,0x00000000d7400000)
  to   space 3584K, 0% used [0x00000000d6d00000,0x00000000d6d00000,0x00000000d7080000)
 ParOldGen       total 68608K, used 13232K [0x0000000080000000, 0x0000000084300000, 0x00000000d5580000)
  object space 68608K, 19% used [0x0000000080000000,0x0000000080cec2a8,0x0000000084300000)
 Metaspace       used 32380K, committed 33472K, reserved 1114112K
  class space    used 3341K, committed 3840K, reserved 1048576K
}
Event: 11.519 GC heap after
{Heap after GC invocations=12 (full 1):
 PSYoungGen      total 24576K, used 2144K [0x00000000d5580000, 0x00000000d7180000, 0x0000000100000000)
  eden space 22016K, 0% used [0x00000000d5580000,0x00000000d5580000,0x00000000d6b00000)
  from space 2560K, 83% used [0x00000000d6d00000,0x00000000d6f18030,0x00000000d6f80000)
  to   space 2048K, 0% used [0x00000000d6f80000,0x00000000d6f80000,0x00000000d7180000)
 ParOldGen       total 68608K, used 15716K [0x0000000080000000, 0x0000000084300000, 0x00000000d5580000)
  object space 68608K, 22% used [0x0000000080000000,0x0000000080f590c8,0x0000000084300000)
 Metaspace       used 32380K, committed 33472K, reserved 1114112K
  class space    used 3341K, committed 3840K, reserved 1048576K
}
Event: 11.726 GC heap before
{Heap before GC invocations=13 (full 1):
 PSYoungGen      total 24576K, used 24160K [0x00000000d5580000, 0x00000000d7180000, 0x0000000100000000)
  eden space 22016K, 99% used [0x00000000d5580000,0x00000000d6affff8,0x00000000d6b00000)
  from space 2560K, 83% used [0x00000000d6d00000,0x00000000d6f18030,0x00000000d6f80000)
  to   space 2048K, 0% used [0x00000000d6f80000,0x00000000d6f80000,0x00000000d7180000)
 ParOldGen       total 68608K, used 15716K [0x0000000080000000, 0x0000000084300000, 0x00000000d5580000)
  object space 68608K, 22% used [0x0000000080000000,0x0000000080f590c8,0x0000000084300000)
 Metaspace       used 33004K, committed 34112K, reserved 1114112K
  class space    used 3464K, committed 3968K, reserved 1048576K
}
Event: 11.731 GC heap after
{Heap after GC invocations=13 (full 1):
 PSYoungGen      total 23040K, used 2018K [0x00000000d5580000, 0x00000000d7600000, 0x0000000100000000)
  eden space 20992K, 0% used [0x00000000d5580000,0x00000000d5580000,0x00000000d6a00000)
  from space 2048K, 98% used [0x00000000d6f80000,0x00000000d71788f0,0x00000000d7180000)
  to   space 5632K, 0% used [0x00000000d6a00000,0x00000000d6a00000,0x00000000d6f80000)
 ParOldGen       total 68608K, used 18572K [0x0000000080000000, 0x0000000084300000, 0x00000000d5580000)
  object space 68608K, 27% used [0x0000000080000000,0x0000000081223158,0x0000000084300000)
 Metaspace       used 33004K, committed 34112K, reserved 1114112K
  class space    used 3464K, committed 3968K, reserved 1048576K
}
Event: 11.792 GC heap before
{Heap before GC invocations=14 (full 1):
 PSYoungGen      total 23040K, used 23010K [0x00000000d5580000, 0x00000000d7600000, 0x0000000100000000)
  eden space 20992K, 100% used [0x00000000d5580000,0x00000000d6a00000,0x00000000d6a00000)
  from space 2048K, 98% used [0x00000000d6f80000,0x00000000d71788f0,0x00000000d7180000)
  to   space 5632K, 0% used [0x00000000d6a00000,0x00000000d6a00000,0x00000000d6f80000)
 ParOldGen       total 68608K, used 18572K [0x0000000080000000, 0x0000000084300000, 0x00000000d5580000)
  object space 68608K, 27% used [0x0000000080000000,0x0000000081223158,0x0000000084300000)
 Metaspace       used 33011K, committed 34112K, reserved 1114112K
  class space    used 3464K, committed 3968K, reserved 1048576K
}
Event: 11.798 GC heap after
{Heap after GC invocations=14 (full 1):
 PSYoungGen      total 23040K, used 2016K [0x00000000d5580000, 0x00000000d7000000, 0x0000000100000000)
  eden space 20992K, 0% used [0x00000000d5580000,0x00000000d5580000,0x00000000d6a00000)
  from space 2048K, 98% used [0x00000000d6a00000,0x00000000d6bf8010,0x00000000d6c00000)
  to   space 3072K, 0% used [0x00000000d6d00000,0x00000000d6d00000,0x00000000d7000000)
 ParOldGen       total 68608K, used 20605K [0x0000000080000000, 0x0000000084300000, 0x00000000d5580000)
  object space 68608K, 30% used [0x0000000080000000,0x000000008141f758,0x0000000084300000)
 Metaspace       used 33011K, committed 34112K, reserved 1114112K
  class space    used 3464K, committed 3968K, reserved 1048576K
}
Event: 11.938 GC heap before
{Heap before GC invocations=15 (full 1):
 PSYoungGen      total 23040K, used 23008K [0x00000000d5580000, 0x00000000d7000000, 0x0000000100000000)
  eden space 20992K, 100% used [0x00000000d5580000,0x00000000d6a00000,0x00000000d6a00000)
  from space 2048K, 98% used [0x00000000d6a00000,0x00000000d6bf8010,0x00000000d6c00000)
  to   space 3072K, 0% used [0x00000000d6d00000,0x00000000d6d00000,0x00000000d7000000)
 ParOldGen       total 68608K, used 20605K [0x0000000080000000, 0x0000000084300000, 0x00000000d5580000)
  object space 68608K, 30% used [0x0000000080000000,0x000000008141f758,0x0000000084300000)
 Metaspace       used 33061K, committed 34240K, reserved 1114112K
  class space    used 3465K, committed 3968K, reserved 1048576K
}
Event: 11.946 GC heap after
{Heap after GC invocations=15 (full 1):
 PSYoungGen      total 24064K, used 2628K [0x00000000d5580000, 0x00000000d7000000, 0x0000000100000000)
  eden space 20992K, 0% used [0x00000000d5580000,0x00000000d5580000,0x00000000d6a00000)
  from space 3072K, 85% used [0x00000000d6d00000,0x00000000d6f91000,0x00000000d7000000)
  to   space 3072K, 0% used [0x00000000d6a00000,0x00000000d6a00000,0x00000000d6d00000)
 ParOldGen       total 68608K, used 22525K [0x0000000080000000, 0x0000000084300000, 0x00000000d5580000)
  object space 68608K, 32% used [0x0000000080000000,0x00000000815ff768,0x0000000084300000)
 Metaspace       used 33061K, committed 34240K, reserved 1114112K
  class space    used 3465K, committed 3968K, reserved 1048576K
}
Event: 12.026 GC heap before
{Heap before GC invocations=16 (full 1):
 PSYoungGen      total 24064K, used 23620K [0x00000000d5580000, 0x00000000d7000000, 0x0000000100000000)
  eden space 20992K, 100% used [0x00000000d5580000,0x00000000d6a00000,0x00000000d6a00000)
  from space 3072K, 85% used [0x00000000d6d00000,0x00000000d6f91000,0x00000000d7000000)
  to   space 3072K, 0% used [0x00000000d6a00000,0x00000000d6a00000,0x00000000d6d00000)
 ParOldGen       total 68608K, used 22525K [0x0000000080000000, 0x0000000084300000, 0x00000000d5580000)
  object space 68608K, 32% used [0x0000000080000000,0x00000000815ff768,0x0000000084300000)
 Metaspace       used 33094K, committed 34240K, reserved 1114112K
  class space    used 3465K, committed 3968K, reserved 1048576K
}
Event: 12.031 GC heap after
{Heap after GC invocations=16 (full 1):
 PSYoungGen      total 23040K, used 1984K [0x00000000d5580000, 0x00000000d6f00000, 0x0000000100000000)
  eden space 20992K, 0% used [0x00000000d5580000,0x00000000d5580000,0x00000000d6a00000)
  from space 2048K, 96% used [0x00000000d6a00000,0x00000000d6bf0000,0x00000000d6c00000)
  to   space 2560K, 0% used [0x00000000d6c80000,0x00000000d6c80000,0x00000000d6f00000)
 ParOldGen       total 68608K, used 25020K [0x0000000080000000, 0x0000000084300000, 0x00000000d5580000)
  object space 68608K, 36% used [0x0000000080000000,0x000000008186f218,0x0000000084300000)
 Metaspace       used 33094K, committed 34240K, reserved 1114112K
  class space    used 3465K, committed 3968K, reserved 1048576K
}

Dll operation events (10 events):
Event: 0.047 Loaded shared library c:\Users\Vishal\.vscode\extensions\redhat.java-1.55.0-win32-x64\jre\21.0.11-win32-x86_64\bin\java.dll
Event: 0.194 Loaded shared library c:\Users\Vishal\.vscode\extensions\redhat.java-1.55.0-win32-x64\jre\21.0.11-win32-x86_64\bin\zip.dll
Event: 0.229 Loaded shared library C:\Users\Vishal\.vscode\extensions\redhat.java-1.55.0-win32-x64\jre\21.0.11-win32-x86_64\bin\instrument.dll
Event: 0.242 Loaded shared library C:\Users\Vishal\.vscode\extensions\redhat.java-1.55.0-win32-x64\jre\21.0.11-win32-x86_64\bin\net.dll
Event: 0.248 Loaded shared library C:\Users\Vishal\.vscode\extensions\redhat.java-1.55.0-win32-x64\jre\21.0.11-win32-x86_64\bin\nio.dll
Event: 0.253 Loaded shared library C:\Users\Vishal\.vscode\extensions\redhat.java-1.55.0-win32-x64\jre\21.0.11-win32-x86_64\bin\zip.dll
Event: 0.299 Loaded shared library C:\Users\Vishal\.vscode\extensions\redhat.java-1.55.0-win32-x64\jre\21.0.11-win32-x86_64\bin\jimage.dll
Event: 0.477 Loaded shared library c:\Users\Vishal\.vscode\extensions\redhat.java-1.55.0-win32-x64\jre\21.0.11-win32-x86_64\bin\verify.dll
Event: 3.541 Loaded shared library C:\Users\Vishal\AppData\Roaming\Code\User\globalStorage\redhat.java\1.55.0\config_ss_win\org.eclipse.equinox.launcher\org.eclipse.equinox.launcher.win32.win32.x86_64_1.3.100.v20260613-0559\eclipse_11924.dll
Event: 6.511 Loaded shared library C:\Users\Vishal\AppData\Local\Temp\jna--1732361581\jna10441982343367526550.dll

Deoptimization events (20 events):
Event: 11.818 Thread 0x00000212c7a59f60 DEOPT PACKING pc=0x00000212e6254f6a sp=0x000000979e6fd9f0
Event: 11.818 Thread 0x00000212c7a59f60 DEOPT UNPACKING pc=0x00000212ed024242 sp=0x000000979e6fce78 mode 0
Event: 11.818 Thread 0x00000212c7a5a5f0 DEOPT PACKING pc=0x00000212e625552e sp=0x000000979ddfda40
Event: 11.818 Thread 0x00000212c7a5a5f0 DEOPT UNPACKING pc=0x00000212ed024242 sp=0x000000979ddfcec8 mode 0
Event: 11.819 Thread 0x00000212c7a5cd50 DEOPT PACKING pc=0x00000212e625552e sp=0x000000979dffd890
Event: 11.819 Thread 0x00000212c7a5cd50 DEOPT UNPACKING pc=0x00000212ed024242 sp=0x000000979dffcd18 mode 0
Event: 11.820 Thread 0x00000212c7a5c030 DEOPT PACKING pc=0x00000212e6254f6a sp=0x000000979e3fdb40
Event: 11.820 Thread 0x00000212c7a5c030 DEOPT UNPACKING pc=0x00000212ed024242 sp=0x000000979e3fcfc8 mode 0
Event: 11.821 Thread 0x00000212c7a5b310 DEOPT PACKING pc=0x00000212e625552e sp=0x000000979e1fd950
Event: 11.821 Thread 0x00000212c7a5b310 DEOPT UNPACKING pc=0x00000212ed024242 sp=0x000000979e1fcdd8 mode 0
Event: 11.821 Thread 0x00000212c7a5b310 DEOPT PACKING pc=0x00000212e6254f6a sp=0x000000979e1fd940
Event: 11.821 Thread 0x00000212c7a5b310 DEOPT UNPACKING pc=0x00000212ed024242 sp=0x000000979e1fcdc8 mode 0
Event: 11.837 Thread 0x00000212c7a5d3e0 DEOPT PACKING pc=0x00000212e5e2339f sp=0x000000979e4fdf80
Event: 11.837 Thread 0x00000212c7a5d3e0 DEOPT UNPACKING pc=0x00000212ed024242 sp=0x000000979e4fd458 mode 0
Event: 11.949 Thread 0x00000212c7a5a5f0 DEOPT PACKING pc=0x00000212e5e2339f sp=0x000000979ddfdd10
Event: 11.949 Thread 0x00000212c7a5a5f0 DEOPT UNPACKING pc=0x00000212ed024242 sp=0x000000979ddfd1e8 mode 0
Event: 12.038 Thread 0x00000212c7a598d0 DEOPT PACKING pc=0x00000212e626b5a6 sp=0x000000979e0fddb0
Event: 12.038 Thread 0x00000212c7a598d0 DEOPT UNPACKING pc=0x00000212ed024242 sp=0x000000979e0fd2a0 mode 0
Event: 12.048 Thread 0x00000212c7a5c030 DEOPT PACKING pc=0x00000212e5e2339f sp=0x000000979e3fdda0
Event: 12.048 Thread 0x00000212c7a5c030 DEOPT UNPACKING pc=0x00000212ed024242 sp=0x000000979e3fd278 mode 0

Classes loaded (20 events):
Event: 11.331 Loading class java/lang/invoke/MethodHandleImpl$Makers
Event: 11.331 Loading class java/lang/invoke/MethodHandleImpl$Makers done
Event: 11.332 Loading class java/lang/invoke/MethodHandleImpl$Makers$1
Event: 11.332 Loading class java/lang/invoke/MethodHandleImpl$Makers$1 done
Event: 11.332 Loading class java/lang/invoke/MethodHandleImpl$Makers$2
Event: 11.332 Loading class java/lang/invoke/MethodHandleImpl$Makers$2 done
Event: 11.332 Loading class java/lang/invoke/MethodHandleImpl$Makers$3
Event: 11.332 Loading class java/lang/invoke/MethodHandleImpl$Makers$3 done
Event: 11.353 Loading class java/lang/runtime/ObjectMethods$1
Event: 11.353 Loading class java/lang/runtime/ObjectMethods$1 done
Event: 11.609 Loading class java/lang/invoke/MethodHandleImpl$CountingWrapper
Event: 11.609 Loading class java/lang/invoke/MethodHandleImpl$CountingWrapper done
Event: 11.644 Loading class java/util/AbstractList$ListItr
Event: 11.644 Loading class java/util/AbstractList$ListItr done
Event: 11.677 Loading class java/nio/channels/Channels$ReadableByteChannelImpl
Event: 11.678 Loading class java/nio/channels/Channels$ReadableByteChannelImpl done
Event: 11.679 Loading class java/nio/channels/NonWritableChannelException
Event: 11.679 Loading class java/nio/channels/NonWritableChannelException done
Event: 11.840 Loading class java/lang/invoke/MethodHandleImpl$CountingWrapper$1
Event: 11.841 Loading class java/lang/invoke/MethodHandleImpl$CountingWrapper$1 done

Classes unloaded (7 events):
Event: 7.638 Thread 0x00000212e294a780 Unloading class 0x000002128118cc00 'java/lang/invoke/LambdaForm$MH+0x000002128118cc00'
Event: 7.638 Thread 0x00000212e294a780 Unloading class 0x000002128118c800 'java/lang/invoke/LambdaForm$MH+0x000002128118c800'
Event: 7.638 Thread 0x00000212e294a780 Unloading class 0x000002128118c400 'java/lang/invoke/LambdaForm$MH+0x000002128118c400'
Event: 7.638 Thread 0x00000212e294a780 Unloading class 0x000002128118c000 'java/lang/invoke/LambdaForm$MH+0x000002128118c000'
Event: 7.638 Thread 0x00000212e294a780 Unloading class 0x000002128118bc00 'java/lang/invoke/LambdaForm$BMH+0x000002128118bc00'
Event: 7.638 Thread 0x00000212e294a780 Unloading class 0x000002128118b800 'java/lang/invoke/LambdaForm$DMH+0x000002128118b800'
Event: 7.638 Thread 0x00000212e294a780 Unloading class 0x000002128118a400 'java/lang/invoke/LambdaForm$DMH+0x000002128118a400'

Classes redefined (0 events):
No events

Internal exceptions (20 events):
Event: 11.605 Thread 0x00000212c7a5c6c0 Exception <a 'java/lang/NoSuchMethodError'{0x00000000d630de48}: 'java.lang.Object java.lang.invoke.DelegatingMethodHandle$Holder.delegate(java.lang.Object, int, java.lang.Object, java.lang.Object)'> (0x00000000d630de48) 
thrown [s\src\hotspot\share\interpreter\linkResolver.cpp, line 773]
Event: 11.605 Thread 0x00000212c7a59f60 Exception <a 'java/lang/NoSuchMethodError'{0x00000000d631bfa0}: 'java.lang.Object java.lang.invoke.DelegatingMethodHandle$Holder.delegate(java.lang.Object, int, java.lang.Object, java.lang.Object)'> (0x00000000d631bfa0) 
thrown [s\src\hotspot\share\interpreter\linkResolver.cpp, line 773]
Event: 11.606 Thread 0x00000212c7a5a5f0 Exception <a 'java/lang/NoSuchMethodError'{0x00000000d6313058}: 'java.lang.Object java.lang.invoke.DelegatingMethodHandle$Holder.delegate(java.lang.Object, int, java.lang.Object, java.lang.Object)'> (0x00000000d6313058) 
thrown [s\src\hotspot\share\interpreter\linkResolver.cpp, line 773]
Event: 11.606 Thread 0x00000212c7a598d0 Exception <a 'java/lang/NoSuchMethodError'{0x00000000d6327ae0}: 'java.lang.Object java.lang.invoke.DelegatingMethodHandle$Holder.delegate(java.lang.Object, int, java.lang.Object, java.lang.Object)'> (0x00000000d6327ae0) 
thrown [s\src\hotspot\share\interpreter\linkResolver.cpp, line 773]
Event: 11.606 Thread 0x00000212c7a5d3e0 Exception <a 'java/lang/NoSuchMethodError'{0x00000000d63164b0}: 'java.lang.Object java.lang.invoke.DelegatingMethodHandle$Holder.delegate(java.lang.Object, int, java.lang.Object, java.lang.Object)'> (0x00000000d63164b0) 
thrown [s\src\hotspot\share\interpreter\linkResolver.cpp, line 773]
Event: 11.606 Thread 0x00000212c7a5c030 Exception <a 'java/lang/NoSuchMethodError'{0x00000000d6322878}: 'java.lang.Object java.lang.invoke.DelegatingMethodHandle$Holder.delegate(java.lang.Object, int, java.lang.Object, java.lang.Object)'> (0x00000000d6322878) 
thrown [s\src\hotspot\share\interpreter\linkResolver.cpp, line 773]
Event: 11.607 Thread 0x00000212c7a5b310 Exception <a 'java/lang/NoSuchMethodError'{0x00000000d631f5f0}: 'java.lang.Object java.lang.invoke.DelegatingMethodHandle$Holder.delegate(java.lang.Object, int, java.lang.Object, java.lang.Object)'> (0x00000000d631f5f0) 
thrown [s\src\hotspot\share\interpreter\linkResolver.cpp, line 773]
Event: 11.607 Thread 0x00000212c7a5cd50 Exception <a 'java/lang/NoSuchMethodError'{0x00000000d632b250}: 'java.lang.Object java.lang.invoke.DelegatingMethodHandle$Holder.delegate(java.lang.Object, int, java.lang.Object, java.lang.Object)'> (0x00000000d632b250) 
thrown [s\src\hotspot\share\interpreter\linkResolver.cpp, line 773]
Event: 11.608 Thread 0x00000212c7a55dc0 Exception <a 'java/lang/NoSuchMethodError'{0x00000000d62bbff8}: 'java.lang.Object java.lang.invoke.DelegatingMethodHandle$Holder.delegate(java.lang.Object, int, java.lang.Object, java.lang.Object)'> (0x00000000d62bbff8) 
thrown [s\src\hotspot\share\interpreter\linkResolver.cpp, line 773]
Event: 11.609 Thread 0x00000212c7a5ac80 Exception <a 'java/lang/NoSuchMethodError'{0x00000000d6299470}: 'java.lang.Object java.lang.invoke.DelegatingMethodHandle$Holder.delegate(java.lang.Object, int, java.lang.Object, java.lang.Object)'> (0x00000000d6299470) 
thrown [s\src\hotspot\share\interpreter\linkResolver.cpp, line 773]
Event: 11.619 Thread 0x00000212c7a59f60 Exception <a 'java/lang/NoSuchMethodError'{0x00000000d63be8c8}: 'int java.lang.invoke.Invokers$Holder.linkToTargetMethod(java.lang.Object, java.lang.Object, java.lang.Object)'> (0x00000000d63be8c8) 
thrown [s\src\hotspot\share\interpreter\linkResolver.cpp, line 773]
Event: 11.619 Thread 0x00000212c7a5ac80 Exception <a 'java/lang/NoSuchMethodError'{0x00000000d6354530}: 'int java.lang.invoke.Invokers$Holder.linkToTargetMethod(java.lang.Object, java.lang.Object, java.lang.Object)'> (0x00000000d6354530) 
thrown [s\src\hotspot\share\interpreter\linkResolver.cpp, line 773]
Event: 11.619 Thread 0x00000212c7a598d0 Exception <a 'java/lang/NoSuchMethodError'{0x00000000d63bc438}: 'int java.lang.invoke.Invokers$Holder.linkToTargetMethod(java.lang.Object, java.lang.Object, java.lang.Object)'> (0x00000000d63bc438) 
thrown [s\src\hotspot\share\interpreter\linkResolver.cpp, line 773]
Event: 11.619 Thread 0x00000212c7a5c030 Exception <a 'java/lang/NoSuchMethodError'{0x00000000d63ab6d0}: 'int java.lang.invoke.Invokers$Holder.linkToTargetMethod(java.lang.Object, java.lang.Object, java.lang.Object)'> (0x00000000d63ab6d0) 
thrown [s\src\hotspot\share\interpreter\linkResolver.cpp, line 773]
Event: 11.619 Thread 0x00000212c7a5b310 Exception <a 'java/lang/NoSuchMethodError'{0x00000000d63c1ed0}: 'int java.lang.invoke.Invokers$Holder.linkToTargetMethod(java.lang.Object, java.lang.Object, java.lang.Object)'> (0x00000000d63c1ed0) 
thrown [s\src\hotspot\share\interpreter\linkResolver.cpp, line 773]
Event: 11.619 Thread 0x00000212c7a5a5f0 Exception <a 'java/lang/NoSuchMethodError'{0x00000000d63b32e0}: 'int java.lang.invoke.Invokers$Holder.linkToTargetMethod(java.lang.Object, java.lang.Object, java.lang.Object)'> (0x00000000d63b32e0) 
thrown [s\src\hotspot\share\interpreter\linkResolver.cpp, line 773]
Event: 11.619 Thread 0x00000212c7a5d3e0 Exception <a 'java/lang/NoSuchMethodError'{0x00000000d63b7ad8}: 'int java.lang.invoke.Invokers$Holder.linkToTargetMethod(java.lang.Object, java.lang.Object, java.lang.Object)'> (0x00000000d63b7ad8) 
thrown [s\src\hotspot\share\interpreter\linkResolver.cpp, line 773]
Event: 11.619 Thread 0x00000212c7a5c6c0 Exception <a 'java/lang/NoSuchMethodError'{0x00000000d63a6d10}: 'int java.lang.invoke.Invokers$Holder.linkToTargetMethod(java.lang.Object, java.lang.Object, java.lang.Object)'> (0x00000000d63a6d10) 
thrown [s\src\hotspot\share\interpreter\linkResolver.cpp, line 773]
Event: 11.619 Thread 0x00000212c7a5cd50 Exception <a 'java/lang/NoSuchMethodError'{0x00000000d63af8a0}: 'int java.lang.invoke.Invokers$Holder.linkToTargetMethod(java.lang.Object, java.lang.Object, java.lang.Object)'> (0x00000000d63af8a0) 
thrown [s\src\hotspot\share\interpreter\linkResolver.cpp, line 773]
Event: 11.620 Thread 0x00000212c7a55dc0 Exception <a 'java/lang/NoSuchMethodError'{0x00000000d6393238}: 'int java.lang.invoke.Invokers$Holder.linkToTargetMethod(java.lang.Object, java.lang.Object, java.lang.Object)'> (0x00000000d6393238) 
thrown [s\src\hotspot\share\interpreter\linkResolver.cpp, line 773]

ZGC Phase Switch (0 events):
No events

VM Operations (20 events):
Event: 11.014 Executing non-safepoint VM operation: HandshakeAllThreads (Deoptimize)
Event: 11.014 Executing non-safepoint VM operation: HandshakeAllThreads (Deoptimize) done
Event: 11.037 Executing non-safepoint VM operation: HandshakeAllThreads (Deoptimize)
Event: 11.037 Executing non-safepoint VM operation: HandshakeAllThreads (Deoptimize) done
Event: 11.137 Executing non-safepoint VM operation: HandshakeAllThreads (Deoptimize)
Event: 11.138 Executing non-safepoint VM operation: HandshakeAllThreads (Deoptimize) done
Event: 11.375 Executing safepoint VM operation: ParallelGCFailedAllocation (Allocation Failure)
Event: 11.387 Executing safepoint VM operation: ParallelGCFailedAllocation (Allocation Failure) done
Event: 11.510 Executing safepoint VM operation: ParallelGCFailedAllocation (Allocation Failure)
Event: 11.519 Executing safepoint VM operation: ParallelGCFailedAllocation (Allocation Failure) done
Event: 11.726 Executing safepoint VM operation: ParallelGCFailedAllocation (Allocation Failure)
Event: 11.731 Executing safepoint VM operation: ParallelGCFailedAllocation (Allocation Failure) done
Event: 11.792 Executing safepoint VM operation: ParallelGCFailedAllocation (Allocation Failure)
Event: 11.798 Executing safepoint VM operation: ParallelGCFailedAllocation (Allocation Failure) done
Event: 11.937 Executing safepoint VM operation: ParallelGCFailedAllocation (Allocation Failure)
Event: 11.946 Executing safepoint VM operation: ParallelGCFailedAllocation (Allocation Failure) done
Event: 12.025 Executing safepoint VM operation: ParallelGCFailedAllocation (Allocation Failure)
Event: 12.031 Executing safepoint VM operation: ParallelGCFailedAllocation (Allocation Failure) done
Event: 13.031 Executing safepoint VM operation: Cleanup
Event: 13.031 Executing safepoint VM operation: Cleanup done

Memory protections (0 events):
No events

Nmethod flushes (0 events):
No events

Events (20 events):
Event: 9.426 Thread 0x00000212e28af660 Thread added: 0x00000212fa7fb340
Event: 9.426 Thread 0x00000212e28af660 Thread added: 0x00000212c7a56450
Event: 9.426 Thread 0x00000212e28af660 Thread added: 0x00000212c7a57170
Event: 9.427 Thread 0x00000212e28af660 Thread added: 0x00000212c7a59240
Event: 9.427 Thread 0x00000212e28af660 Thread added: 0x00000212c7a56ae0
Event: 9.427 Thread 0x00000212e28af660 Thread added: 0x00000212c7a57800
Event: 9.427 Thread 0x00000212e28af660 Thread added: 0x00000212c7a57e90
Event: 9.495 Thread 0x00000212e28af660 Thread added: 0x00000212c7a58520
Event: 10.102 Thread 0x00000212e28af660 Thread added: 0x00000212c7a58bb0
Event: 10.103 Thread 0x00000212e28af660 Thread added: 0x00000212c7a55dc0
Event: 10.852 Thread 0x00000212c7a55dc0 Thread added: 0x00000212c7a5a5f0
Event: 10.862 Thread 0x00000212c7a55dc0 Thread added: 0x00000212c7a5ac80
Event: 10.870 Thread 0x00000212c7a55dc0 Thread added: 0x00000212c7a5cd50
Event: 10.879 Thread 0x00000212c7a55dc0 Thread added: 0x00000212c7a598d0
Event: 10.883 Thread 0x00000212c7a55dc0 Thread added: 0x00000212c7a5b310
Event: 10.888 Thread 0x00000212c7a55dc0 Thread added: 0x00000212c7a5b9a0
Event: 10.895 Thread 0x00000212c7a55dc0 Thread added: 0x00000212c7a5c030
Event: 10.913 Thread 0x00000212c7a5c030 Thread added: 0x00000212c7a5d3e0
Event: 10.918 Thread 0x00000212c7a55dc0 Thread added: 0x00000212c7a5c6c0
Event: 10.930 Thread 0x00000212c7a55dc0 Thread added: 0x00000212c7a59f60


Dynamic libraries:
0x00007ff6ebd70000 - 0x00007ff6ebd7e000 	c:\Users\Vishal\.vscode\extensions\redhat.java-1.55.0-win32-x64\jre\21.0.11-win32-x86_64\bin\java.exe
0x00007ffef4780000 - 0x00007ffef49e6000 	C:\WINDOWS\SYSTEM32\ntdll.dll
0x00007ffef40e0000 - 0x00007ffef41a9000 	C:\WINDOWS\System32\KERNEL32.DLL
0x00007ffef1f60000 - 0x00007ffef235f000 	C:\WINDOWS\System32\KERNELBASE.dll
0x00007ffeee2b0000 - 0x00007ffeee350000 	C:\WINDOWS\SYSTEM32\apphelp.dll
0x00007ffef1ca0000 - 0x00007ffef1dec000 	C:\WINDOWS\System32\ucrtbase.dll
0x00007ffee75a0000 - 0x00007ffee75b8000 	c:\Users\Vishal\.vscode\extensions\redhat.java-1.55.0-win32-x64\jre\21.0.11-win32-x86_64\bin\jli.dll
0x00007ffee3950000 - 0x00007ffee396e000 	c:\Users\Vishal\.vscode\extensions\redhat.java-1.55.0-win32-x64\jre\21.0.11-win32-x86_64\bin\VCRUNTIME140.dll
0x00007ffef2fc0000 - 0x00007ffef3186000 	C:\WINDOWS\System32\USER32.dll
0x00007ffef1f30000 - 0x00007ffef1f57000 	C:\WINDOWS\System32\win32u.dll
0x00007ffef46f0000 - 0x00007ffef471b000 	C:\WINDOWS\System32\GDI32.dll
0x00007ffef1e00000 - 0x00007ffef1f29000 	C:\WINDOWS\System32\gdi32full.dll
0x00007ffef2400000 - 0x00007ffef24a3000 	C:\WINDOWS\System32\msvcp_win.dll
0x00007ffedc250000 - 0x00007ffedc4e1000 	C:\WINDOWS\WinSxS\amd64_microsoft.windows.common-controls_6595b64144ccf1df_6.0.26100.8972_none_3e0da176e32f9d4b\COMCTL32.dll
0x00007ffef2690000 - 0x00007ffef2739000 	C:\WINDOWS\System32\msvcrt.dll
0x00007ffef2840000 - 0x00007ffef2872000 	C:\WINDOWS\System32\IMM32.DLL
0x00007ffeec3f0000 - 0x00007ffeec3fc000 	c:\Users\Vishal\.vscode\extensions\redhat.java-1.55.0-win32-x64\jre\21.0.11-win32-x86_64\bin\vcruntime140_1.dll
0x00007ffedacf0000 - 0x00007ffedad7d000 	c:\Users\Vishal\.vscode\extensions\redhat.java-1.55.0-win32-x64\jre\21.0.11-win32-x86_64\bin\msvcp140.dll
0x00007ffe790b0000 - 0x00007ffe79e52000 	c:\Users\Vishal\.vscode\extensions\redhat.java-1.55.0-win32-x64\jre\21.0.11-win32-x86_64\bin\server\jvm.dll
0x00007ffef33d0000 - 0x00007ffef348c000 	C:\WINDOWS\System32\ADVAPI32.dll
0x00007ffef2e10000 - 0x00007ffef2eb9000 	C:\WINDOWS\System32\sechost.dll
0x00007ffef2940000 - 0x00007ffef2a58000 	C:\WINDOWS\System32\RPCRT4.dll
0x00007ffef36b0000 - 0x00007ffef3732000 	C:\WINDOWS\System32\WS2_32.dll
0x00007ffee9eb0000 - 0x00007ffee9ee6000 	C:\WINDOWS\SYSTEM32\WINMM.dll
0x00007ffef17f0000 - 0x00007ffef184e000 	C:\WINDOWS\SYSTEM32\POWRPROF.dll
0x00007ffeeab60000 - 0x00007ffeeab6b000 	C:\WINDOWS\SYSTEM32\VERSION.dll
0x00007ffef17d0000 - 0x00007ffef17e5000 	C:\WINDOWS\SYSTEM32\UMPDC.dll
0x00007ffef0680000 - 0x00007ffef069b000 	C:\WINDOWS\SYSTEM32\kernel.appcore.dll
0x00007ffeeaba0000 - 0x00007ffeeabaa000 	c:\Users\Vishal\.vscode\extensions\redhat.java-1.55.0-win32-x64\jre\21.0.11-win32-x86_64\bin\jimage.dll
0x00007ffeef1b0000 - 0x00007ffeef3f2000 	C:\WINDOWS\SYSTEM32\DBGHELP.DLL
0x00007ffef2a80000 - 0x00007ffef2e05000 	C:\WINDOWS\System32\combase.dll
0x00007ffef3560000 - 0x00007ffef3639000 	C:\WINDOWS\System32\OLEAUT32.dll
0x00007ffed9d00000 - 0x00007ffed9d3b000 	C:\WINDOWS\SYSTEM32\dbgcore.DLL
0x00007ffef1b20000 - 0x00007ffef1bcc000 	C:\WINDOWS\System32\bcryptPrimitives.dll
0x00007ffeea420000 - 0x00007ffeea42f000 	c:\Users\Vishal\.vscode\extensions\redhat.java-1.55.0-win32-x64\jre\21.0.11-win32-x86_64\bin\instrument.dll
0x00007ffee2280000 - 0x00007ffee22a0000 	c:\Users\Vishal\.vscode\extensions\redhat.java-1.55.0-win32-x64\jre\21.0.11-win32-x86_64\bin\java.dll
0x00007ffef37a0000 - 0x00007ffef3f28000 	C:\WINDOWS\System32\SHELL32.dll
0x00007ffeef430000 - 0x00007ffeefccb000 	C:\WINDOWS\SYSTEM32\windows.storage.dll
0x00007ffef2ec0000 - 0x00007ffef2fb9000 	C:\WINDOWS\System32\SHCORE.dll
0x00007ffef3640000 - 0x00007ffef36a6000 	C:\WINDOWS\System32\shlwapi.dll
0x00007ffef18b0000 - 0x00007ffef18d9000 	C:\WINDOWS\SYSTEM32\profapi.dll
0x00007ffedb710000 - 0x00007ffedb728000 	c:\Users\Vishal\.vscode\extensions\redhat.java-1.55.0-win32-x64\jre\21.0.11-win32-x86_64\bin\zip.dll
0x00007ffee75d0000 - 0x00007ffee75e0000 	C:\Users\Vishal\.vscode\extensions\redhat.java-1.55.0-win32-x64\jre\21.0.11-win32-x86_64\bin\net.dll
0x00007ffee9bc0000 - 0x00007ffee9ce7000 	C:\WINDOWS\SYSTEM32\WINHTTP.dll
0x00007ffef0c30000 - 0x00007ffef0c9c000 	C:\WINDOWS\system32\mswsock.dll
0x00007ffedb6f0000 - 0x00007ffedb706000 	C:\Users\Vishal\.vscode\extensions\redhat.java-1.55.0-win32-x64\jre\21.0.11-win32-x86_64\bin\nio.dll
0x00007ffee2a40000 - 0x00007ffee2a50000 	c:\Users\Vishal\.vscode\extensions\redhat.java-1.55.0-win32-x64\jre\21.0.11-win32-x86_64\bin\verify.dll
0x00007ffeda8e0000 - 0x00007ffeda925000 	C:\Users\Vishal\AppData\Roaming\Code\User\globalStorage\redhat.java\1.55.0\config_ss_win\org.eclipse.equinox.launcher\org.eclipse.equinox.launcher.win32.win32.x86_64_1.3.100.v20260613-0559\eclipse_11924.dll
0x00007ffef3f40000 - 0x00007ffef40d9000 	C:\WINDOWS\System32\ole32.dll
0x00007ffef0f20000 - 0x00007ffef0f3b000 	C:\WINDOWS\SYSTEM32\CRYPTSP.dll
0x00007ffef05e0000 - 0x00007ffef0619000 	C:\WINDOWS\system32\rsaenh.dll
0x00007ffef0ce0000 - 0x00007ffef0d12000 	C:\WINDOWS\SYSTEM32\USERENV.dll
0x00007ffef1880000 - 0x00007ffef18aa000 	C:\WINDOWS\SYSTEM32\bcrypt.dll
0x00007ffef0f40000 - 0x00007ffef0f4c000 	C:\WINDOWS\SYSTEM32\CRYPTBASE.dll
0x00007ffef0010000 - 0x00007ffef0043000 	C:\WINDOWS\SYSTEM32\IPHLPAPI.DLL
0x00007ffef4650000 - 0x00007ffef465a000 	C:\WINDOWS\System32\NSI.dll
0x00007ffeda7e0000 - 0x00007ffeda829000 	C:\Users\Vishal\AppData\Local\Temp\jna--1732361581\jna10441982343367526550.dll
0x00007ffef41b0000 - 0x00007ffef41b8000 	C:\WINDOWS\System32\PSAPI.DLL
0x00007ffee99d0000 - 0x00007ffee99ed000 	C:\WINDOWS\SYSTEM32\dhcpcsvc6.DLL
0x00007ffee99a0000 - 0x00007ffee99c5000 	C:\WINDOWS\SYSTEM32\dhcpcsvc.DLL

JVMTI agents:
c:\Users\Vishal\.vscode\extensions\redhat.java-1.55.0-win32-x64\lombok\lombok-1.18.39-4050.jar path:c:\Users\Vishal\.vscode\extensions\redhat.java-1.55.0-win32-x64\jre\21.0.11-win32-x86_64\bin\instrument.dll, loaded, initialized, instrumentlib options:none

dbghelp: loaded successfully - version: 4.0.5 - missing functions: none
symbol engine: initialized successfully - sym options: 0x614 - pdb path: .;c:\Users\Vishal\.vscode\extensions\redhat.java-1.55.0-win32-x64\jre\21.0.11-win32-x86_64\bin;C:\WINDOWS\SYSTEM32;C:\WINDOWS\WinSxS\amd64_microsoft.windows.common-controls_6595b64144ccf1df_6.0.26100.8972_none_3e0da176e32f9d4b;c:\Users\Vishal\.vscode\extensions\redhat.java-1.55.0-win32-x64\jre\21.0.11-win32-x86_64\bin\server;C:\Users\Vishal\AppData\Roaming\Code\User\globalStorage\redhat.java\1.55.0\config_ss_win\org.eclipse.equinox.launcher\org.eclipse.equinox.launcher.win32.win32.x86_64_1.3.100.v20260613-0559;C:\Users\Vishal\AppData\Local\Temp\jna--1732361581

VM Arguments:
jvm_args: --add-modules=ALL-SYSTEM --add-opens=java.base/java.util=ALL-UNNAMED --add-opens=java.base/java.lang=ALL-UNNAMED --add-opens=java.base/sun.nio.fs=ALL-UNNAMED -Declipse.application=org.eclipse.jdt.ls.core.id1 -Dosgi.bundles.defaultStartLevel=4 -Declipse.product=org.eclipse.jdt.ls.core.product -Djava.import.generatesMetadataFilesAtProjectRoot=false -DDetectVMInstallationsJob.disabled=true -Dfile.encoding=utf8 -XX:+UseParallelGC -XX:GCTimeRatio=4 -XX:AdaptiveSizePolicyWeight=90 -Dsun.zip.disableMemoryMapping=true -Xmx2G -Xms100m -Xlog:disable -javaagent:c:\Users\Vishal\.vscode\extensions\redhat.java-1.55.0-win32-x64\lombok\lombok-1.18.39-4050.jar 
java_command: c:\Users\Vishal\.vscode\extensions\redhat.java-1.55.0-win32-x64\server\plugins\org.eclipse.equinox.launcher_1.7.200.v20260619-2039.jar -configuration c:\Users\Vishal\AppData\Roaming\Code\User\globalStorage\redhat.java\1.55.0\config_ss_win -data c:\Users\Vishal\AppData\Roaming\Code\User\workspaceStorage\de52af6c379dfd7feac1f3ed59848b74\redhat.java\ss_ws --pipe=\\.\pipe\lsp-4789e0e8a97b9244d78833bb64f42a7f-sock
java_class_path (initial): c:\Users\Vishal\.vscode\extensions\redhat.java-1.55.0-win32-x64\server\plugins\org.eclipse.equinox.launcher_1.7.200.v20260619-2039.jar
Launcher Type: SUN_STANDARD

[Global flags]
    uintx AdaptiveSizePolicyWeight                 = 90                                        {product} {command line}
     intx CICompilerCount                          = 4                                         {product} {ergonomic}
    uintx GCTimeRatio                              = 4                                         {product} {command line}
   size_t InitialHeapSize                          = 104857600                                 {product} {command line}
   size_t MaxHeapSize                              = 2147483648                                {product} {command line}
   size_t MaxNewSize                               = 715653120                                 {product} {ergonomic}
   size_t MinHeapDeltaBytes                        = 524288                                    {product} {ergonomic}
   size_t MinHeapSize                              = 104857600                                 {product} {command line}
   size_t NewSize                                  = 34603008                                  {product} {ergonomic}
    uintx NonNMethodCodeHeapSize                   = 5839372                                {pd product} {ergonomic}
    uintx NonProfiledCodeHeapSize                  = 122909434                              {pd product} {ergonomic}
   size_t OldSize                                  = 70254592                                  {product} {ergonomic}
    uintx ProfiledCodeHeapSize                     = 122909434                              {pd product} {ergonomic}
    uintx ReservedCodeCacheSize                    = 251658240                              {pd product} {ergonomic}
     bool SegmentedCodeCache                       = true                                      {product} {ergonomic}
   size_t SoftMaxHeapSize                          = 2147483648                             {manageable} {ergonomic}
     bool UseCompressedOops                        = true                           {product lp64_product} {ergonomic}
     bool UseLargePagesIndividualAllocation        = false                                  {pd product} {ergonomic}
     bool UseParallelGC                            = true                                      {product} {command line}

Logging:
Log output configuration:
 #0: stdout all=off uptime,level,tags foldmultilines=false
 #1: stderr all=off uptime,level,tags foldmultilines=false

Release file:
JAVA_VERSION="21.0.11" 
MODULES="java.base java.compiler java.datatransfer java.xml java.prefs java.desktop java.instrument java.logging java.management java.security.sasl java.naming java.rmi java.management.rmi java.net.http java.scripting java.security.jgss java.transaction.xa java.sql java.sql.rowset java.xml.crypto java.se java.smartcardio jdk.accessibility jdk.internal.jvmstat jdk.attach jdk.charsets jdk.internal.opt jdk.zipfs jdk.compiler jdk.crypto.ec jdk.crypto.cryptoki jdk.crypto.mscapi jdk.dynalink jdk.internal.ed jdk.editpad jdk.hotspot.agent jdk.httpserver jdk.internal.le jdk.internal.vm.ci jdk.internal.vm.compiler jdk.internal.vm.compiler.management jdk.jartool jdk.javadoc jdk.jcmd jdk.management jdk.management.agent jdk.jconsole jdk.jdeps jdk.jdwp.agent jdk.jdi jdk.jfr jdk.jshell jdk.jsobject jdk.jstatd jdk.localedata jdk.management.jfr jdk.naming.dns jdk.naming.rmi jdk.net jdk.nio.mapmode jdk.random jdk.sctp jdk.security.auth jdk.security.jgss jdk.unsupported jdk.unsupported.desktop jdk.xml.dom" 

Environment Variables:
PATH=C:\Program Files\Common Files\Oracle\Java\javapath;C:\WINDOWS\system32;C:\WINDOWS;C:\WINDOWS\System32\Wbem;C:\WINDOWS\System32\WindowsPowerShell\v1.0\;C:\WINDOWS\System32\OpenSSH\;C:\Program Files\nodejs\;C:\Program Files\dotnet\;C:\Program Files\Java\jdk-23\bin;C:\Program Files\Java;C:\Program Files\Git\cmd;C:\Program Files\Git\mingw64\bin;C:\Program Files\Git\usr\bin;C:\Program Files\Docker\Docker\resources\bin;C:\Users\Vishal\AppData\Local\Programs\Python\Python313\Scripts\;C:\Users\Vishal\AppData\Local\Programs\Python\Python313\;C:\Users\Vishal\AppData\Local\Programs\Python\Launcher\;C:\Users\Vishal\AppData\Local\Microsoft\WindowsApps;C:\Users\Vishal\AppData\Local\Programs\Microsoft VS Code\bin;C:\MinGW\bin;C:\Users\Vishal\AppData\Roaming\npm;C:\Users\Vishal\AppData\Local\GitHubDesktop\bin;C:\Program Files\JetBrains\PyCharm 2025.2.4\bin;C:\Users\Vishal\AppData\Local\Programs\Antigravity\bin;C:\Users\Vishal\AppData\Local\Programs\Antigravity IDE\bin;C:\Users\Vishal\Downloads\apache-maven-3.9.16-bin (1)\apache-maven-3.9.16\bin;
USERNAME=Vishal
OS=Windows_NT
PROCESSOR_IDENTIFIER=AMD64 Family 23 Model 104 Stepping 1, AuthenticAMD
TMP=C:\Users\Vishal\AppData\Local\Temp
TEMP=C:\Users\Vishal\AppData\Local\Temp




Periodic native trim disabled

---------------  S Y S T E M  ---------------

OS:
 Windows 11 , 64 bit Build 26100 (10.0.26100.8972)
OS uptime: 9 days 6:28 hours
Hyper-V role detected

CPU: total 12 (initial active 12) (12 cores per cpu, 2 threads per core) family 23 model 104 stepping 1 microcode 0x8608109, cx8, cmov, fxsr, ht, mmx, 3dnowpref, sse, sse2, sse3, ssse3, sse4a, sse4.1, sse4.2, popcnt, lzcnt, tsc, tscinvbit, avx, avx2, aes, clmul, bmi1, bmi2, adx, sha, fma, vzeroupper, clflush, clflushopt, hv, rdtscp, rdpid, f16c
Processor Information for the first 12 processors :
  Max Mhz: 2100, Current Mhz: 2100, Mhz Limit: 2100

Memory: 4k page, system-wide physical 5989M (325M free)
TotalPageFile size 24421M (AvailPageFile size 2M)
current process WorkingSet (physical memory assigned to process): 182M, peak: 182M
current process commit charge ("private bytes"): 303M, peak: 304M

vm_info: OpenJDK 64-Bit Server VM (21.0.11+10-LTS) for windows-amd64 JRE (21.0.11+10-LTS), built on 2026-04-21T00:00:00Z by "admin" with MS VC++ 17.12 (VS2022)

END.
