#
# There is insufficient memory for the Java Runtime Environment to continue.
# Native memory allocation (malloc) failed to allocate 1504976 bytes. Error detail: Chunk::new
# Possible reasons:
#   The system is out of physical RAM or swap space
#   This process is running with CompressedOops enabled, and the Java Heap may be blocking the growth of the native heap
# Possible solutions:
#   Reduce memory load on the system
#   Increase physical memory or swap space
#   Check if swap backing store is full
#   Decrease Java heap size (-Xmx/-Xms)
#   Decrease number of Java threads
#   Decrease Java thread stack sizes (-Xss)
#   Set larger code cache with -XX:ReservedCodeCacheSize=
#   JVM is running with Unscaled Compressed Oops mode in which the Java heap is
#     placed in the first 4GB address space. The Java Heap base address is the
#     maximum limit for the native heap growth. Please use -XX:HeapBaseMinAddress
#     to set the Java Heap base and to place the Java Heap above 4GB virtual address.
# This output file may be truncated or incomplete.
#
#  Out of Memory Error (arena.cpp:168), pid=10664, tid=14556
#
# JRE version: OpenJDK Runtime Environment Temurin-21.0.11+10 (21.0.11+10) (build 21.0.11+10-LTS)
# Java VM: OpenJDK 64-Bit Server VM Temurin-21.0.11+10 (21.0.11+10-LTS, mixed mode, sharing, tiered, compressed oops, compressed class ptrs, parallel gc, windows-amd64)
# No core dump will be written. Minidumps are not enabled by default on client versions of Windows
#

---------------  S U M M A R Y ------------

Command Line: --add-modules=ALL-SYSTEM --add-opens=java.base/java.util=ALL-UNNAMED --add-opens=java.base/java.lang=ALL-UNNAMED --add-opens=java.base/sun.nio.fs=ALL-UNNAMED -Declipse.application=org.eclipse.jdt.ls.core.id1 -Dosgi.bundles.defaultStartLevel=4 -Declipse.product=org.eclipse.jdt.ls.core.product -Djava.import.generatesMetadataFilesAtProjectRoot=false -DDetectVMInstallationsJob.disabled=true -Dfile.encoding=utf8 -XX:+UseParallelGC -XX:GCTimeRatio=4 -XX:AdaptiveSizePolicyWeight=90 -Dsun.zip.disableMemoryMapping=true -Xmx2G -Xms100m -Xlog:disable -javaagent:c:\Users\Vishal\.vscode\extensions\redhat.java-1.55.0-win32-x64\lombok\lombok-1.18.39-4050.jar c:\Users\Vishal\.vscode\extensions\redhat.java-1.55.0-win32-x64\server\plugins\org.eclipse.equinox.launcher_1.7.200.v20260619-2039.jar -configuration c:\Users\Vishal\AppData\Roaming\Code\User\globalStorage\redhat.java\1.55.0\config_ss_win -data c:\Users\Vishal\AppData\Roaming\Code\User\workspaceStorage\de52af6c379dfd7feac1f3ed59848b74\redhat.java\ss_ws --pipe=\\.\pipe\lsp-e0b89fa75835ff1bc050dcfa76af0283-sock

Host: AMD Ryzen 5 5500U with Radeon Graphics         , 12 cores, 5G,  Windows 11 , 64 bit Build 26100 (10.0.26100.8972)
Time: Sat Aug  8 19:59:41 2026 India Standard Time elapsed time: 7.140516 seconds (0d 0h 0m 7s)

---------------  T H R E A D  ---------------

Current thread (0x0000021875018360):  JavaThread "C2 CompilerThread0" daemon [_thread_in_native, id=14556, stack(0x000000ba58600000,0x000000ba58700000) (1024K)]


Current CompileTask:
C2:7140 2540       4       java.lang.invoke.MethodType::makeImpl (109 bytes)

Stack: [0x000000ba58600000,0x000000ba58700000]
Native frames: (J=compiled Java code, j=interpreted, Vv=VM code, C=native code)
V  [jvm.dll+0x6d7e19]
V  [jvm.dll+0x8b5096]
V  [jvm.dll+0x8b764e]
V  [jvm.dll+0x8b7d33]
V  [jvm.dll+0x284596]
V  [jvm.dll+0xc685d]
V  [jvm.dll+0xc6da1]
V  [jvm.dll+0x3bed31]
V  [jvm.dll+0x38b2b2]
V  [jvm.dll+0x38a6fa]
V  [jvm.dll+0x24c700]
V  [jvm.dll+0x24bce0]
V  [jvm.dll+0x1cb4ae]
V  [jvm.dll+0x25baad]
V  [jvm.dll+0x25a03a]
V  [jvm.dll+0x3f868e]
V  [jvm.dll+0x85fb0d]
V  [jvm.dll+0x6d664d]
C  [ucrtbase.dll+0x2cd30]
C  [KERNEL32.DLL+0x2ccb7]
C  [ntdll.dll+0xaad6c]


---------------  P R O C E S S  ---------------

Threads class SMR info:
_java_thread_list=0x000002187aa2d7a0, length=19, elements={
0x000002185d30d480, 0x000002185d3a4fd0, 0x000002185d3a7910, 0x000002185d3b59d0,
0x000002185d3b4cb0, 0x000002185d3b3270, 0x000002185d3b3f90, 0x0000021875018360,
0x000002187501b7f0, 0x000002185d3b3900, 0x000002185d3b6060, 0x000002185d3b2be0,
0x000002185d3b4620, 0x000002185d3b5340, 0x000002187a61bdf0, 0x000002187a61b760,
0x000002187a61c480, 0x000002187a619000, 0x000002187a61a3b0
}

Java Threads: ( => current thread )
  0x000002185d30d480 JavaThread "main"                              [_thread_blocked, id=23924, stack(0x000000ba57c00000,0x000000ba57d00000) (1024K)]
  0x000002185d3a4fd0 JavaThread "Reference Handler"          daemon [_thread_blocked, id=372, stack(0x000000ba58000000,0x000000ba58100000) (1024K)]
  0x000002185d3a7910 JavaThread "Finalizer"                  daemon [_thread_blocked, id=33444, stack(0x000000ba58100000,0x000000ba58200000) (1024K)]
  0x000002185d3b59d0 JavaThread "Signal Dispatcher"          daemon [_thread_blocked, id=11076, stack(0x000000ba58200000,0x000000ba58300000) (1024K)]
  0x000002185d3b4cb0 JavaThread "Attach Listener"            daemon [_thread_blocked, id=26928, stack(0x000000ba58300000,0x000000ba58400000) (1024K)]
  0x000002185d3b3270 JavaThread "Service Thread"             daemon [_thread_blocked, id=22540, stack(0x000000ba58400000,0x000000ba58500000) (1024K)]
  0x000002185d3b3f90 JavaThread "Monitor Deflation Thread"   daemon [_thread_blocked, id=22004, stack(0x000000ba58500000,0x000000ba58600000) (1024K)]
=>0x0000021875018360 JavaThread "C2 CompilerThread0"         daemon [_thread_in_native, id=14556, stack(0x000000ba58600000,0x000000ba58700000) (1024K)]
  0x000002187501b7f0 JavaThread "C1 CompilerThread0"         daemon [_thread_blocked, id=35368, stack(0x000000ba58700000,0x000000ba58800000) (1024K)]
  0x000002185d3b3900 JavaThread "Common-Cleaner"             daemon [_thread_blocked, id=34276, stack(0x000000ba58800000,0x000000ba58900000) (1024K)]
  0x000002185d3b6060 JavaThread "Notification Thread"        daemon [_thread_blocked, id=33620, stack(0x000000ba58900000,0x000000ba58a00000) (1024K)]
  0x000002185d3b2be0 JavaThread "Active Thread: Equinox Container: 484ebf62-cb7e-4446-9032-0e112407e7a4"        [_thread_blocked, id=21244, stack(0x000000ba59000000,0x000000ba59100000) (1024K)]
  0x000002185d3b4620 JavaThread "Framework Event Dispatcher: Equinox Container: 484ebf62-cb7e-4446-9032-0e112407e7a4" daemon [_thread_blocked, id=16876, stack(0x000000ba59100000,0x000000ba59200000) (1024K)]
  0x000002185d3b5340 JavaThread "Start Level: Equinox Container: 484ebf62-cb7e-4446-9032-0e112407e7a4" daemon [_thread_in_vm, id=32796, stack(0x000000ba59200000,0x000000ba59300000) (1024K)]
  0x000002187a61bdf0 JavaThread "SCR Component Actor"        daemon [_thread_blocked, id=34960, stack(0x000000ba59400000,0x000000ba59500000) (1024K)]
  0x000002187a61b760 JavaThread "Worker-JM"                         [_thread_blocked, id=32332, stack(0x000000ba59500000,0x000000ba59600000) (1024K)]
  0x000002187a61c480 JavaThread "JNA Cleaner"                daemon [_thread_blocked, id=5428, stack(0x000000ba59800000,0x000000ba59900000) (1024K)]
  0x000002187a619000 JavaThread "Worker-0"                          [_thread_blocked, id=2800, stack(0x000000ba59900000,0x000000ba59a00000) (1024K)]
  0x000002187a61a3b0 JavaThread "Worker-1"                          [_thread_blocked, id=21536, stack(0x000000ba59a00000,0x000000ba59b00000) (1024K)]
Total: 19

Other Threads:
  0x000002185d294be0 VMThread "VM Thread"                           [id=7816, stack(0x000000ba57f00000,0x000000ba58000000) (1024K)]
  0x000002185d18ca00 WatcherThread "VM Periodic Task Thread"        [id=23476, stack(0x000000ba57e00000,0x000000ba57f00000) (1024K)]
  0x000002185d31e9a0 WorkerThread "GC Thread#0"                     [id=33136, stack(0x000000ba57d00000,0x000000ba57e00000) (1024K)]
  0x000002187a2933d0 WorkerThread "GC Thread#1"                     [id=26596, stack(0x000000ba58a00000,0x000000ba58b00000) (1024K)]
  0x000002187a2942f0 WorkerThread "GC Thread#2"                     [id=24916, stack(0x000000ba58b00000,0x000000ba58c00000) (1024K)]
  0x0000021875346d40 WorkerThread "GC Thread#3"                     [id=27276, stack(0x000000ba58c00000,0x000000ba58d00000) (1024K)]
  0x00000218753470f0 WorkerThread "GC Thread#4"                     [id=7360, stack(0x000000ba58d00000,0x000000ba58e00000) (1024K)]
  0x000002187a0ab2e0 WorkerThread "GC Thread#5"                     [id=34208, stack(0x000000ba58e00000,0x000000ba58f00000) (1024K)]
  0x000002187a0aab80 WorkerThread "GC Thread#6"                     [id=11108, stack(0x000000ba58f00000,0x000000ba59000000) (1024K)]
  0x000002187a0ab690 WorkerThread "GC Thread#7"                     [id=16744, stack(0x000000ba59300000,0x000000ba59400000) (1024K)]
  0x000002187a0aaf30 WorkerThread "GC Thread#8"                     [id=32380, stack(0x000000ba59600000,0x000000ba59700000) (1024K)]
  0x000002187a0aa420 WorkerThread "GC Thread#9"                     [id=32504, stack(0x000000ba59700000,0x000000ba59800000) (1024K)]
Total: 12

Threads with active compile tasks:
C2 CompilerThread0  7173 2540       4       java.lang.invoke.MethodType::makeImpl (109 bytes)
Total: 1

VM state: not at safepoint (normal execution)

VM Mutex/Monitor currently owned by a thread:  ([mutex/lock_event])
[0x00007ffe8b8ad4f0] Metaspace_lock - owner thread: 0x000002185d3b5340

Heap address: 0x0000000080000000, size: 2048 MB, Compressed Oops mode: 32-bit

CDS archive(s) mapped at: [0x0000021800000000-0x0000021800ba0000-0x0000021800ba0000), size 12189696, SharedBaseAddress: 0x0000021800000000, ArchiveRelocationMode: 1.
Compressed class space mapped at: 0x0000021801000000-0x0000021841000000, reserved size: 1073741824
Narrow klass base: 0x0000021800000000, Narrow klass shift: 0, Narrow klass range: 0x100000000

GC Precious Log:
 CardTable entry size: 512
 CPUs: 12 total, 12 available
 Memory: 5989M
 Large Page Support: Disabled
 NUMA Support: Disabled
 Compressed Oops: Enabled (32-bit)
 Alignments: Space 512K, Generation 512K, Heap 2M
 Heap Min Capacity: 100M
 Heap Initial Capacity: 100M
 Heap Max Capacity: 2G
 Pre-touch: Disabled
 Parallel Workers: 10

Heap:
 PSYoungGen      total 29696K, used 18384K [0x00000000d5580000, 0x00000000d7680000, 0x0000000100000000)
  eden space 25600K, 55% used [0x00000000d5580000,0x00000000d6375590,0x00000000d6e80000)
  from space 4096K, 99% used [0x00000000d7280000,0x00000000d767eb48,0x00000000d7680000)
  to   space 4096K, 0% used [0x00000000d6e80000,0x00000000d6e80000,0x00000000d7280000)
 ParOldGen       total 68608K, used 4460K [0x0000000080000000, 0x0000000084300000, 0x00000000d5580000)
  object space 68608K, 6% used [0x0000000080000000,0x000000008045b158,0x0000000084300000)
 Metaspace       used 17970K, committed 18624K, reserved 1114112K
  class space    used 1864K, committed 2176K, reserved 1048576K

Card table byte_map: [0x000002185cca0000,0x000002185d0b0000] _byte_map_base: 0x000002185c8a0000

Marking Bits: (ParMarkBitMap*) 0x00007ffe8b8b4460
 Begin Bits: [0x000002186f7b0000, 0x00000218717b0000)
 End Bits:   [0x00000218717b0000, 0x00000218737b0000)

Polling page: 0x000002185b160000

Metaspace:

Usage:
  Non-class:     15.73 MB used.
      Class:      1.82 MB used.
       Both:     17.55 MB used.

Virtual space:
  Non-class space:       64.00 MB reserved,      16.06 MB ( 25%) committed,  1 nodes.
      Class space:        1.00 GB reserved,       2.12 MB ( <1%) committed,  1 nodes.
             Both:        1.06 GB reserved,      18.19 MB (  2%) committed. 

Chunk freelists:
   Non-Class:  15.55 MB
       Class:  13.85 MB
        Both:  29.40 MB

MaxMetaspaceSize: unlimited
CompressedClassSpaceSize: 1.00 GB
Initial GC threshold: 21.00 MB
Current GC threshold: 21.00 MB
CDS: on
 - commit_granule_bytes: 65536.
 - commit_granule_words: 8192.
 - virtual_space_node_default_size: 8388608.
 - enlarge_chunks_in_place: 1.
 - use_allocation_guard: 0.


Internal statistics:

num_allocs_failed_limit: 0.
num_arena_births: 506.
num_arena_deaths: 0.
num_vsnodes_births: 2.
num_vsnodes_deaths: 0.
num_space_committed: 291.
num_space_uncommitted: 0.
num_chunks_returned_to_freelist: 0.
num_chunks_taken_from_freelist: 1183.
num_chunk_merges: 0.
num_chunk_splits: 749.
num_chunks_enlarged: 471.
num_inconsistent_stats: 0.

CodeHeap 'non-profiled nmethods': size=120000Kb used=1022Kb max_used=1022Kb free=118977Kb
 bounds [0x0000021867fd0000, 0x0000021868240000, 0x000002186f500000]
CodeHeap 'profiled nmethods': size=120000Kb used=5062Kb max_used=5062Kb free=114937Kb
 bounds [0x0000021860500000, 0x0000021860a00000, 0x0000021867a30000]
CodeHeap 'non-nmethods': size=5760Kb used=1275Kb max_used=1290Kb free=4484Kb
 bounds [0x0000021867a30000, 0x0000021867ca0000, 0x0000021867fd0000]
CodeCache: size=245760Kb, used=7359Kb, max_used=7374Kb, free=238398Kb
 total_blobs=3184, nmethods=2634, adapters=456, full_count=0
Compilation: enabled, stopped_count=0, restarted_count=0

Compilation events (20 events):
Event: 6.111 Thread 0x000002187501b7f0 2639       3       org.lombokweb.asm.Type::hashCode (68 bytes)
Event: 6.112 Thread 0x000002187501b7f0 nmethod 2639 0x00000218609ed310 code [0x00000218609ed520, 0x00000218609edc10]
Event: 6.112 Thread 0x000002187501b7f0 2641       3       org.lombokweb.asm.ClassReader::createDebugLabel (23 bytes)
Event: 6.112 Thread 0x000002187501b7f0 nmethod 2641 0x00000218609edf10 code [0x00000218609ee0e0, 0x00000218609ee550]
Event: 6.113 Thread 0x000002187501b7f0 2642       3       org.lombokweb.asm.Label::accept (69 bytes)
Event: 6.113 Thread 0x000002187501b7f0 nmethod 2642 0x00000218609ee710 code [0x00000218609ee900, 0x00000218609eee38]
Event: 6.113 Thread 0x000002187501b7f0 2640       3       org.lombokweb.asm.SymbolTable::hash (7 bytes)
Event: 6.113 Thread 0x000002187501b7f0 nmethod 2640 0x00000218609ef010 code [0x00000218609ef1a0, 0x00000218609ef298]
Event: 6.125 Thread 0x000002187501b7f0 2643       3       jdk.internal.org.objectweb.asm.FieldWriter::computeFieldInfoSize (86 bytes)
Event: 6.125 Thread 0x000002187501b7f0 nmethod 2643 0x00000218609ef310 code [0x00000218609ef500, 0x00000218609ef7e0]
Event: 6.125 Thread 0x000002187501b7f0 2645       3       jdk.internal.org.objectweb.asm.SymbolTable::putBootstrapMethods (56 bytes)
Event: 6.126 Thread 0x000002187501b7f0 nmethod 2645 0x00000218609ef910 code [0x00000218609efb20, 0x00000218609efe40]
Event: 6.126 Thread 0x000002187501b7f0 2644       3       jdk.internal.org.objectweb.asm.FieldWriter::putFieldInfo (269 bytes)
Event: 6.127 Thread 0x000002187501b7f0 nmethod 2644 0x00000218609f0010 code [0x00000218609f02a0, 0x00000218609f0b90]
Event: 7.044 Thread 0x000002187501b7f0 2647       2       java.util.HashSet::isEmpty (8 bytes)
Event: 7.044 Thread 0x000002187501b7f0 nmethod 2647 0x00000218609f0f10 code [0x00000218609f10a0, 0x00000218609f11c8]
Event: 7.044 Thread 0x000002187501b7f0 2648       1       org.eclipse.core.internal.jobs.InternalJob::previous (5 bytes)
Event: 7.045 Thread 0x000002187501b7f0 nmethod 2648 0x00000218680cf090 code [0x00000218680cf220, 0x00000218680cf2e8]
Event: 7.045 Thread 0x000002187501b7f0 2649       1       org.eclipse.core.internal.dtree.DataDeltaNode::isDelta (2 bytes)
Event: 7.045 Thread 0x000002187501b7f0 nmethod 2649 0x00000218680cf390 code [0x00000218680cf520, 0x00000218680cf5e8]

GC Heap History (8 events):
Event: 1.420 GC heap before
{Heap before GC invocations=1 (full 0):
 PSYoungGen      total 29696K, used 25600K [0x00000000d5580000, 0x00000000d7680000, 0x0000000100000000)
  eden space 25600K, 100% used [0x00000000d5580000,0x00000000d6e80000,0x00000000d6e80000)
  from space 4096K, 0% used [0x00000000d7280000,0x00000000d7280000,0x00000000d7680000)
  to   space 4096K, 0% used [0x00000000d6e80000,0x00000000d6e80000,0x00000000d7280000)
 ParOldGen       total 68608K, used 0K [0x0000000080000000, 0x0000000084300000, 0x00000000d5580000)
  object space 68608K, 0% used [0x0000000080000000,0x0000000080000000,0x0000000084300000)
 Metaspace       used 4353K, committed 4608K, reserved 1114112K
  class space    used 475K, committed 576K, reserved 1048576K
}
Event: 1.438 GC heap after
{Heap after GC invocations=1 (full 0):
 PSYoungGen      total 29696K, used 3271K [0x00000000d5580000, 0x00000000d7680000, 0x0000000100000000)
  eden space 25600K, 0% used [0x00000000d5580000,0x00000000d5580000,0x00000000d6e80000)
  from space 4096K, 79% used [0x00000000d6e80000,0x00000000d71b1e98,0x00000000d7280000)
  to   space 4096K, 0% used [0x00000000d7280000,0x00000000d7280000,0x00000000d7680000)
 ParOldGen       total 68608K, used 16K [0x0000000080000000, 0x0000000084300000, 0x00000000d5580000)
  object space 68608K, 0% used [0x0000000080000000,0x0000000080004000,0x0000000084300000)
 Metaspace       used 4353K, committed 4608K, reserved 1114112K
  class space    used 475K, committed 576K, reserved 1048576K
}
Event: 2.449 GC heap before
{Heap before GC invocations=2 (full 0):
 PSYoungGen      total 29696K, used 28871K [0x00000000d5580000, 0x00000000d7680000, 0x0000000100000000)
  eden space 25600K, 100% used [0x00000000d5580000,0x00000000d6e80000,0x00000000d6e80000)
  from space 4096K, 79% used [0x00000000d6e80000,0x00000000d71b1e98,0x00000000d7280000)
  to   space 4096K, 0% used [0x00000000d7280000,0x00000000d7280000,0x00000000d7680000)
 ParOldGen       total 68608K, used 16K [0x0000000080000000, 0x0000000084300000, 0x00000000d5580000)
  object space 68608K, 0% used [0x0000000080000000,0x0000000080004000,0x0000000084300000)
 Metaspace       used 8138K, committed 8384K, reserved 1114112K
  class space    used 859K, committed 960K, reserved 1048576K
}
Event: 2.458 GC heap after
{Heap after GC invocations=2 (full 0):
 PSYoungGen      total 29696K, used 4093K [0x00000000d5580000, 0x00000000d7680000, 0x0000000100000000)
  eden space 25600K, 0% used [0x00000000d5580000,0x00000000d5580000,0x00000000d6e80000)
  from space 4096K, 99% used [0x00000000d7280000,0x00000000d767f550,0x00000000d7680000)
  to   space 4096K, 0% used [0x00000000d6e80000,0x00000000d6e80000,0x00000000d7280000)
 ParOldGen       total 68608K, used 1039K [0x0000000080000000, 0x0000000084300000, 0x00000000d5580000)
  object space 68608K, 1% used [0x0000000080000000,0x0000000080103de8,0x0000000084300000)
 Metaspace       used 8138K, committed 8384K, reserved 1114112K
  class space    used 859K, committed 960K, reserved 1048576K
}
Event: 3.577 GC heap before
{Heap before GC invocations=3 (full 0):
 PSYoungGen      total 29696K, used 29693K [0x00000000d5580000, 0x00000000d7680000, 0x0000000100000000)
  eden space 25600K, 100% used [0x00000000d5580000,0x00000000d6e80000,0x00000000d6e80000)
  from space 4096K, 99% used [0x00000000d7280000,0x00000000d767f550,0x00000000d7680000)
  to   space 4096K, 0% used [0x00000000d6e80000,0x00000000d6e80000,0x00000000d7280000)
 ParOldGen       total 68608K, used 1039K [0x0000000080000000, 0x0000000084300000, 0x00000000d5580000)
  object space 68608K, 1% used [0x0000000080000000,0x0000000080103de8,0x0000000084300000)
 Metaspace       used 12958K, committed 13440K, reserved 1114112K
  class space    used 1370K, committed 1600K, reserved 1048576K
}
Event: 3.585 GC heap after
{Heap after GC invocations=3 (full 0):
 PSYoungGen      total 29696K, used 4082K [0x00000000d5580000, 0x00000000d7680000, 0x0000000100000000)
  eden space 25600K, 0% used [0x00000000d5580000,0x00000000d5580000,0x00000000d6e80000)
  from space 4096K, 99% used [0x00000000d6e80000,0x00000000d727cbc8,0x00000000d7280000)
  to   space 4096K, 0% used [0x00000000d7280000,0x00000000d7280000,0x00000000d7680000)
 ParOldGen       total 68608K, used 2783K [0x0000000080000000, 0x0000000084300000, 0x00000000d5580000)
  object space 68608K, 4% used [0x0000000080000000,0x00000000802b7f20,0x0000000084300000)
 Metaspace       used 12958K, committed 13440K, reserved 1114112K
  class space    used 1370K, committed 1600K, reserved 1048576K
}
Event: 6.018 GC heap before
{Heap before GC invocations=4 (full 0):
 PSYoungGen      total 29696K, used 29682K [0x00000000d5580000, 0x00000000d7680000, 0x0000000100000000)
  eden space 25600K, 100% used [0x00000000d5580000,0x00000000d6e80000,0x00000000d6e80000)
  from space 4096K, 99% used [0x00000000d6e80000,0x00000000d727cbc8,0x00000000d7280000)
  to   space 4096K, 0% used [0x00000000d7280000,0x00000000d7280000,0x00000000d7680000)
 ParOldGen       total 68608K, used 2783K [0x0000000080000000, 0x0000000084300000, 0x00000000d5580000)
  object space 68608K, 4% used [0x0000000080000000,0x00000000802b7f20,0x0000000084300000)
 Metaspace       used 17167K, committed 17856K, reserved 1114112K
  class space    used 1812K, committed 2112K, reserved 1048576K
}
Event: 6.024 GC heap after
{Heap after GC invocations=4 (full 0):
 PSYoungGen      total 29696K, used 4090K [0x00000000d5580000, 0x00000000d7680000, 0x0000000100000000)
  eden space 25600K, 0% used [0x00000000d5580000,0x00000000d5580000,0x00000000d6e80000)
  from space 4096K, 99% used [0x00000000d7280000,0x00000000d767eb48,0x00000000d7680000)
  to   space 4096K, 0% used [0x00000000d6e80000,0x00000000d6e80000,0x00000000d7280000)
 ParOldGen       total 68608K, used 4460K [0x0000000080000000, 0x0000000084300000, 0x00000000d5580000)
  object space 68608K, 6% used [0x0000000080000000,0x000000008045b158,0x0000000084300000)
 Metaspace       used 17167K, committed 17856K, reserved 1114112K
  class space    used 1812K, committed 2112K, reserved 1048576K
}

Dll operation events (10 events):
Event: 0.078 Loaded shared library c:\Users\Vishal\.vscode\extensions\redhat.java-1.55.0-win32-x64\jre\21.0.11-win32-x86_64\bin\java.dll
Event: 0.259 Loaded shared library c:\Users\Vishal\.vscode\extensions\redhat.java-1.55.0-win32-x64\jre\21.0.11-win32-x86_64\bin\zip.dll
Event: 0.297 Loaded shared library C:\Users\Vishal\.vscode\extensions\redhat.java-1.55.0-win32-x64\jre\21.0.11-win32-x86_64\bin\instrument.dll
Event: 0.308 Loaded shared library C:\Users\Vishal\.vscode\extensions\redhat.java-1.55.0-win32-x64\jre\21.0.11-win32-x86_64\bin\net.dll
Event: 0.315 Loaded shared library C:\Users\Vishal\.vscode\extensions\redhat.java-1.55.0-win32-x64\jre\21.0.11-win32-x86_64\bin\nio.dll
Event: 0.321 Loaded shared library C:\Users\Vishal\.vscode\extensions\redhat.java-1.55.0-win32-x64\jre\21.0.11-win32-x86_64\bin\zip.dll
Event: 0.358 Loaded shared library C:\Users\Vishal\.vscode\extensions\redhat.java-1.55.0-win32-x64\jre\21.0.11-win32-x86_64\bin\jimage.dll
Event: 0.510 Loaded shared library c:\Users\Vishal\.vscode\extensions\redhat.java-1.55.0-win32-x64\jre\21.0.11-win32-x86_64\bin\verify.dll
Event: 2.428 Loaded shared library C:\Users\Vishal\AppData\Roaming\Code\User\globalStorage\redhat.java\1.55.0\config_ss_win\org.eclipse.equinox.launcher\org.eclipse.equinox.launcher.win32.win32.x86_64_1.3.100.v20260613-0559\eclipse_11924.dll
Event: 5.570 Loaded shared library C:\Users\Vishal\AppData\Local\Temp\jna--1732361581\jna16138417789302494559.dll

Deoptimization events (20 events):
Event: 5.948 Thread 0x000002185d3b5340 Uncommon trap: trap_request=0xffffffde fr.pc=0x00000218680b1a94 relative=0x00000000000003b4
Event: 5.948 Thread 0x000002185d3b5340 Uncommon trap: reason=class_check action=maybe_recompile pc=0x00000218680b1a94 method=java.util.regex.Pattern$BmpCharPropertyGreedy.match(Ljava/util/regex/Matcher;ILjava/lang/CharSequence;)Z @ 70 c2
Event: 5.948 Thread 0x000002185d3b5340 DEOPT PACKING pc=0x00000218680b1a94 sp=0x000000ba592ef3c0
Event: 5.948 Thread 0x000002185d3b5340 DEOPT UNPACKING pc=0x0000021867a83aa2 sp=0x000000ba592ef368 mode 2
Event: 5.948 Thread 0x000002185d3b5340 Uncommon trap: trap_request=0xffffffde fr.pc=0x00000218680b1a94 relative=0x00000000000003b4
Event: 5.948 Thread 0x000002185d3b5340 Uncommon trap: reason=class_check action=maybe_recompile pc=0x00000218680b1a94 method=java.util.regex.Pattern$BmpCharPropertyGreedy.match(Ljava/util/regex/Matcher;ILjava/lang/CharSequence;)Z @ 70 c2
Event: 5.948 Thread 0x000002185d3b5340 DEOPT PACKING pc=0x00000218680b1a94 sp=0x000000ba592ef580
Event: 5.948 Thread 0x000002185d3b5340 DEOPT UNPACKING pc=0x0000021867a83aa2 sp=0x000000ba592ef528 mode 2
Event: 5.948 Thread 0x000002185d3b5340 Uncommon trap: trap_request=0xffffffde fr.pc=0x00000218680b1a94 relative=0x00000000000003b4
Event: 5.948 Thread 0x000002185d3b5340 Uncommon trap: reason=class_check action=maybe_recompile pc=0x00000218680b1a94 method=java.util.regex.Pattern$BmpCharPropertyGreedy.match(Ljava/util/regex/Matcher;ILjava/lang/CharSequence;)Z @ 70 c2
Event: 5.948 Thread 0x000002185d3b5340 DEOPT PACKING pc=0x00000218680b1a94 sp=0x000000ba592ef3d0
Event: 5.948 Thread 0x000002185d3b5340 DEOPT UNPACKING pc=0x0000021867a83aa2 sp=0x000000ba592ef378 mode 2
Event: 6.014 Thread 0x000002185d3b5340 Uncommon trap: trap_request=0xffffffde fr.pc=0x00000218680c48b4 relative=0x0000000000000374
Event: 6.014 Thread 0x000002185d3b5340 Uncommon trap: reason=class_check action=maybe_recompile pc=0x00000218680c48b4 method=java.lang.String.<init>(Ljava/lang/AbstractStringBuilder;Ljava/lang/Void;)V @ 10 c2
Event: 6.014 Thread 0x000002185d3b5340 DEOPT PACKING pc=0x00000218680c48b4 sp=0x000000ba592f8460
Event: 6.014 Thread 0x000002185d3b5340 DEOPT UNPACKING pc=0x0000021867a83aa2 sp=0x000000ba592f8430 mode 2
Event: 6.014 Thread 0x000002185d3b5340 Uncommon trap: trap_request=0xffffffde fr.pc=0x00000218680c48b4 relative=0x0000000000000374
Event: 6.014 Thread 0x000002185d3b5340 Uncommon trap: reason=class_check action=maybe_recompile pc=0x00000218680c48b4 method=java.lang.String.<init>(Ljava/lang/AbstractStringBuilder;Ljava/lang/Void;)V @ 10 c2
Event: 6.014 Thread 0x000002185d3b5340 DEOPT PACKING pc=0x00000218680c48b4 sp=0x000000ba592f8600
Event: 6.014 Thread 0x000002185d3b5340 DEOPT UNPACKING pc=0x0000021867a83aa2 sp=0x000000ba592f85d0 mode 2

Classes loaded (20 events):
Event: 5.974 Loading class java/io/StringReader
Event: 5.974 Loading class java/io/StringReader done
Event: 5.983 Loading class java/util/zip/GZIPInputStream
Event: 5.983 Loading class java/util/zip/GZIPInputStream done
Event: 5.990 Loading class java/net/SocketTimeoutException
Event: 5.991 Loading class java/io/InterruptedIOException
Event: 5.991 Loading class java/io/InterruptedIOException done
Event: 5.991 Loading class java/net/SocketTimeoutException done
Event: 5.991 Loading class java/net/SocketException
Event: 5.992 Loading class java/net/SocketException done
Event: 5.992 Loading class java/net/UnknownHostException
Event: 5.992 Loading class java/net/UnknownHostException done
Event: 5.992 Loading class java/net/ProtocolException
Event: 5.992 Loading class java/net/ProtocolException done
Event: 6.028 Loading class java/lang/ThreadLocal$SuppliedThreadLocal
Event: 6.029 Loading class java/lang/ThreadLocal$SuppliedThreadLocal done
Event: 6.038 Loading class java/io/FileWriter
Event: 6.038 Loading class java/io/FileWriter done
Event: 6.050 Loading class java/lang/NegativeArraySizeException
Event: 6.050 Loading class java/lang/NegativeArraySizeException done

Classes unloaded (0 events):
No events

Classes redefined (0 events):
No events

Internal exceptions (20 events):
Event: 5.631 Thread 0x000002185d3b5340 Exception <a 'java/lang/NoSuchMethodError'{0x00000000d6401888}: 'void java.lang.invoke.DelegatingMethodHandle$Holder.reinvoke_L(java.lang.Object, java.lang.Object, int)'> (0x00000000d6401888) 
thrown [s\src\hotspot\share\interpreter\linkResolver.cpp, line 773]
Event: 5.632 Thread 0x000002185d3b5340 Exception <a 'java/lang/NoSuchMethodError'{0x00000000d6408570}: 'int java.lang.invoke.Invokers$Holder.invokeExact_MT(java.lang.Object, java.lang.Object, java.lang.Object)'> (0x00000000d6408570) 
thrown [s\src\hotspot\share\interpreter\linkResolver.cpp, line 773]
Event: 5.664 Thread 0x000002185d3b5340 Exception <a 'java/lang/NoSuchMethodError'{0x00000000d64d92a8}: method resolution failed> (0x00000000d64d92a8) 
thrown [s\src\hotspot\share\prims\methodHandles.cpp, line 1136]
Event: 5.686 Thread 0x000002185d3b5340 Exception <a 'java/lang/NoSuchMethodError'{0x00000000d6545910}: 'void java.lang.invoke.Invokers$Holder.invokeExact_MT(java.lang.Object, java.lang.Object, int, java.lang.Object)'> (0x00000000d6545910) 
thrown [s\src\hotspot\share\interpreter\linkResolver.cpp, line 773]
Event: 5.741 Thread 0x000002185d3b5340 Exception <a 'java/lang/NoSuchMethodError'{0x00000000d66416a8}: 'java.lang.Object java.lang.invoke.DirectMethodHandle$Holder.invokeSpecial(java.lang.Object, java.lang.Object, java.lang.Object, long, java.lang.Object)'> (0x00000000d66416a8) 
thrown [s\src\hotspot\share\interpreter\linkResolver.cpp, line 773]
Event: 5.742 Thread 0x000002185d3b5340 Exception <a 'java/lang/NoSuchMethodError'{0x00000000d6648ef0}: 'java.lang.Object java.lang.invoke.DirectMethodHandle$Holder.newInvokeSpecial(java.lang.Object, java.lang.Object, java.lang.Object, long)'> (0x00000000d6648ef0) 
thrown [s\src\hotspot\share\interpreter\linkResolver.cpp, line 773]
Event: 5.743 Thread 0x000002185d3b5340 Exception <a 'java/lang/NoSuchMethodError'{0x00000000d664d2a0}: 'java.lang.Object java.lang.invoke.DirectMethodHandle$Holder.invokeSpecial(java.lang.Object, java.lang.Object, java.lang.Object, java.lang.Object, long)'> (0x00000000d664d2a0) 
thrown [s\src\hotspot\share\interpreter\linkResolver.cpp, line 773]
Event: 5.743 Thread 0x000002185d3b5340 Exception <a 'java/lang/NoSuchMethodError'{0x00000000d6650ec0}: 'java.lang.Object java.lang.invoke.Invokers$Holder.linkToTargetMethod(java.lang.Object, java.lang.Object, long, java.lang.Object)'> (0x00000000d6650ec0) 
thrown [s\src\hotspot\share\interpreter\linkResolver.cpp, line 773]
Event: 5.764 Thread 0x000002185d3b5340 Exception <a 'java/lang/NoSuchMethodError'{0x00000000d66c33c0}: 'int java.lang.invoke.DirectMethodHandle$Holder.invokeStaticInit(java.lang.Object, java.lang.Object, java.lang.Object)'> (0x00000000d66c33c0) 
thrown [s\src\hotspot\share\interpreter\linkResolver.cpp, line 773]
Event: 5.785 Thread 0x000002185d3b5340 Exception <a 'java/lang/IncompatibleClassChangeError'{0x00000000d674fcb8}: Found class java.lang.Object, but interface was expected> (0x00000000d674fcb8) 
thrown [s\src\hotspot\share\interpreter\linkResolver.cpp, line 840]
Event: 5.793 Thread 0x000002185d3b5340 Exception <a 'java/lang/NoSuchMethodError'{0x00000000d6762f90}: 'java.lang.Object java.lang.invoke.DirectMethodHandle$Holder.invokeSpecial(java.lang.Object, java.lang.Object, java.lang.Object, int, java.lang.Object, java.lang.Object)'> (0x00000000d6762f90) 
thrown [s\src\hotspot\share\interpreter\linkResolver.cpp, line 773]
Event: 5.795 Thread 0x000002185d3b5340 Exception <a 'java/lang/NoSuchMethodError'{0x00000000d676aa68}: 'java.lang.Object java.lang.invoke.DirectMethodHandle$Holder.newInvokeSpecial(java.lang.Object, java.lang.Object, java.lang.Object, int, java.lang.Object)'> (0x00000000d676aa68) 
thrown [s\src\hotspot\share\interpreter\linkResolver.cpp, line 773]
Event: 5.795 Thread 0x000002185d3b5340 Exception <a 'java/lang/NoSuchMethodError'{0x00000000d676e9e8}: 'java.lang.Object java.lang.invoke.DirectMethodHandle$Holder.invokeSpecial(java.lang.Object, java.lang.Object, java.lang.Object, java.lang.Object, int, java.lang.Object)'> (0x00000000d676e9e8) 
thrown [s\src\hotspot\share\interpreter\linkResolver.cpp, line 773]
Event: 5.796 Thread 0x000002185d3b5340 Exception <a 'java/lang/NoSuchMethodError'{0x00000000d6772528}: 'java.lang.Object java.lang.invoke.Invokers$Holder.linkToTargetMethod(java.lang.Object, java.lang.Object, int, java.lang.Object, java.lang.Object)'> (0x00000000d6772528) 
thrown [s\src\hotspot\share\interpreter\linkResolver.cpp, line 773]
Event: 5.797 Thread 0x000002187a619000 Exception <a 'java/lang/NoSuchMethodError'{0x00000000d668e6b0}: 'java.lang.Object java.lang.invoke.DirectMethodHandle$Holder.invokeSpecial(java.lang.Object, java.lang.Object, int, java.lang.Object, java.lang.Object)'> (0x00000000d668e6b0) 
thrown [s\src\hotspot\share\interpreter\linkResolver.cpp, line 773]
Event: 5.797 Thread 0x000002187a619000 Exception <a 'java/lang/NoSuchMethodError'{0x00000000d66953e8}: 'java.lang.Object java.lang.invoke.DirectMethodHandle$Holder.newInvokeSpecial(java.lang.Object, java.lang.Object, int, java.lang.Object)'> (0x00000000d66953e8) 
thrown [s\src\hotspot\share\interpreter\linkResolver.cpp, line 773]
Event: 5.798 Thread 0x000002187a619000 Exception <a 'java/lang/NoSuchMethodError'{0x00000000d6698cc8}: 'java.lang.Object java.lang.invoke.DirectMethodHandle$Holder.invokeSpecial(java.lang.Object, java.lang.Object, java.lang.Object, int, java.lang.Object)'> (0x00000000d6698cc8) 
thrown [s\src\hotspot\share\interpreter\linkResolver.cpp, line 773]
Event: 5.832 Thread 0x000002185d3b5340 Exception <a 'java/lang/NoSuchMethodError'{0x00000000d6890d70}: 'void java.lang.invoke.DirectMethodHandle$Holder.invokeSpecial(java.lang.Object, java.lang.Object, java.lang.Object, java.lang.Object, java.lang.Object)'> (0x00000000d6890d70) 
thrown [s\src\hotspot\share\interpreter\linkResolver.cpp, line 773]
Event: 5.915 Thread 0x000002185d3b5340 Exception <a 'java/lang/NoSuchMethodError'{0x00000000d6ac51e0}: 'double java.lang.invoke.DirectMethodHandle$Holder.invokeStatic(java.lang.Object, java.lang.Object)'> (0x00000000d6ac51e0) 
thrown [s\src\hotspot\share\interpreter\linkResolver.cpp, line 773]
Event: 5.915 Thread 0x000002185d3b5340 Exception <a 'java/lang/NoSuchMethodError'{0x00000000d6ac88a0}: 'double java.lang.invoke.DirectMethodHandle$Holder.invokeStaticInit(java.lang.Object, java.lang.Object)'> (0x00000000d6ac88a0) 
thrown [s\src\hotspot\share\interpreter\linkResolver.cpp, line 773]

ZGC Phase Switch (0 events):
No events

VM Operations (20 events):
Event: 2.724 Executing non-safepoint VM operation: HandshakeAllThreads (Deoptimize)
Event: 2.724 Executing non-safepoint VM operation: HandshakeAllThreads (Deoptimize) done
Event: 3.315 Executing non-safepoint VM operation: HandshakeAllThreads (Deoptimize)
Event: 3.315 Executing non-safepoint VM operation: HandshakeAllThreads (Deoptimize) done
Event: 3.577 Executing safepoint VM operation: ParallelGCFailedAllocation (Allocation Failure)
Event: 3.585 Executing safepoint VM operation: ParallelGCFailedAllocation (Allocation Failure) done
Event: 3.759 Executing non-safepoint VM operation: HandshakeAllThreads (Deoptimize)
Event: 3.759 Executing non-safepoint VM operation: HandshakeAllThreads (Deoptimize) done
Event: 3.767 Executing non-safepoint VM operation: HandshakeAllThreads (Deoptimize)
Event: 3.767 Executing non-safepoint VM operation: HandshakeAllThreads (Deoptimize) done
Event: 3.797 Executing non-safepoint VM operation: HandshakeAllThreads (Deoptimize)
Event: 3.797 Executing non-safepoint VM operation: HandshakeAllThreads (Deoptimize) done
Event: 4.812 Executing safepoint VM operation: Cleanup
Event: 4.812 Executing safepoint VM operation: Cleanup done
Event: 5.602 Executing non-safepoint VM operation: HandshakeAllThreads (Deoptimize)
Event: 5.602 Executing non-safepoint VM operation: HandshakeAllThreads (Deoptimize) done
Event: 6.017 Executing safepoint VM operation: ParallelGCFailedAllocation (Allocation Failure)
Event: 6.024 Executing safepoint VM operation: ParallelGCFailedAllocation (Allocation Failure) done
Event: 7.024 Executing safepoint VM operation: Cleanup
Event: 7.024 Executing safepoint VM operation: Cleanup done

Memory protections (0 events):
No events

Nmethod flushes (0 events):
No events

Events (19 events):
Event: 0.149 Thread 0x000002185d30d480 Thread added: 0x000002185d30d480
Event: 0.195 Thread 0x000002185d30d480 Thread added: 0x000002185d3a4fd0
Event: 0.195 Thread 0x000002185d30d480 Thread added: 0x000002185d3a7910
Event: 0.196 Thread 0x000002185d30d480 Thread added: 0x000002185d3b59d0
Event: 0.196 Thread 0x000002185d30d480 Thread added: 0x000002185d3b4cb0
Event: 0.196 Thread 0x000002185d30d480 Thread added: 0x000002185d3b3270
Event: 0.196 Thread 0x000002185d30d480 Thread added: 0x000002185d3b3f90
Event: 0.196 Thread 0x000002185d30d480 Thread added: 0x0000021875018360
Event: 0.197 Thread 0x000002185d30d480 Thread added: 0x000002187501b7f0
Event: 0.301 Thread 0x000002185d30d480 Thread added: 0x000002185d3b3900
Event: 0.687 Thread 0x000002185d30d480 Thread added: 0x000002185d3b6060
Event: 2.055 Thread 0x000002185d30d480 Thread added: 0x000002185d3b2be0
Event: 2.401 Thread 0x000002185d30d480 Thread added: 0x000002185d3b4620
Event: 2.411 Thread 0x000002185d30d480 Thread added: 0x000002185d3b5340
Event: 2.485 Thread 0x000002185d3b5340 Thread added: 0x000002187a61bdf0
Event: 3.409 Thread 0x000002185d3b5340 Thread added: 0x000002187a61b760
Event: 5.648 Thread 0x000002185d3b5340 Thread added: 0x000002187a61c480
Event: 5.750 Thread 0x000002185d3b5340 Thread added: 0x000002187a619000
Event: 5.798 Thread 0x000002185d3b5340 Thread added: 0x000002187a61a3b0


Dynamic libraries:
0x00007ff642360000 - 0x00007ff64236e000 	c:\Users\Vishal\.vscode\extensions\redhat.java-1.55.0-win32-x64\jre\21.0.11-win32-x86_64\bin\java.exe
0x00007ffef4780000 - 0x00007ffef49e6000 	C:\WINDOWS\SYSTEM32\ntdll.dll
0x00007ffef40e0000 - 0x00007ffef41a9000 	C:\WINDOWS\System32\KERNEL32.DLL
0x00007ffef1f60000 - 0x00007ffef235f000 	C:\WINDOWS\System32\KERNELBASE.dll
0x00007ffeee2b0000 - 0x00007ffeee350000 	C:\WINDOWS\SYSTEM32\apphelp.dll
0x00007ffef1ca0000 - 0x00007ffef1dec000 	C:\WINDOWS\System32\ucrtbase.dll
0x00007ffee75a0000 - 0x00007ffee75b8000 	c:\Users\Vishal\.vscode\extensions\redhat.java-1.55.0-win32-x64\jre\21.0.11-win32-x86_64\bin\jli.dll
0x00007ffee3950000 - 0x00007ffee396e000 	c:\Users\Vishal\.vscode\extensions\redhat.java-1.55.0-win32-x64\jre\21.0.11-win32-x86_64\bin\VCRUNTIME140.dll
0x00007ffef2fc0000 - 0x00007ffef3186000 	C:\WINDOWS\System32\USER32.dll
0x00007ffedc250000 - 0x00007ffedc4e1000 	C:\WINDOWS\WinSxS\amd64_microsoft.windows.common-controls_6595b64144ccf1df_6.0.26100.8972_none_3e0da176e32f9d4b\COMCTL32.dll
0x00007ffef1f30000 - 0x00007ffef1f57000 	C:\WINDOWS\System32\win32u.dll
0x00007ffef2690000 - 0x00007ffef2739000 	C:\WINDOWS\System32\msvcrt.dll
0x00007ffef46f0000 - 0x00007ffef471b000 	C:\WINDOWS\System32\GDI32.dll
0x00007ffef1e00000 - 0x00007ffef1f29000 	C:\WINDOWS\System32\gdi32full.dll
0x00007ffef2400000 - 0x00007ffef24a3000 	C:\WINDOWS\System32\msvcp_win.dll
0x00007ffef2840000 - 0x00007ffef2872000 	C:\WINDOWS\System32\IMM32.DLL
0x00007ffeec3f0000 - 0x00007ffeec3fc000 	c:\Users\Vishal\.vscode\extensions\redhat.java-1.55.0-win32-x64\jre\21.0.11-win32-x86_64\bin\vcruntime140_1.dll
0x00007ffedb700000 - 0x00007ffedb78d000 	c:\Users\Vishal\.vscode\extensions\redhat.java-1.55.0-win32-x64\jre\21.0.11-win32-x86_64\bin\msvcp140.dll
0x00007ffe8abf0000 - 0x00007ffe8b992000 	c:\Users\Vishal\.vscode\extensions\redhat.java-1.55.0-win32-x64\jre\21.0.11-win32-x86_64\bin\server\jvm.dll
0x00007ffef33d0000 - 0x00007ffef348c000 	C:\WINDOWS\System32\ADVAPI32.dll
0x00007ffef2e10000 - 0x00007ffef2eb9000 	C:\WINDOWS\System32\sechost.dll
0x00007ffef2940000 - 0x00007ffef2a58000 	C:\WINDOWS\System32\RPCRT4.dll
0x00007ffef36b0000 - 0x00007ffef3732000 	C:\WINDOWS\System32\WS2_32.dll
0x00007ffee9eb0000 - 0x00007ffee9ee6000 	C:\WINDOWS\SYSTEM32\WINMM.dll
0x00007ffef17f0000 - 0x00007ffef184e000 	C:\WINDOWS\SYSTEM32\POWRPROF.dll
0x00007ffeeab60000 - 0x00007ffeeab6b000 	C:\WINDOWS\SYSTEM32\VERSION.dll
0x00007ffef17d0000 - 0x00007ffef17e5000 	C:\WINDOWS\SYSTEM32\UMPDC.dll
0x00007ffef0680000 - 0x00007ffef069b000 	C:\WINDOWS\SYSTEM32\kernel.appcore.dll
0x00007ffeeaba0000 - 0x00007ffeeabaa000 	c:\Users\Vishal\.vscode\extensions\redhat.java-1.55.0-win32-x64\jre\21.0.11-win32-x86_64\bin\jimage.dll
0x00007ffeef1b0000 - 0x00007ffeef3f2000 	C:\WINDOWS\SYSTEM32\DBGHELP.DLL
0x00007ffef2a80000 - 0x00007ffef2e05000 	C:\WINDOWS\System32\combase.dll
0x00007ffef3560000 - 0x00007ffef3639000 	C:\WINDOWS\System32\OLEAUT32.dll
0x00007ffed9d00000 - 0x00007ffed9d3b000 	C:\WINDOWS\SYSTEM32\dbgcore.DLL
0x00007ffef1b20000 - 0x00007ffef1bcc000 	C:\WINDOWS\System32\bcryptPrimitives.dll
0x00007ffeea420000 - 0x00007ffeea42f000 	c:\Users\Vishal\.vscode\extensions\redhat.java-1.55.0-win32-x64\jre\21.0.11-win32-x86_64\bin\instrument.dll
0x00007ffee2110000 - 0x00007ffee2130000 	c:\Users\Vishal\.vscode\extensions\redhat.java-1.55.0-win32-x64\jre\21.0.11-win32-x86_64\bin\java.dll
0x00007ffef37a0000 - 0x00007ffef3f28000 	C:\WINDOWS\System32\SHELL32.dll
0x00007ffeef430000 - 0x00007ffeefccb000 	C:\WINDOWS\SYSTEM32\windows.storage.dll
0x00007ffef2ec0000 - 0x00007ffef2fb9000 	C:\WINDOWS\System32\SHCORE.dll
0x00007ffef3640000 - 0x00007ffef36a6000 	C:\WINDOWS\System32\shlwapi.dll
0x00007ffef18b0000 - 0x00007ffef18d9000 	C:\WINDOWS\SYSTEM32\profapi.dll
0x00007ffee20f0000 - 0x00007ffee2108000 	c:\Users\Vishal\.vscode\extensions\redhat.java-1.55.0-win32-x64\jre\21.0.11-win32-x86_64\bin\zip.dll
0x00007ffee75d0000 - 0x00007ffee75e0000 	C:\Users\Vishal\.vscode\extensions\redhat.java-1.55.0-win32-x64\jre\21.0.11-win32-x86_64\bin\net.dll
0x00007ffee9bc0000 - 0x00007ffee9ce7000 	C:\WINDOWS\SYSTEM32\WINHTTP.dll
0x00007ffef0c30000 - 0x00007ffef0c9c000 	C:\WINDOWS\system32\mswsock.dll
0x00007ffedb6e0000 - 0x00007ffedb6f6000 	C:\Users\Vishal\.vscode\extensions\redhat.java-1.55.0-win32-x64\jre\21.0.11-win32-x86_64\bin\nio.dll
0x00007ffee3920000 - 0x00007ffee3930000 	c:\Users\Vishal\.vscode\extensions\redhat.java-1.55.0-win32-x64\jre\21.0.11-win32-x86_64\bin\verify.dll
0x00007ffedb690000 - 0x00007ffedb6d5000 	C:\Users\Vishal\AppData\Roaming\Code\User\globalStorage\redhat.java\1.55.0\config_ss_win\org.eclipse.equinox.launcher\org.eclipse.equinox.launcher.win32.win32.x86_64_1.3.100.v20260613-0559\eclipse_11924.dll
0x00007ffef3f40000 - 0x00007ffef40d9000 	C:\WINDOWS\System32\ole32.dll
0x00007ffef0f20000 - 0x00007ffef0f3b000 	C:\WINDOWS\SYSTEM32\CRYPTSP.dll
0x00007ffef05e0000 - 0x00007ffef0619000 	C:\WINDOWS\system32\rsaenh.dll
0x00007ffef0ce0000 - 0x00007ffef0d12000 	C:\WINDOWS\SYSTEM32\USERENV.dll
0x00007ffef1880000 - 0x00007ffef18aa000 	C:\WINDOWS\SYSTEM32\bcrypt.dll
0x00007ffef0f40000 - 0x00007ffef0f4c000 	C:\WINDOWS\SYSTEM32\CRYPTBASE.dll
0x00007ffef0010000 - 0x00007ffef0043000 	C:\WINDOWS\SYSTEM32\IPHLPAPI.DLL
0x00007ffef4650000 - 0x00007ffef465a000 	C:\WINDOWS\System32\NSI.dll
0x00007ffedacc0000 - 0x00007ffedad09000 	C:\Users\Vishal\AppData\Local\Temp\jna--1732361581\jna16138417789302494559.dll
0x00007ffef41b0000 - 0x00007ffef41b8000 	C:\WINDOWS\System32\PSAPI.DLL

JVMTI agents:
c:\Users\Vishal\.vscode\extensions\redhat.java-1.55.0-win32-x64\lombok\lombok-1.18.39-4050.jar path:c:\Users\Vishal\.vscode\extensions\redhat.java-1.55.0-win32-x64\jre\21.0.11-win32-x86_64\bin\instrument.dll, loaded, initialized, instrumentlib options:none

dbghelp: loaded successfully - version: 4.0.5 - missing functions: none
symbol engine: initialized successfully - sym options: 0x614 - pdb path: .;c:\Users\Vishal\.vscode\extensions\redhat.java-1.55.0-win32-x64\jre\21.0.11-win32-x86_64\bin;C:\WINDOWS\SYSTEM32;C:\WINDOWS\WinSxS\amd64_microsoft.windows.common-controls_6595b64144ccf1df_6.0.26100.8972_none_3e0da176e32f9d4b;c:\Users\Vishal\.vscode\extensions\redhat.java-1.55.0-win32-x64\jre\21.0.11-win32-x86_64\bin\server;C:\Users\Vishal\AppData\Roaming\Code\User\globalStorage\redhat.java\1.55.0\config_ss_win\org.eclipse.equinox.launcher\org.eclipse.equinox.launcher.win32.win32.x86_64_1.3.100.v20260613-0559;C:\Users\Vishal\AppData\Local\Temp\jna--1732361581

VM Arguments:
jvm_args: --add-modules=ALL-SYSTEM --add-opens=java.base/java.util=ALL-UNNAMED --add-opens=java.base/java.lang=ALL-UNNAMED --add-opens=java.base/sun.nio.fs=ALL-UNNAMED -Declipse.application=org.eclipse.jdt.ls.core.id1 -Dosgi.bundles.defaultStartLevel=4 -Declipse.product=org.eclipse.jdt.ls.core.product -Djava.import.generatesMetadataFilesAtProjectRoot=false -DDetectVMInstallationsJob.disabled=true -Dfile.encoding=utf8 -XX:+UseParallelGC -XX:GCTimeRatio=4 -XX:AdaptiveSizePolicyWeight=90 -Dsun.zip.disableMemoryMapping=true -Xmx2G -Xms100m -Xlog:disable -javaagent:c:\Users\Vishal\.vscode\extensions\redhat.java-1.55.0-win32-x64\lombok\lombok-1.18.39-4050.jar 
java_command: c:\Users\Vishal\.vscode\extensions\redhat.java-1.55.0-win32-x64\server\plugins\org.eclipse.equinox.launcher_1.7.200.v20260619-2039.jar -configuration c:\Users\Vishal\AppData\Roaming\Code\User\globalStorage\redhat.java\1.55.0\config_ss_win -data c:\Users\Vishal\AppData\Roaming\Code\User\workspaceStorage\de52af6c379dfd7feac1f3ed59848b74\redhat.java\ss_ws --pipe=\\.\pipe\lsp-e0b89fa75835ff1bc050dcfa76af0283-sock
java_class_path (initial): c:\Users\Vishal\.vscode\extensions\redhat.java-1.55.0-win32-x64\server\plugins\org.eclipse.equinox.launcher_1.7.200.v20260619-2039.jar
Launcher Type: SUN_STANDARD

[Global flags]
    uintx AdaptiveSizePolicyWeight                 = 90                                        {product} {command line}
     intx CICompilerCount                          = 4                                         {product} {ergonomic}
    uintx GCTimeRatio                              = 4                                         {product} {command line}
   size_t InitialHeapSize                          = 104857600                                 {product} {command line}
   size_t MaxHeapSize                              = 2147483648                                {product} {command line}
   size_t MaxNewSize                               = 715653120                                 {product} {ergonomic}
   size_t MinHeapDeltaBytes                        = 524288                                    {product} {ergonomic}
   size_t MinHeapSize                              = 104857600                                 {product} {command line}
   size_t NewSize                                  = 34603008                                  {product} {ergonomic}
    uintx NonNMethodCodeHeapSize                   = 5839372                                {pd product} {ergonomic}
    uintx NonProfiledCodeHeapSize                  = 122909434                              {pd product} {ergonomic}
   size_t OldSize                                  = 70254592                                  {product} {ergonomic}
    uintx ProfiledCodeHeapSize                     = 122909434                              {pd product} {ergonomic}
    uintx ReservedCodeCacheSize                    = 251658240                              {pd product} {ergonomic}
     bool SegmentedCodeCache                       = true                                      {product} {ergonomic}
   size_t SoftMaxHeapSize                          = 2147483648                             {manageable} {ergonomic}
     bool UseCompressedOops                        = true                           {product lp64_product} {ergonomic}
     bool UseLargePagesIndividualAllocation        = false                                  {pd product} {ergonomic}
     bool UseParallelGC                            = true                                      {product} {command line}

Logging:
Log output configuration:
 #0: stdout all=off uptime,level,tags foldmultilines=false
 #1: stderr all=off uptime,level,tags foldmultilines=false

Release file:
JAVA_VERSION="21.0.11" 
MODULES="java.base java.compiler java.datatransfer java.xml java.prefs java.desktop java.instrument java.logging java.management java.security.sasl java.naming java.rmi java.management.rmi java.net.http java.scripting java.security.jgss java.transaction.xa java.sql java.sql.rowset java.xml.crypto java.se java.smartcardio jdk.accessibility jdk.internal.jvmstat jdk.attach jdk.charsets jdk.internal.opt jdk.zipfs jdk.compiler jdk.crypto.ec jdk.crypto.cryptoki jdk.crypto.mscapi jdk.dynalink jdk.internal.ed jdk.editpad jdk.hotspot.agent jdk.httpserver jdk.internal.le jdk.internal.vm.ci jdk.internal.vm.compiler jdk.internal.vm.compiler.management jdk.jartool jdk.javadoc jdk.jcmd jdk.management jdk.management.agent jdk.jconsole jdk.jdeps jdk.jdwp.agent jdk.jdi jdk.jfr jdk.jshell jdk.jsobject jdk.jstatd jdk.localedata jdk.management.jfr jdk.naming.dns jdk.naming.rmi jdk.net jdk.nio.mapmode jdk.random jdk.sctp jdk.security.auth jdk.security.jgss jdk.unsupported jdk.unsupported.desktop jdk.xml.dom" 

Environment Variables:
PATH=C:\Program Files\Common Files\Oracle\Java\javapath;C:\WINDOWS\system32;C:\WINDOWS;C:\WINDOWS\System32\Wbem;C:\WINDOWS\System32\WindowsPowerShell\v1.0\;C:\WINDOWS\System32\OpenSSH\;C:\Program Files\nodejs\;C:\Program Files\dotnet\;C:\Program Files\Java\jdk-23\bin;C:\Program Files\Java;C:\Program Files\Git\cmd;C:\Program Files\Git\mingw64\bin;C:\Program Files\Git\usr\bin;C:\Program Files\Docker\Docker\resources\bin;C:\Users\Vishal\AppData\Local\Programs\Python\Python313\Scripts\;C:\Users\Vishal\AppData\Local\Programs\Python\Python313\;C:\Users\Vishal\AppData\Local\Programs\Python\Launcher\;C:\Users\Vishal\AppData\Local\Microsoft\WindowsApps;C:\Users\Vishal\AppData\Local\Programs\Microsoft VS Code\bin;C:\MinGW\bin;C:\Users\Vishal\AppData\Roaming\npm;C:\Users\Vishal\AppData\Local\GitHubDesktop\bin;C:\Program Files\JetBrains\PyCharm 2025.2.4\bin;C:\Users\Vishal\AppData\Local\Programs\Antigravity\bin;C:\Users\Vishal\AppData\Local\Programs\Antigravity IDE\bin;C:\Users\Vishal\Downloads\apache-maven-3.9.16-bin (1)\apache-maven-3.9.16\bin;
USERNAME=Vishal
OS=Windows_NT
PROCESSOR_IDENTIFIER=AMD64 Family 23 Model 104 Stepping 1, AuthenticAMD
TMP=C:\Users\Vishal\AppData\Local\Temp
TEMP=C:\Users\Vishal\AppData\Local\Temp




Periodic native trim disabled

---------------  S Y S T E M  ---------------

OS:
 Windows 11 , 64 bit Build 26100 (10.0.26100.8972)
OS uptime: 9 days 6:25 hours
Hyper-V role detected

CPU: total 12 (initial active 12) (12 cores per cpu, 2 threads per core) family 23 model 104 stepping 1 microcode 0x8608109, cx8, cmov, fxsr, ht, mmx, 3dnowpref, sse, sse2, sse3, ssse3, sse4a, sse4.1, sse4.2, popcnt, lzcnt, tsc, tscinvbit, avx, avx2, aes, clmul, bmi1, bmi2, adx, sha, fma, vzeroupper, clflush, clflushopt, hv, rdtscp, rdpid, f16c
Processor Information for the first 12 processors :
  Max Mhz: 2100, Current Mhz: 2100, Mhz Limit: 2100

Memory: 4k page, system-wide physical 5989M (215M free)
TotalPageFile size 24421M (AvailPageFile size 1M)
current process WorkingSet (physical memory assigned to process): 130M, peak: 130M
current process commit charge ("private bytes"): 273M, peak: 273M

vm_info: OpenJDK 64-Bit Server VM (21.0.11+10-LTS) for windows-amd64 JRE (21.0.11+10-LTS), built on 2026-04-21T00:00:00Z by "admin" with MS VC++ 17.12 (VS2022)

END.
