#
# There is insufficient memory for the Java Runtime Environment to continue.
# Native memory allocation (malloc) failed to allocate 1048576 bytes. Error detail: AllocateHeap
# Possible reasons:
#   The system is out of physical RAM or swap space
#   This process is running with CompressedOops enabled, and the Java Heap may be blocking the growth of the native heap
# Possible solutions:
#   Reduce memory load on the system
#   Increase physical memory or swap space
#   Check if swap backing store is full
#   Decrease Java heap size (-Xmx/-Xms)
#   Decrease number of Java threads
#   Decrease Java thread stack sizes (-Xss)
#   Set larger code cache with -XX:ReservedCodeCacheSize=
#   JVM is running with Unscaled Compressed Oops mode in which the Java heap is
#     placed in the first 4GB address space. The Java Heap base address is the
#     maximum limit for the native heap growth. Please use -XX:HeapBaseMinAddress
#     to set the Java Heap base and to place the Java Heap above 4GB virtual address.
# This output file may be truncated or incomplete.
#
#  Out of Memory Error (allocation.cpp:44), pid=16616, tid=18232
#
# JRE version: OpenJDK Runtime Environment Temurin-21.0.11+10 (21.0.11+10) (build 21.0.11+10-LTS)
# Java VM: OpenJDK 64-Bit Server VM Temurin-21.0.11+10 (21.0.11+10-LTS, mixed mode, sharing, tiered, compressed oops, compressed class ptrs, parallel gc, windows-amd64)
# No core dump will be written. Minidumps are not enabled by default on client versions of Windows
#

---------------  S U M M A R Y ------------

Command Line: --add-modules=ALL-SYSTEM --add-opens=java.base/java.util=ALL-UNNAMED --add-opens=java.base/java.lang=ALL-UNNAMED --add-opens=java.base/sun.nio.fs=ALL-UNNAMED -Declipse.application=org.eclipse.jdt.ls.core.id1 -Dosgi.bundles.defaultStartLevel=4 -Declipse.product=org.eclipse.jdt.ls.core.product -Djava.import.generatesMetadataFilesAtProjectRoot=false -DDetectVMInstallationsJob.disabled=true -Dfile.encoding=utf8 -XX:+UseParallelGC -XX:GCTimeRatio=4 -XX:AdaptiveSizePolicyWeight=90 -Dsun.zip.disableMemoryMapping=true -Xmx2G -Xms100m -Xlog:disable -javaagent:c:\Users\Vishal\.vscode\extensions\redhat.java-1.55.0-win32-x64\lombok\lombok-1.18.39-4050.jar -XX:+HeapDumpOnOutOfMemoryError -XX:HeapDumpPath=c:\Users\Vishal\AppData\Roaming\Code\User\workspaceStorage\de52af6c379dfd7feac1f3ed59848b74\redhat.java -Daether.dependencyCollector.impl=bf c:\Users\Vishal\.vscode\extensions\redhat.java-1.55.0-win32-x64\server\plugins\org.eclipse.equinox.launcher_1.7.200.v20260619-2039.jar -configuration c:\Users\Vishal\AppData\Roaming\Code\User\globalStorage\redhat.java\1.55.0\config_win -data c:\Users\Vishal\AppData\Roaming\Code\User\workspaceStorage\de52af6c379dfd7feac1f3ed59848b74\redhat.java\jdt_ws --pipe=\\.\pipe\lsp-682172302bca9b1099352ac191145688-sock

Host: AMD Ryzen 5 5500U with Radeon Graphics         , 12 cores, 5G,  Windows 11 , 64 bit Build 26100 (10.0.26100.8972)
Time: Sat Aug  8 18:18:15 2026 India Standard Time elapsed time: 4535.450538 seconds (0d 1h 15m 35s)

---------------  T H R E A D  ---------------

Current thread (0x00000237dfcb5690):  JavaThread "Attach Listener" daemon [_thread_in_vm, id=18232, stack(0x000000e602400000,0x000000e602500000) (1024K)]

Stack: [0x000000e602400000,0x000000e602500000]
Native frames: (J=compiled Java code, j=interpreted, Vv=VM code, C=native code)
V  [jvm.dll+0x6d7e19]
V  [jvm.dll+0x8b5096]
V  [jvm.dll+0x8b764e]
V  [jvm.dll+0x8b7d33]
V  [jvm.dll+0x284596]
V  [jvm.dll+0xc13c7]
V  [jvm.dll+0x6d86c9]
V  [jvm.dll+0x133616]
V  [jvm.dll+0x3f868e]
V  [jvm.dll+0x85fb0d]
V  [jvm.dll+0x6d664d]
C  [ucrtbase.dll+0x2cd30]
C  [KERNEL32.DLL+0x2ccb7]
C  [ntdll.dll+0xaad6c]


---------------  P R O C E S S  ---------------

Threads class SMR info:
_java_thread_list=0x00000237e8738a90, length=62, elements={
0x00000237c921e630, 0x00000237dfca93c0, 0x00000237dfcac640, 0x00000237dfcb3c20,
0x00000237dfcb5690, 0x00000237dfcb76f0, 0x00000237dfcbc630, 0x00000237e102f070,
0x00000237e1030bd0, 0x00000237e12c5c70, 0x00000237e12d6ad0, 0x00000237e66c3720,
0x00000237e668a8c0, 0x00000237e61e3070, 0x00000237e61cff50, 0x00000237e6cd8cc0,
0x00000237e6a2a480, 0x00000237e7010f90, 0x00000237e6197ac0, 0x00000237e6199500,
0x00000237e6198150, 0x00000237e93d8d90, 0x00000237e93dae60, 0x00000237e93d9420,
0x00000237e93d9ab0, 0x00000237e93db4f0, 0x00000237e93d8700, 0x00000237e93d8070,
0x00000237e93dbb80, 0x00000237e93dc210, 0x00000237e93dc8a0, 0x00000237e93dcf30,
0x00000237e93dd5c0, 0x00000237e93da140, 0x00000237e93ddc50, 0x00000237e93da7d0,
0x00000237e8daf210, 0x00000237e8db5480, 0x00000237e9247c20, 0x00000237e9247590,
0x00000237e8a02fa0, 0x00000237e8a06ab0, 0x00000237e8daff30, 0x00000237e92482b0,
0x00000237e9248fd0, 0x00000237e8db12e0, 0x00000237e8daeb80, 0x00000237e8dae4f0,
0x00000237e8db2690, 0x00000237e8db2000, 0x00000237e8db2d20, 0x00000237e8daf8a0,
0x00000237e8db5b10, 0x00000237e8db33b0, 0x00000237e8db3a40, 0x00000237e8db40d0,
0x00000237e9ae6410, 0x00000237e9ae6aa0, 0x00000237e9ae4340, 0x00000237e6199b90,
0x00000237e619a220, 0x00000237e61987e0
}

Java Threads: ( => current thread )
  0x00000237c921e630 JavaThread "main"                              [_thread_blocked, id=5160, stack(0x000000e601d00000,0x000000e601e00000) (1024K)]
  0x00000237dfca93c0 JavaThread "Reference Handler"          daemon [_thread_blocked, id=30172, stack(0x000000e602100000,0x000000e602200000) (1024K)]
  0x00000237dfcac640 JavaThread "Finalizer"                  daemon [_thread_blocked, id=7708, stack(0x000000e602200000,0x000000e602300000) (1024K)]
  0x00000237dfcb3c20 JavaThread "Signal Dispatcher"          daemon [_thread_blocked, id=34716, stack(0x000000e602300000,0x000000e602400000) (1024K)]
=>0x00000237dfcb5690 JavaThread "Attach Listener"            daemon [_thread_in_vm, id=18232, stack(0x000000e602400000,0x000000e602500000) (1024K)]
  0x00000237dfcb76f0 JavaThread "Service Thread"             daemon [_thread_blocked, id=35524, stack(0x000000e602500000,0x000000e602600000) (1024K)]
  0x00000237dfcbc630 JavaThread "Monitor Deflation Thread"   daemon [_thread_blocked, id=28080, stack(0x000000e602600000,0x000000e602700000) (1024K)]
  0x00000237e102f070 JavaThread "C2 CompilerThread0"         daemon [_thread_blocked, id=7160, stack(0x000000e602700000,0x000000e602800000) (1024K)]
  0x00000237e1030bd0 JavaThread "C1 CompilerThread0"         daemon [_thread_blocked, id=18464, stack(0x000000e602800000,0x000000e602900000) (1024K)]
  0x00000237e12c5c70 JavaThread "Common-Cleaner"             daemon [_thread_blocked, id=33220, stack(0x000000e602900000,0x000000e602a00000) (1024K)]
  0x00000237e12d6ad0 JavaThread "Notification Thread"        daemon [_thread_blocked, id=22260, stack(0x000000e602a00000,0x000000e602b00000) (1024K)]
  0x00000237e66c3720 JavaThread "Active Thread: Equinox Container: 625129fe-955f-4af1-8575-4f024f34f9f4"        [_thread_blocked, id=34600, stack(0x000000e603100000,0x000000e603200000) (1024K)]
  0x00000237e668a8c0 JavaThread "Refresh Thread: Equinox Container: 625129fe-955f-4af1-8575-4f024f34f9f4" daemon [_thread_blocked, id=4140, stack(0x000000e603300000,0x000000e603400000) (1024K)]
  0x00000237e61e3070 JavaThread "Framework Event Dispatcher: Equinox Container: 625129fe-955f-4af1-8575-4f024f34f9f4" daemon [_thread_blocked, id=29788, stack(0x000000e603400000,0x000000e603500000) (1024K)]
  0x00000237e61cff50 JavaThread "Start Level: Equinox Container: 625129fe-955f-4af1-8575-4f024f34f9f4" daemon [_thread_blocked, id=20752, stack(0x000000e603500000,0x000000e603600000) (1024K)]
  0x00000237e6cd8cc0 JavaThread "Bundle File Closer"         daemon [_thread_blocked, id=13508, stack(0x000000e603a00000,0x000000e603b00000) (1024K)]
  0x00000237e6a2a480 JavaThread "SCR Component Actor"        daemon [_thread_blocked, id=27588, stack(0x000000e603700000,0x000000e603800000) (1024K)]
  0x00000237e7010f90 JavaThread "Worker-JM"                         [_thread_blocked, id=3808, stack(0x000000e603d00000,0x000000e603e00000) (1024K)]
  0x00000237e6197ac0 JavaThread "JNA Cleaner"                daemon [_thread_blocked, id=8724, stack(0x000000e603c00000,0x000000e603d00000) (1024K)]
  0x00000237e6199500 JavaThread "Java indexing"              daemon [_thread_blocked, id=5228, stack(0x000000e604100000,0x000000e604200000) (1024K)]
  0x00000237e6198150 JavaThread "Thread-1"                   daemon [_thread_in_native, id=22436, stack(0x000000e604500000,0x000000e604600000) (1024K)]
  0x00000237e93d8d90 JavaThread "Thread-2"                   daemon [_thread_in_native, id=24080, stack(0x000000e604600000,0x000000e604700000) (1024K)]
  0x00000237e93dae60 JavaThread "Thread-3"                   daemon [_thread_in_native, id=21884, stack(0x000000e604700000,0x000000e604800000) (1024K)]
  0x00000237e93d9420 JavaThread "Thread-4"                   daemon [_thread_in_native, id=14012, stack(0x000000e604800000,0x000000e604900000) (1024K)]
  0x00000237e93d9ab0 JavaThread "Thread-5"                   daemon [_thread_in_native, id=372, stack(0x000000e604900000,0x000000e604a00000) (1024K)]
  0x00000237e93db4f0 JavaThread "Thread-6"                   daemon [_thread_in_native, id=396, stack(0x000000e604a00000,0x000000e604b00000) (1024K)]
  0x00000237e93d8700 JavaThread "Thread-7"                   daemon [_thread_in_native, id=28232, stack(0x000000e604b00000,0x000000e604c00000) (1024K)]
  0x00000237e93d8070 JavaThread "Thread-8"                   daemon [_thread_in_native, id=18184, stack(0x000000e604c00000,0x000000e604d00000) (1024K)]
  0x00000237e93dbb80 JavaThread "Thread-9"                   daemon [_thread_in_native, id=34900, stack(0x000000e604d00000,0x000000e604e00000) (1024K)]
  0x00000237e93dc210 JavaThread "Thread-10"                  daemon [_thread_in_native, id=13188, stack(0x000000e604e00000,0x000000e604f00000) (1024K)]
  0x00000237e93dc8a0 JavaThread "Thread-11"                  daemon [_thread_blocked, id=13644, stack(0x000000e604f00000,0x000000e605000000) (1024K)]
  0x00000237e93dcf30 JavaThread "Thread-12"                  daemon [_thread_in_native, id=18592, stack(0x000000e605000000,0x000000e605100000) (1024K)]
  0x00000237e93dd5c0 JavaThread "Thread-13"                  daemon [_thread_in_native, id=8516, stack(0x000000e605100000,0x000000e605200000) (1024K)]
  0x00000237e93da140 JavaThread "pool-2-thread-1"                   [_thread_blocked, id=14092, stack(0x000000e605200000,0x000000e605300000) (1024K)]
  0x00000237e93ddc50 JavaThread "WorkspaceEventsHandler"            [_thread_blocked, id=14200, stack(0x000000e605300000,0x000000e605400000) (1024K)]
  0x00000237e93da7d0 JavaThread "pool-1-thread-1"                   [_thread_blocked, id=35812, stack(0x000000e605400000,0x000000e605500000) (1024K)]
  0x00000237e8daf210 JavaThread "ForkJoinPool.commonPool-worker-16" daemon [_thread_blocked, id=23336, stack(0x000000e603600000,0x000000e603700000) (1024K)]
  0x00000237e8db5480 JavaThread "Cleaner-0"                  daemon [_thread_blocked, id=15056, stack(0x000000e605700000,0x000000e605800000) (1024K)]
  0x00000237e9247c20 JavaThread "PatternSearchJob-worker-3"  daemon [_thread_blocked, id=14292, stack(0x000000e606000000,0x000000e606100000) (1024K)]
  0x00000237e9247590 JavaThread "ForkJoinPool.commonPool-worker-21" daemon [_thread_blocked, id=23284, stack(0x000000e606300000,0x000000e606400000) (1024K)]
  0x00000237e8a02fa0 JavaThread "PatternSearchJob-worker-5"  daemon [_thread_blocked, id=24388, stack(0x000000e606200000,0x000000e606300000) (1024K)]
  0x00000237e8a06ab0 JavaThread "Worker-7"                          [_thread_blocked, id=22488, stack(0x000000e603f00000,0x000000e604000000) (1024K)]
  0x00000237e8daff30 JavaThread "Worker-8"                          [_thread_blocked, id=20460, stack(0x000000e601b00000,0x000000e601c00000) (1024K)]
  0x00000237e92482b0 JavaThread "Compiler Source File Reader" daemon [_thread_blocked, id=3392, stack(0x000000e601a00000,0x000000e601b00000) (1024K)]
  0x00000237e9248fd0 JavaThread "Worker-10: Publish Diagnostics"        [_thread_blocked, id=9060, stack(0x000000e601c00000,0x000000e601d00000) (1024K)]
  0x00000237e8db12e0 JavaThread "Compiler Processing Task"   daemon [_thread_blocked, id=19712, stack(0x000000e603b00000,0x000000e603c00000) (1024K)]
  0x00000237e8daeb80 JavaThread "ForkJoinPool.commonPool-worker-24" daemon [_thread_blocked, id=34732, stack(0x000000e603e00000,0x000000e603f00000) (1024K)]
  0x00000237e8dae4f0 JavaThread "ForkJoinPool.commonPool-worker-25" daemon [_thread_blocked, id=21220, stack(0x000000e604000000,0x000000e604100000) (1024K)]
  0x00000237e8db2690 JavaThread "ForkJoinPool.commonPool-worker-26" daemon [_thread_blocked, id=34660, stack(0x000000e604200000,0x000000e604300000) (1024K)]
  0x00000237e8db2000 JavaThread "ForkJoinPool.commonPool-worker-27" daemon [_thread_blocked, id=34480, stack(0x000000e604300000,0x000000e604400000) (1024K)]
  0x00000237e8db2d20 JavaThread "ForkJoinPool.commonPool-worker-28" daemon [_thread_blocked, id=20528, stack(0x000000e604400000,0x000000e604500000) (1024K)]
  0x00000237e8daf8a0 JavaThread "ForkJoinPool.commonPool-worker-29" daemon [_thread_blocked, id=20748, stack(0x000000e605500000,0x000000e605600000) (1024K)]
  0x00000237e8db5b10 JavaThread "Compiler Source File Reader" daemon [_thread_blocked, id=12932, stack(0x000000e605600000,0x000000e605700000) (1024K)]
  0x00000237e8db33b0 JavaThread "Compiler Source File Reader" daemon [_thread_blocked, id=19748, stack(0x000000e605800000,0x000000e605900000) (1024K)]
  0x00000237e8db3a40 JavaThread "Compiler Source File Reader" daemon [_thread_blocked, id=21604, stack(0x000000e605900000,0x000000e605a00000) (1024K)]
  0x00000237e8db40d0 JavaThread "Compiler Source File Reader" daemon [_thread_blocked, id=35492, stack(0x000000e605a00000,0x000000e605b00000) (1024K)]
  0x00000237e9ae6410 JavaThread "Compiler Source File Reader" daemon [_thread_blocked, id=27368, stack(0x000000e605b00000,0x000000e605c00000) (1024K)]
  0x00000237e9ae6aa0 JavaThread "Compiler Source File Reader" daemon [_thread_blocked, id=29228, stack(0x000000e605c00000,0x000000e605d00000) (1024K)]
  0x00000237e9ae4340 JavaThread "Compiler Source File Reader" daemon [_thread_blocked, id=10360, stack(0x000000e605d00000,0x000000e605e00000) (1024K)]
  0x00000237e6199b90 JavaThread "pool-1-thread-7"                   [_thread_blocked, id=17252, stack(0x000000e605e00000,0x000000e605f00000) (1024K)]
  0x00000237e619a220 JavaThread "Compiler Source File Reader" daemon [_thread_blocked, id=20296, stack(0x000000e605f00000,0x000000e606000000) (1024K)]
  0x00000237e61987e0 JavaThread "Compiler Source File Reader" daemon [_thread_blocked, id=30484, stack(0x000000e606100000,0x000000e606200000) (1024K)]
Total: 62

Other Threads:
  0x00000237c92b5890 VMThread "VM Thread"                           [id=13396, stack(0x000000e602000000,0x000000e602100000) (1024K)] _threads_hazard_ptr=0x00000237e8738a90
  0x00000237dfb9ca00 WatcherThread "VM Periodic Task Thread"        [id=24132, stack(0x000000e601f00000,0x000000e602000000) (1024K)]
  0x00000237c9236f20 WorkerThread "GC Thread#0"                     [id=13176, stack(0x000000e601e00000,0x000000e601f00000) (1024K)]
  0x00000237e6171f60 WorkerThread "GC Thread#1"                     [id=4776, stack(0x000000e602b00000,0x000000e602c00000) (1024K)]
  0x00000237e61731d0 WorkerThread "GC Thread#2"                     [id=35588, stack(0x000000e602c00000,0x000000e602d00000) (1024K)]
  0x00000237e6172a70 WorkerThread "GC Thread#3"                     [id=2088, stack(0x000000e602d00000,0x000000e602e00000) (1024K)]
  0x00000237e6172e20 WorkerThread "GC Thread#4"                     [id=2848, stack(0x000000e602e00000,0x000000e602f00000) (1024K)]
  0x00000237e6171800 WorkerThread "GC Thread#5"                     [id=21176, stack(0x000000e602f00000,0x000000e603000000) (1024K)]
  0x00000237e6171bb0 WorkerThread "GC Thread#6"                     [id=34924, stack(0x000000e603000000,0x000000e603100000) (1024K)]
  0x00000237e6754280 WorkerThread "GC Thread#7"                     [id=8952, stack(0x000000e603200000,0x000000e603300000) (1024K)]
  0x00000237e6756ec0 WorkerThread "GC Thread#8"                     [id=21568, stack(0x000000e603800000,0x000000e603900000) (1024K)]
  0x00000237e6753ed0 WorkerThread "GC Thread#9"                     [id=2324, stack(0x000000e603900000,0x000000e603a00000) (1024K)]
Total: 12

Threads with active compile tasks:
Total: 0

VM state: synchronizing (normal execution)

VM Mutex/Monitor currently owned by a thread:  ([mutex/lock_event])
[0x00007ffde729f570] Threads_lock - owner thread: 0x00000237c92b5890
[0x00007ffde729f670] Heap_lock - owner thread: 0x00000237e9248fd0

Heap address: 0x0000000080000000, size: 2048 MB, Compressed Oops mode: 32-bit

CDS archive(s) mapped at: [0x0000023780000000-0x0000023780ba0000-0x0000023780ba0000), size 12189696, SharedBaseAddress: 0x0000023780000000, ArchiveRelocationMode: 1.
Compressed class space mapped at: 0x0000023781000000-0x00000237c1000000, reserved size: 1073741824
Narrow klass base: 0x0000023780000000, Narrow klass shift: 0, Narrow klass range: 0x100000000

GC Precious Log:
 CardTable entry size: 512
 CPUs: 12 total, 12 available
 Memory: 5989M
 Large Page Support: Disabled
 NUMA Support: Disabled
 Compressed Oops: Enabled (32-bit)
 Alignments: Space 512K, Generation 512K, Heap 2M
 Heap Min Capacity: 100M
 Heap Initial Capacity: 100M
 Heap Max Capacity: 2G
 Pre-touch: Disabled
 Parallel Workers: 10

Heap:
 PSYoungGen      total 3072K, used 3040K [0x00000000d5580000, 0x00000000d5980000, 0x0000000100000000)
  eden space 2560K, 100% used [0x00000000d5580000,0x00000000d5800000,0x00000000d5800000)
  from space 512K, 93% used [0x00000000d5900000,0x00000000d5978000,0x00000000d5980000)
  to   space 512K, 0% used [0x00000000d5880000,0x00000000d5880000,0x00000000d5900000)
 ParOldGen       total 1234432K, used 1234145K [0x0000000080000000, 0x00000000cb580000, 0x00000000d5580000)
  object space 1234432K, 99% used [0x0000000080000000,0x00000000cb538508,0x00000000cb580000)
 Metaspace       used 87926K, committed 89600K, reserved 1179648K
  class space    used 8962K, committed 9728K, reserved 1048576K

Card table byte_map: [0x00000237c8bb0000,0x00000237c8fc0000] _byte_map_base: 0x00000237c87b0000

Marking Bits: (ParMarkBitMap*) 0x00007ffde72a4460
 Begin Bits: [0x00000237db6c0000, 0x00000237dd6c0000)
 End Bits:   [0x00000237dd6c0000, 0x00000237df6c0000)

Polling page: 0x00000237c7460000

Metaspace:

Usage:
  Non-class:     77.11 MB used.
      Class:      8.75 MB used.
       Both:     85.87 MB used.

Virtual space:
  Non-class space:      128.00 MB reserved,      78.00 MB ( 61%) committed,  2 nodes.
      Class space:        1.00 GB reserved,       9.50 MB ( <1%) committed,  1 nodes.
             Both:        1.12 GB reserved,      87.50 MB (  8%) committed. 

Chunk freelists:
   Non-Class:  1.45 MB
       Class:  6.50 MB
        Both:  7.95 MB

MaxMetaspaceSize: unlimited
CompressedClassSpaceSize: 1.00 GB
Initial GC threshold: 21.00 MB
Current GC threshold: 130.31 MB
CDS: on
 - commit_granule_bytes: 65536.
 - commit_granule_words: 8192.
 - virtual_space_node_default_size: 8388608.
 - enlarge_chunks_in_place: 1.
 - use_allocation_guard: 0.


Internal statistics:

num_allocs_failed_limit: 13.
num_arena_births: 1652.
num_arena_deaths: 328.
num_vsnodes_births: 3.
num_vsnodes_deaths: 0.
num_space_committed: 1400.
num_space_uncommitted: 0.
num_chunks_returned_to_freelist: 384.
num_chunks_taken_from_freelist: 6122.
num_chunk_merges: 112.
num_chunk_splits: 3590.
num_chunks_enlarged: 1971.
num_inconsistent_stats: 0.

CodeHeap 'non-profiled nmethods': size=120000Kb used=18717Kb max_used=18717Kb free=101282Kb
 bounds [0x00000237d3ee0000, 0x00000237d5130000, 0x00000237db410000]
CodeHeap 'profiled nmethods': size=120000Kb used=50138Kb max_used=50138Kb free=69861Kb
 bounds [0x00000237cc410000, 0x00000237cf510000, 0x00000237d3940000]
CodeHeap 'non-nmethods': size=5760Kb used=1516Kb max_used=1577Kb free=4243Kb
 bounds [0x00000237d3940000, 0x00000237d3bb0000, 0x00000237d3ee0000]
CodeCache: size=245760Kb, used=70371Kb, max_used=70432Kb, free=175386Kb
 total_blobs=19603, nmethods=18765, adapters=738, full_count=0
Compilation: enabled, stopped_count=0, restarted_count=0

Compilation events (20 events):
Event: 4533.229 Thread 0x00000237e1030bd0 20527       3       org.eclipse.jdt.ls.core.internal.preferences.ClientPreferences::isDiagnosticTagSupported (60 bytes)
Event: 4533.232 Thread 0x00000237e1030bd0 nmethod 20527 0x00000237cf4fb890 code [0x00000237cf4fba80, 0x00000237cf4fbe00]
Event: 4533.574 Thread 0x00000237e1030bd0 20528       3       org.eclipse.jdt.internal.compiler.ast.ReturnStatement::<init> (9 bytes)
Event: 4533.574 Thread 0x00000237e1030bd0 nmethod 20528 0x00000237cf4fbf90 code [0x00000237cf4fc140, 0x00000237cf4fc400]
Event: 4533.574 Thread 0x00000237e1030bd0 20529       3       org.eclipse.jdt.internal.compiler.ast.ReturnStatement::<init> (31 bytes)
Event: 4533.574 Thread 0x00000237e1030bd0 nmethod 20529 0x00000237cf4fc590 code [0x00000237cf4fc740, 0x00000237cf4fc998]
Event: 4533.581 Thread 0x00000237e1030bd0 20530       3       org.eclipse.jdt.internal.compiler.parser.RecoveryScannerData::removeUnused (248 bytes)
Event: 4533.582 Thread 0x00000237e1030bd0 nmethod 20530 0x00000237cf4fca90 code [0x00000237cf4fccc0, 0x00000237cf4fd728]
Event: 4533.748 Thread 0x00000237e1030bd0 20531       1       org.eclipse.jdt.internal.corext.refactoring.code.flow.FlowContext::getArrayLength (5 bytes)
Event: 4533.748 Thread 0x00000237e1030bd0 nmethod 20531 0x00000237d5127290 code [0x00000237d5127420, 0x00000237d51274e8]
Event: 4533.751 Thread 0x00000237e1030bd0 20532       3       org.eclipse.jdt.ls.core.internal.preferences.ClientPreferences::isGenerateToStringPromptSupported (22 bytes)
Event: 4533.752 Thread 0x00000237e1030bd0 nmethod 20532 0x00000237cf4fdc90 code [0x00000237cf4fde80, 0x00000237cf4fe1d8]
Event: 4533.983 Thread 0x00000237e1030bd0 20533       3       org.eclipse.jdt.internal.compiler.parser.Parser::consumeStatementReturn (102 bytes)
Event: 4533.984 Thread 0x00000237e1030bd0 nmethod 20533 0x00000237cf4fe310 code [0x00000237cf4fe520, 0x00000237cf4fea58]
Event: 4533.991 Thread 0x00000237e1030bd0 20534   !   3       org.eclipse.jdt.internal.core.ReconcileWorkingCopyOperation::reportProblems (151 bytes)
Event: 4533.994 Thread 0x00000237e1030bd0 nmethod 20534 0x00000237cf4fec90 code [0x00000237cf4fef80, 0x00000237cf4fff18]
Event: 4533.994 Thread 0x00000237e1030bd0 20535       3       org.eclipse.jdt.ls.core.internal.handlers.DiagnosticsHandler::beginReporting (26 bytes)
Event: 4533.996 Thread 0x00000237e1030bd0 nmethod 20535 0x00000237cf500690 code [0x00000237cf500a20, 0x00000237cf501cc0]
Event: 4533.996 Thread 0x00000237e1030bd0 20536       3       org.eclipse.jdt.ls.core.internal.handlers.BaseDiagnosticsHandler::endReporting (106 bytes)
Event: 4534.003 Thread 0x00000237e1030bd0 nmethod 20536 0x00000237cf502490 code [0x00000237cf502a20, 0x00000237cf505808]

GC Heap History (20 events):
Event: 4531.272 GC heap before
{Heap before GC invocations=1863 (full 4):
 PSYoungGen      total 2560K, used 2416K [0x00000000d5580000, 0x00000000d5880000, 0x0000000100000000)
  eden space 2048K, 100% used [0x00000000d5580000,0x00000000d5780000,0x00000000d5780000)
  from space 512K, 71% used [0x00000000d5800000,0x00000000d585c010,0x00000000d5880000)
  to   space 512K, 0% used [0x00000000d5780000,0x00000000d5780000,0x00000000d5800000)
 ParOldGen       total 1232896K, used 1232401K [0x0000000080000000, 0x00000000cb400000, 0x00000000d5580000)
  object space 1232896K, 99% used [0x0000000080000000,0x00000000cb384728,0x00000000cb400000)
 Metaspace       used 87899K, committed 89536K, reserved 1179648K
  class space    used 8962K, committed 9728K, reserved 1048576K
}
Event: 4531.276 GC heap after
{Heap after GC invocations=1863 (full 4):
 PSYoungGen      total 2560K, used 496K [0x00000000d5580000, 0x00000000d5a00000, 0x0000000100000000)
  eden space 2048K, 0% used [0x00000000d5580000,0x00000000d5580000,0x00000000d5780000)
  from space 512K, 96% used [0x00000000d5780000,0x00000000d57fc010,0x00000000d5800000)
  to   space 1024K, 0% used [0x00000000d5900000,0x00000000d5900000,0x00000000d5a00000)
 ParOldGen       total 1232896K, used 1232449K [0x0000000080000000, 0x00000000cb400000, 0x00000000d5580000)
  object space 1232896K, 99% used [0x0000000080000000,0x00000000cb390728,0x00000000cb400000)
 Metaspace       used 87899K, committed 89536K, reserved 1179648K
  class space    used 8962K, committed 9728K, reserved 1048576K
}
Event: 4531.567 GC heap before
{Heap before GC invocations=1864 (full 4):
 PSYoungGen      total 2560K, used 2544K [0x00000000d5580000, 0x00000000d5a00000, 0x0000000100000000)
  eden space 2048K, 100% used [0x00000000d5580000,0x00000000d5780000,0x00000000d5780000)
  from space 512K, 96% used [0x00000000d5780000,0x00000000d57fc010,0x00000000d5800000)
  to   space 1024K, 0% used [0x00000000d5900000,0x00000000d5900000,0x00000000d5a00000)
 ParOldGen       total 1232896K, used 1232449K [0x0000000080000000, 0x00000000cb400000, 0x00000000d5580000)
  object space 1232896K, 99% used [0x0000000080000000,0x00000000cb390728,0x00000000cb400000)
 Metaspace       used 87900K, committed 89536K, reserved 1179648K
  class space    used 8962K, committed 9728K, reserved 1048576K
}
Event: 4531.570 GC heap after
{Heap after GC invocations=1864 (full 4):
 PSYoungGen      total 3072K, used 464K [0x00000000d5580000, 0x00000000d5980000, 0x0000000100000000)
  eden space 2560K, 0% used [0x00000000d5580000,0x00000000d5580000,0x00000000d5800000)
  from space 512K, 90% used [0x00000000d5900000,0x00000000d5974010,0x00000000d5980000)
  to   space 512K, 0% used [0x00000000d5880000,0x00000000d5880000,0x00000000d5900000)
 ParOldGen       total 1232896K, used 1232782K [0x0000000080000000, 0x00000000cb400000, 0x00000000d5580000)
  object space 1232896K, 99% used [0x0000000080000000,0x00000000cb3e3bb8,0x00000000cb400000)
 Metaspace       used 87900K, committed 89536K, reserved 1179648K
  class space    used 8962K, committed 9728K, reserved 1048576K
}
Event: 4531.879 GC heap before
{Heap before GC invocations=1865 (full 4):
 PSYoungGen      total 3072K, used 3020K [0x00000000d5580000, 0x00000000d5980000, 0x0000000100000000)
  eden space 2560K, 99% used [0x00000000d5580000,0x00000000d57ff270,0x00000000d5800000)
  from space 512K, 90% used [0x00000000d5900000,0x00000000d5974010,0x00000000d5980000)
  to   space 512K, 0% used [0x00000000d5880000,0x00000000d5880000,0x00000000d5900000)
 ParOldGen       total 1232896K, used 1232782K [0x0000000080000000, 0x00000000cb400000, 0x00000000d5580000)
  object space 1232896K, 99% used [0x0000000080000000,0x00000000cb3e3bb8,0x00000000cb400000)
 Metaspace       used 87901K, committed 89536K, reserved 1179648K
  class space    used 8962K, committed 9728K, reserved 1048576K
}
Event: 4531.881 GC heap after
{Heap after GC invocations=1865 (full 4):
 PSYoungGen      total 3072K, used 256K [0x00000000d5580000, 0x00000000d5980000, 0x0000000100000000)
  eden space 2560K, 0% used [0x00000000d5580000,0x00000000d5580000,0x00000000d5800000)
  from space 512K, 50% used [0x00000000d5880000,0x00000000d58c0000,0x00000000d5900000)
  to   space 512K, 0% used [0x00000000d5900000,0x00000000d5900000,0x00000000d5980000)
 ParOldGen       total 1232896K, used 1232806K [0x0000000080000000, 0x00000000cb400000, 0x00000000d5580000)
  object space 1232896K, 99% used [0x0000000080000000,0x00000000cb3e9bb8,0x00000000cb400000)
 Metaspace       used 87901K, committed 89536K, reserved 1179648K
  class space    used 8962K, committed 9728K, reserved 1048576K
}
Event: 4532.074 GC heap before
{Heap before GC invocations=1866 (full 4):
 PSYoungGen      total 3072K, used 2816K [0x00000000d5580000, 0x00000000d5980000, 0x0000000100000000)
  eden space 2560K, 100% used [0x00000000d5580000,0x00000000d5800000,0x00000000d5800000)
  from space 512K, 50% used [0x00000000d5880000,0x00000000d58c0000,0x00000000d5900000)
  to   space 512K, 0% used [0x00000000d5900000,0x00000000d5900000,0x00000000d5980000)
 ParOldGen       total 1232896K, used 1232806K [0x0000000080000000, 0x00000000cb400000, 0x00000000d5580000)
  object space 1232896K, 99% used [0x0000000080000000,0x00000000cb3e9bb8,0x00000000cb400000)
 Metaspace       used 87902K, committed 89600K, reserved 1179648K
  class space    used 8962K, committed 9728K, reserved 1048576K
}
Event: 4532.077 GC heap after
{Heap after GC invocations=1866 (full 4):
 PSYoungGen      total 3072K, used 320K [0x00000000d5580000, 0x00000000d5980000, 0x0000000100000000)
  eden space 2560K, 0% used [0x00000000d5580000,0x00000000d5580000,0x00000000d5800000)
  from space 512K, 62% used [0x00000000d5900000,0x00000000d5950000,0x00000000d5980000)
  to   space 512K, 0% used [0x00000000d5880000,0x00000000d5880000,0x00000000d5900000)
 ParOldGen       total 1232896K, used 1232822K [0x0000000080000000, 0x00000000cb400000, 0x00000000d5580000)
  object space 1232896K, 99% used [0x0000000080000000,0x00000000cb3edbb8,0x00000000cb400000)
 Metaspace       used 87902K, committed 89600K, reserved 1179648K
  class space    used 8962K, committed 9728K, reserved 1048576K
}
Event: 4532.434 GC heap before
{Heap before GC invocations=1867 (full 4):
 PSYoungGen      total 3072K, used 2880K [0x00000000d5580000, 0x00000000d5980000, 0x0000000100000000)
  eden space 2560K, 100% used [0x00000000d5580000,0x00000000d5800000,0x00000000d5800000)
  from space 512K, 62% used [0x00000000d5900000,0x00000000d5950000,0x00000000d5980000)
  to   space 512K, 0% used [0x00000000d5880000,0x00000000d5880000,0x00000000d5900000)
 ParOldGen       total 1232896K, used 1232822K [0x0000000080000000, 0x00000000cb400000, 0x00000000d5580000)
  object space 1232896K, 99% used [0x0000000080000000,0x00000000cb3edbb8,0x00000000cb400000)
 Metaspace       used 87902K, committed 89600K, reserved 1179648K
  class space    used 8962K, committed 9728K, reserved 1048576K
}
Event: 4532.436 GC heap after
{Heap after GC invocations=1867 (full 4):
 PSYoungGen      total 3072K, used 256K [0x00000000d5580000, 0x00000000d5980000, 0x0000000100000000)
  eden space 2560K, 0% used [0x00000000d5580000,0x00000000d5580000,0x00000000d5800000)
  from space 512K, 50% used [0x00000000d5880000,0x00000000d58c0000,0x00000000d5900000)
  to   space 512K, 0% used [0x00000000d5900000,0x00000000d5900000,0x00000000d5980000)
 ParOldGen       total 1232896K, used 1232830K [0x0000000080000000, 0x00000000cb400000, 0x00000000d5580000)
  object space 1232896K, 99% used [0x0000000080000000,0x00000000cb3efbb8,0x00000000cb400000)
 Metaspace       used 87902K, committed 89600K, reserved 1179648K
  class space    used 8962K, committed 9728K, reserved 1048576K
}
Event: 4532.682 GC heap before
{Heap before GC invocations=1868 (full 4):
 PSYoungGen      total 3072K, used 2815K [0x00000000d5580000, 0x00000000d5980000, 0x0000000100000000)
  eden space 2560K, 99% used [0x00000000d5580000,0x00000000d57ffff0,0x00000000d5800000)
  from space 512K, 50% used [0x00000000d5880000,0x00000000d58c0000,0x00000000d5900000)
  to   space 512K, 0% used [0x00000000d5900000,0x00000000d5900000,0x00000000d5980000)
 ParOldGen       total 1232896K, used 1232830K [0x0000000080000000, 0x00000000cb400000, 0x00000000d5580000)
  object space 1232896K, 99% used [0x0000000080000000,0x00000000cb3efbb8,0x00000000cb400000)
 Metaspace       used 87903K, committed 89600K, reserved 1179648K
  class space    used 8962K, committed 9728K, reserved 1048576K
}
Event: 4532.684 GC heap after
{Heap after GC invocations=1868 (full 4):
 PSYoungGen      total 3072K, used 496K [0x00000000d5580000, 0x00000000d5a00000, 0x0000000100000000)
  eden space 2560K, 0% used [0x00000000d5580000,0x00000000d5580000,0x00000000d5800000)
  from space 512K, 96% used [0x00000000d5900000,0x00000000d597c010,0x00000000d5980000)
  to   space 1024K, 0% used [0x00000000d5800000,0x00000000d5800000,0x00000000d5900000)
 ParOldGen       total 1232896K, used 1232894K [0x0000000080000000, 0x00000000cb400000, 0x00000000d5580000)
  object space 1232896K, 99% used [0x0000000080000000,0x00000000cb3ffbb8,0x00000000cb400000)
 Metaspace       used 87903K, committed 89600K, reserved 1179648K
  class space    used 8962K, committed 9728K, reserved 1048576K
}
Event: 4533.055 GC heap before
{Heap before GC invocations=1869 (full 4):
 PSYoungGen      total 3072K, used 3056K [0x00000000d5580000, 0x00000000d5a00000, 0x0000000100000000)
  eden space 2560K, 100% used [0x00000000d5580000,0x00000000d5800000,0x00000000d5800000)
  from space 512K, 96% used [0x00000000d5900000,0x00000000d597c010,0x00000000d5980000)
  to   space 1024K, 0% used [0x00000000d5800000,0x00000000d5800000,0x00000000d5900000)
 ParOldGen       total 1232896K, used 1232894K [0x0000000080000000, 0x00000000cb400000, 0x00000000d5580000)
  object space 1232896K, 99% used [0x0000000080000000,0x00000000cb3ffbb8,0x00000000cb400000)
 Metaspace       used 87904K, committed 89600K, reserved 1179648K
  class space    used 8962K, committed 9728K, reserved 1048576K
}
Event: 4533.059 GC heap after
{Heap after GC invocations=1869 (full 4):
 PSYoungGen      total 3584K, used 544K [0x00000000d5580000, 0x00000000d5a00000, 0x0000000100000000)
  eden space 2560K, 0% used [0x00000000d5580000,0x00000000d5580000,0x00000000d5800000)
  from space 1024K, 53% used [0x00000000d5800000,0x00000000d5888000,0x00000000d5900000)
  to   space 1024K, 0% used [0x00000000d5900000,0x00000000d5900000,0x00000000d5a00000)
 ParOldGen       total 1233408K, used 1233284K [0x0000000080000000, 0x00000000cb480000, 0x00000000d5580000)
  object space 1233408K, 99% used [0x0000000080000000,0x00000000cb461048,0x00000000cb480000)
 Metaspace       used 87904K, committed 89600K, reserved 1179648K
  class space    used 8962K, committed 9728K, reserved 1048576K
}
Event: 4533.220 GC heap before
{Heap before GC invocations=1870 (full 4):
 PSYoungGen      total 3584K, used 3102K [0x00000000d5580000, 0x00000000d5a00000, 0x0000000100000000)
  eden space 2560K, 99% used [0x00000000d5580000,0x00000000d57ffa28,0x00000000d5800000)
  from space 1024K, 53% used [0x00000000d5800000,0x00000000d5888000,0x00000000d5900000)
  to   space 1024K, 0% used [0x00000000d5900000,0x00000000d5900000,0x00000000d5a00000)
 ParOldGen       total 1233408K, used 1233284K [0x0000000080000000, 0x00000000cb480000, 0x00000000d5580000)
  object space 1233408K, 99% used [0x0000000080000000,0x00000000cb461048,0x00000000cb480000)
 Metaspace       used 87910K, committed 89600K, reserved 1179648K
  class space    used 8962K, committed 9728K, reserved 1048576K
}
Event: 4533.225 GC heap after
{Heap after GC invocations=1870 (full 4):
 PSYoungGen      total 3072K, used 128K [0x00000000d5580000, 0x00000000d5980000, 0x0000000100000000)
  eden space 2560K, 0% used [0x00000000d5580000,0x00000000d5580000,0x00000000d5800000)
  from space 512K, 25% used [0x00000000d5900000,0x00000000d5920000,0x00000000d5980000)
  to   space 512K, 0% used [0x00000000d5880000,0x00000000d5880000,0x00000000d5900000)
 ParOldGen       total 1233920K, used 1233698K [0x0000000080000000, 0x00000000cb500000, 0x00000000d5580000)
  object space 1233920K, 99% used [0x0000000080000000,0x00000000cb4c8a98,0x00000000cb500000)
 Metaspace       used 87910K, committed 89600K, reserved 1179648K
  class space    used 8962K, committed 9728K, reserved 1048576K
}
Event: 4533.743 GC heap before
{Heap before GC invocations=1871 (full 4):
 PSYoungGen      total 3072K, used 2687K [0x00000000d5580000, 0x00000000d5980000, 0x0000000100000000)
  eden space 2560K, 99% used [0x00000000d5580000,0x00000000d57ffff8,0x00000000d5800000)
  from space 512K, 25% used [0x00000000d5900000,0x00000000d5920000,0x00000000d5980000)
  to   space 512K, 0% used [0x00000000d5880000,0x00000000d5880000,0x00000000d5900000)
 ParOldGen       total 1233920K, used 1233698K [0x0000000080000000, 0x00000000cb500000, 0x00000000d5580000)
  object space 1233920K, 99% used [0x0000000080000000,0x00000000cb4c8a98,0x00000000cb500000)
 Metaspace       used 87915K, committed 89600K, reserved 1179648K
  class space    used 8962K, committed 9728K, reserved 1048576K
}
Event: 4533.747 GC heap after
{Heap after GC invocations=1871 (full 4):
 PSYoungGen      total 3072K, used 496K [0x00000000d5580000, 0x00000000d5a00000, 0x0000000100000000)
  eden space 2560K, 0% used [0x00000000d5580000,0x00000000d5580000,0x00000000d5800000)
  from space 512K, 96% used [0x00000000d5880000,0x00000000d58fc030,0x00000000d5900000)
  to   space 1024K, 0% used [0x00000000d5900000,0x00000000d5900000,0x00000000d5a00000)
 ParOldGen       total 1233920K, used 1233730K [0x0000000080000000, 0x00000000cb500000, 0x00000000d5580000)
  object space 1233920K, 99% used [0x0000000080000000,0x00000000cb4d0a98,0x00000000cb500000)
 Metaspace       used 87915K, committed 89600K, reserved 1179648K
  class space    used 8962K, committed 9728K, reserved 1048576K
}
Event: 4533.986 GC heap before
{Heap before GC invocations=1872 (full 4):
 PSYoungGen      total 3072K, used 3056K [0x00000000d5580000, 0x00000000d5a00000, 0x0000000100000000)
  eden space 2560K, 100% used [0x00000000d5580000,0x00000000d5800000,0x00000000d5800000)
  from space 512K, 96% used [0x00000000d5880000,0x00000000d58fc030,0x00000000d5900000)
  to   space 1024K, 0% used [0x00000000d5900000,0x00000000d5900000,0x00000000d5a00000)
 ParOldGen       total 1233920K, used 1233730K [0x0000000080000000, 0x00000000cb500000, 0x00000000d5580000)
  object space 1233920K, 99% used [0x0000000080000000,0x00000000cb4d0a98,0x00000000cb500000)
 Metaspace       used 87915K, committed 89600K, reserved 1179648K
  class space    used 8962K, committed 9728K, reserved 1048576K
}
Event: 4533.989 GC heap after
{Heap after GC invocations=1872 (full 4):
 PSYoungGen      total 3072K, used 480K [0x00000000d5580000, 0x00000000d5980000, 0x0000000100000000)
  eden space 2560K, 0% used [0x00000000d5580000,0x00000000d5580000,0x00000000d5800000)
  from space 512K, 93% used [0x00000000d5900000,0x00000000d5978000,0x00000000d5980000)
  to   space 512K, 0% used [0x00000000d5880000,0x00000000d5880000,0x00000000d5900000)
 ParOldGen       total 1234432K, used 1234145K [0x0000000080000000, 0x00000000cb580000, 0x00000000d5580000)
  object space 1234432K, 99% used [0x0000000080000000,0x00000000cb538508,0x00000000cb580000)
 Metaspace       used 87915K, committed 89600K, reserved 1179648K
  class space    used 8962K, committed 9728K, reserved 1048576K
}

Dll operation events (12 events):
Event: 0.250 Loaded shared library c:\Users\Vishal\.vscode\extensions\redhat.java-1.55.0-win32-x64\jre\21.0.11-win32-x86_64\bin\java.dll
Event: 0.475 Loaded shared library c:\Users\Vishal\.vscode\extensions\redhat.java-1.55.0-win32-x64\jre\21.0.11-win32-x86_64\bin\zip.dll
Event: 0.513 Loaded shared library C:\Users\Vishal\.vscode\extensions\redhat.java-1.55.0-win32-x64\jre\21.0.11-win32-x86_64\bin\instrument.dll
Event: 0.586 Loaded shared library C:\Users\Vishal\.vscode\extensions\redhat.java-1.55.0-win32-x64\jre\21.0.11-win32-x86_64\bin\net.dll
Event: 0.645 Loaded shared library C:\Users\Vishal\.vscode\extensions\redhat.java-1.55.0-win32-x64\jre\21.0.11-win32-x86_64\bin\nio.dll
Event: 0.650 Loaded shared library C:\Users\Vishal\.vscode\extensions\redhat.java-1.55.0-win32-x64\jre\21.0.11-win32-x86_64\bin\zip.dll
Event: 0.690 Loaded shared library C:\Users\Vishal\.vscode\extensions\redhat.java-1.55.0-win32-x64\jre\21.0.11-win32-x86_64\bin\jimage.dll
Event: 0.940 Loaded shared library c:\Users\Vishal\.vscode\extensions\redhat.java-1.55.0-win32-x64\jre\21.0.11-win32-x86_64\bin\verify.dll
Event: 10.838 Loaded shared library C:\Users\Vishal\AppData\Roaming\Code\User\globalStorage\redhat.java\1.55.0\config_win\org.eclipse.equinox.launcher\org.eclipse.equinox.launcher.win32.win32.x86_64_1.3.100.v20260613-0559\eclipse_11924.dll
Event: 23.667 Loaded shared library C:\Users\Vishal\AppData\Local\Temp\jna--1732361581\jna9777952196666800484.dll
Event: 35.331 Loaded shared library C:\Users\Vishal\.vscode\extensions\redhat.java-1.55.0-win32-x64\jre\21.0.11-win32-x86_64\bin\sunmscapi.dll
Event: 3239.762 Loaded shared library C:\Users\Vishal\.vscode\extensions\redhat.java-1.55.0-win32-x64\jre\21.0.11-win32-x86_64\bin\extnet.dll

Deoptimization events (20 events):
Event: 4503.312 Thread 0x00000237e8db2d20 DEOPT PACKING pc=0x00000237d4a3d5f8 sp=0x000000e6044ff0f0
Event: 4503.312 Thread 0x00000237e8db2d20 DEOPT UNPACKING pc=0x00000237d3993aa2 sp=0x000000e6044fef60 mode 2
Event: 4504.013 Thread 0x00000237e9247590 Uncommon trap: trap_request=0x00000039 fr.pc=0x00000237d4df6200 relative=0x0000000000000280
Event: 4504.013 Thread 0x00000237e9247590 Uncommon trap: reason=unloaded action=reinterpret pc=0x00000237d4df6200 method=org.eclipse.jface.text.ListLineTracker.getLineOffset(I)I @ 71 c2
Event: 4504.013 Thread 0x00000237e9247590 DEOPT PACKING pc=0x00000237d4df6200 sp=0x000000e6063fedf0
Event: 4504.013 Thread 0x00000237e9247590 DEOPT UNPACKING pc=0x00000237d3993aa2 sp=0x000000e6063fecc8 mode 2
Event: 4515.528 Thread 0x00000237e8db2d20 Uncommon trap: trap_request=0xffffff6e fr.pc=0x00000237d50dbd68 relative=0x00000000000006a8
Event: 4515.528 Thread 0x00000237e8db2d20 Uncommon trap: reason=loop_limit_check action=maybe_recompile pc=0x00000237d50dbd68 method=org.eclipse.jdt.internal.compiler.util.HashtableOfObjectToTokenArray.rehash()V @ 50 c2
Event: 4515.528 Thread 0x00000237e8db2d20 DEOPT PACKING pc=0x00000237d50dbd68 sp=0x000000e6044fe570
Event: 4515.528 Thread 0x00000237e8db2d20 DEOPT UNPACKING pc=0x00000237d3993aa2 sp=0x000000e6044fe520 mode 2
Event: 4527.638 Thread 0x00000237e8daff30 Uncommon trap: trap_request=0xffffff6e fr.pc=0x00000237d510cdd0 relative=0x0000000000003050
Event: 4527.638 Thread 0x00000237e8daff30 Uncommon trap: reason=loop_limit_check action=maybe_recompile pc=0x00000237d510cdd0 method=org.eclipse.jdt.internal.compiler.parser.diagnose.DiagnoseParser.diagnoseParse0(Z)V @ 371 c2
Event: 4527.638 Thread 0x00000237e8daff30 DEOPT PACKING pc=0x00000237d510cdd0 sp=0x000000e601bfe2c0
Event: 4527.639 Thread 0x00000237e8daff30 DEOPT UNPACKING pc=0x00000237d3993aa2 sp=0x000000e601bfe230 mode 2
Event: 4528.582 Thread 0x00000237e93da7d0 Uncommon trap: trap_request=0xffffff6e fr.pc=0x00000237d50e18a0 relative=0x0000000000001fc0
Event: 4528.582 Thread 0x00000237e93da7d0 Uncommon trap: reason=loop_limit_check action=maybe_recompile pc=0x00000237d50e18a0 method=org.eclipse.jdt.internal.compiler.parser.diagnose.DiagnoseParser.diagnoseParse0(Z)V @ 371 c2
Event: 4528.582 Thread 0x00000237e93da7d0 DEOPT PACKING pc=0x00000237d50e18a0 sp=0x000000e6054fd910
Event: 4528.582 Thread 0x00000237e93da7d0 DEOPT UNPACKING pc=0x00000237d3993aa2 sp=0x000000e6054fd8a0 mode 2
Event: 4529.595 Thread 0x00000237e8db2d20 DEOPT PACKING pc=0x00000237cf09afbc sp=0x000000e6044fead0
Event: 4529.595 Thread 0x00000237e8db2d20 DEOPT UNPACKING pc=0x00000237d3994242 sp=0x000000e6044fdfb0 mode 0

Classes loaded (20 events):
Event: 3241.538 Loading class sun/net/www/http/KeepAliveStreamCleaner$1
Event: 3241.538 Loading class sun/net/www/http/KeepAliveStreamCleaner$1 done
Event: 3241.538 Loading class sun/net/www/http/KeepAliveStreamCleaner$2
Event: 3241.538 Loading class sun/net/www/http/KeepAliveStreamCleaner$2 done
Event: 3241.538 Loading class sun/net/www/protocol/http/HttpURLConnection$HttpInputStream
Event: 3241.539 Loading class sun/net/www/protocol/http/HttpURLConnection$HttpInputStream done
Event: 3241.540 Loading class sun/net/www/http/KeepAliveCache$1
Event: 3241.540 Loading class sun/net/www/http/KeepAliveCache$1 done
Event: 3241.541 Loading class sun/net/www/http/KeepAliveCache$ClientVector
Event: 3241.541 Loading class sun/net/www/http/KeepAliveCache$ClientVector done
Event: 3241.550 Loading class sun/net/www/http/KeepAliveEntry
Event: 3241.551 Loading class sun/net/www/http/KeepAliveEntry done
Event: 3251.549 Loading class sun/security/ssl/Alert
Event: 3251.549 Loading class sun/security/ssl/Alert done
Event: 3251.551 Loading class sun/security/ssl/Alert$AlertConsumer
Event: 3251.551 Loading class sun/security/ssl/Alert$AlertConsumer done
Event: 3251.552 Loading class sun/security/ssl/Alert$Level
Event: 3251.552 Loading class sun/security/ssl/Alert$Level done
Event: 4475.495 Loading class java/lang/StringLatin1$LinesSpliterator
Event: 4475.500 Loading class java/lang/StringLatin1$LinesSpliterator done

Classes unloaded (20 events):
Event: 3133.364 Thread 0x00000237c92b5890 Unloading class 0x0000023781017400 'java/lang/invoke/LambdaForm$MH+0x0000023781017400'
Event: 3133.364 Thread 0x00000237c92b5890 Unloading class 0x0000023781016400 'java/lang/invoke/LambdaForm$MH+0x0000023781016400'
Event: 3133.364 Thread 0x00000237c92b5890 Unloading class 0x000002378100d800 'java/lang/invoke/LambdaForm$MH+0x000002378100d800'
Event: 3133.365 Thread 0x00000237c92b5890 Unloading class 0x000002378100d400 'java/lang/invoke/LambdaForm$MH+0x000002378100d400'
Event: 3133.365 Thread 0x00000237c92b5890 Unloading class 0x000002378100d000 'java/lang/invoke/LambdaForm$MH+0x000002378100d000'
Event: 3133.365 Thread 0x00000237c92b5890 Unloading class 0x000002378100cc00 'java/lang/invoke/LambdaForm$MH+0x000002378100cc00'
Event: 3133.365 Thread 0x00000237c92b5890 Unloading class 0x000002378100c800 'java/lang/invoke/LambdaForm$BMH+0x000002378100c800'
Event: 3133.365 Thread 0x00000237c92b5890 Unloading class 0x000002378100c000 'java/lang/invoke/LambdaForm$DMH+0x000002378100c000'
Event: 3133.365 Thread 0x00000237c92b5890 Unloading class 0x0000023781008c00 'java/lang/invoke/LambdaForm$MH+0x0000023781008c00'
Event: 3133.365 Thread 0x00000237c92b5890 Unloading class 0x0000023781008800 'java/lang/invoke/LambdaForm$MH+0x0000023781008800'
Event: 3133.365 Thread 0x00000237c92b5890 Unloading class 0x0000023781008400 'java/lang/invoke/LambdaForm$MH+0x0000023781008400'
Event: 3133.365 Thread 0x00000237c92b5890 Unloading class 0x0000023781007000 'java/lang/invoke/LambdaForm$MH+0x0000023781007000'
Event: 3133.365 Thread 0x00000237c92b5890 Unloading class 0x0000023781006800 'java/lang/invoke/LambdaForm$MH+0x0000023781006800'
Event: 3133.365 Thread 0x00000237c92b5890 Unloading class 0x0000023781006400 'java/lang/invoke/LambdaForm$MH+0x0000023781006400'
Event: 3133.365 Thread 0x00000237c92b5890 Unloading class 0x0000023781006000 'java/lang/invoke/LambdaForm$MH+0x0000023781006000'
Event: 3133.365 Thread 0x00000237c92b5890 Unloading class 0x0000023781005c00 'java/lang/invoke/LambdaForm$BMH+0x0000023781005c00'
Event: 3133.365 Thread 0x00000237c92b5890 Unloading class 0x0000023781004800 'java/lang/invoke/LambdaForm$DMH+0x0000023781004800'
Event: 3133.365 Thread 0x00000237c92b5890 Unloading class 0x0000023781002400 'java/lang/invoke/LambdaForm$MH+0x0000023781002400'
Event: 3133.365 Thread 0x00000237c92b5890 Unloading class 0x0000023781002000 'java/lang/invoke/LambdaForm$MH+0x0000023781002000'
Event: 3133.365 Thread 0x00000237c92b5890 Unloading class 0x0000023781001800 'java/lang/invoke/LambdaForm$MH+0x0000023781001800'

Classes redefined (0 events):
No events

Internal exceptions (20 events):
Event: 4526.549 Thread 0x00000237e6199500 Exception <a 'sun/nio/fs/WindowsException'{0x00000000d55a4d58}> (0x00000000d55a4d58) 
thrown [s\src\hotspot\share\prims\jni.cpp, line 520]
Event: 4526.663 Thread 0x00000237e6199500 Exception <a 'sun/nio/fs/WindowsException'{0x00000000d55807b8}> (0x00000000d55807b8) 
thrown [s\src\hotspot\share\prims\jni.cpp, line 520]
Event: 4526.846 Thread 0x00000237e8db2690 Exception <a 'java/lang/ArrayIndexOutOfBoundsException'{0x00000000d5853cd8}> (0x00000000d5853cd8) 
thrown [s\src\hotspot\share\runtime\sharedRuntime.cpp, line 625]
Event: 4526.855 Thread 0x00000237e8db2690 Exception <a 'java/lang/ArrayIndexOutOfBoundsException'{0x00000000d562f5f0}> (0x00000000d562f5f0) 
thrown [s\src\hotspot\share\runtime\sharedRuntime.cpp, line 625]
Event: 4527.036 Thread 0x00000237e8db2690 Exception <a 'java/lang/ArrayIndexOutOfBoundsException'{0x00000000d55d2e08}> (0x00000000d55d2e08) 
thrown [s\src\hotspot\share\runtime\sharedRuntime.cpp, line 625]
Event: 4527.039 Thread 0x00000237e8db2690 Exception <a 'java/lang/ArrayIndexOutOfBoundsException'{0x00000000d56acb90}> (0x00000000d56acb90) 
thrown [s\src\hotspot\share\runtime\sharedRuntime.cpp, line 625]
Event: 4527.260 Thread 0x00000237e8db2690 Exception <a 'java/lang/ArrayIndexOutOfBoundsException'{0x00000000d563ba08}> (0x00000000d563ba08) 
thrown [s\src\hotspot\share\runtime\sharedRuntime.cpp, line 625]
Event: 4527.265 Thread 0x00000237e8db2690 Exception <a 'java/lang/ArrayIndexOutOfBoundsException'{0x00000000d5714cc8}> (0x00000000d5714cc8) 
thrown [s\src\hotspot\share\runtime\sharedRuntime.cpp, line 625]
Event: 4527.672 Thread 0x00000237e9247590 Exception <a 'java/lang/ArrayIndexOutOfBoundsException'{0x00000000d57cad48}> (0x00000000d57cad48) 
thrown [s\src\hotspot\share\runtime\sharedRuntime.cpp, line 625]
Event: 4527.678 Thread 0x00000237e9247590 Exception <a 'java/lang/ArrayIndexOutOfBoundsException'{0x00000000d55b0a20}> (0x00000000d55b0a20) 
thrown [s\src\hotspot\share\runtime\sharedRuntime.cpp, line 625]
Event: 4528.586 Thread 0x00000237e6199500 Exception <a 'sun/nio/fs/WindowsException'{0x00000000d57600e8}> (0x00000000d57600e8) 
thrown [s\src\hotspot\share\prims\jni.cpp, line 520]
Event: 4528.735 Thread 0x00000237e6199500 Exception <a 'sun/nio/fs/WindowsException'{0x00000000d560fef8}> (0x00000000d560fef8) 
thrown [s\src\hotspot\share\prims\jni.cpp, line 520]
Event: 4529.182 Thread 0x00000237e8db2d20 Exception <a 'java/lang/ArrayIndexOutOfBoundsException'{0x00000000d5686ed0}> (0x00000000d5686ed0) 
thrown [s\src\hotspot\share\runtime\sharedRuntime.cpp, line 625]
Event: 4529.188 Thread 0x00000237e8db2d20 Exception <a 'java/lang/ArrayIndexOutOfBoundsException'{0x00000000d576bfc0}> (0x00000000d576bfc0) 
thrown [s\src\hotspot\share\runtime\sharedRuntime.cpp, line 625]
Event: 4529.827 Thread 0x00000237e93da7d0 Exception <a 'java/lang/ArrayIndexOutOfBoundsException'{0x00000000d57945c0}> (0x00000000d57945c0) 
thrown [s\src\hotspot\share\runtime\sharedRuntime.cpp, line 625]
Event: 4529.834 Thread 0x00000237e93da7d0 Exception <a 'java/lang/ArrayIndexOutOfBoundsException'{0x00000000d558eef0}> (0x00000000d558eef0) 
thrown [s\src\hotspot\share\runtime\sharedRuntime.cpp, line 625]
Event: 4529.834 Thread 0x00000237e93da7d0 Exception <a 'java/lang/ArrayIndexOutOfBoundsException'{0x00000000d5590790}> (0x00000000d5590790) 
thrown [s\src\hotspot\share\runtime\sharedRuntime.cpp, line 625]
Event: 4529.834 Thread 0x00000237e93da7d0 Exception <a 'java/lang/ArrayIndexOutOfBoundsException'{0x00000000d5590d68}> (0x00000000d5590d68) 
thrown [s\src\hotspot\share\runtime\sharedRuntime.cpp, line 625]
Event: 4530.100 Thread 0x00000237e6199500 Exception <a 'sun/nio/fs/WindowsException'{0x00000000d565eb80}> (0x00000000d565eb80) 
thrown [s\src\hotspot\share\prims\jni.cpp, line 520]
Event: 4530.275 Thread 0x00000237e6199500 Exception <a 'sun/nio/fs/WindowsException'{0x00000000d55e3cf0}> (0x00000000d55e3cf0) 
thrown [s\src\hotspot\share\prims\jni.cpp, line 520]

ZGC Phase Switch (0 events):
No events

VM Operations (20 events):
Event: 4531.276 Executing safepoint VM operation: ParallelGCFailedAllocation (Allocation Failure) done
Event: 4531.567 Executing safepoint VM operation: ParallelGCFailedAllocation (Allocation Failure)
Event: 4531.570 Executing safepoint VM operation: ParallelGCFailedAllocation (Allocation Failure) done
Event: 4531.879 Executing safepoint VM operation: ParallelGCFailedAllocation (Allocation Failure)
Event: 4531.881 Executing safepoint VM operation: ParallelGCFailedAllocation (Allocation Failure) done
Event: 4532.074 Executing safepoint VM operation: ParallelGCFailedAllocation (Allocation Failure)
Event: 4532.077 Executing safepoint VM operation: ParallelGCFailedAllocation (Allocation Failure) done
Event: 4532.434 Executing safepoint VM operation: ParallelGCFailedAllocation (Allocation Failure)
Event: 4532.436 Executing safepoint VM operation: ParallelGCFailedAllocation (Allocation Failure) done
Event: 4532.681 Executing safepoint VM operation: ParallelGCFailedAllocation (Allocation Failure)
Event: 4532.684 Executing safepoint VM operation: ParallelGCFailedAllocation (Allocation Failure) done
Event: 4533.055 Executing safepoint VM operation: ParallelGCFailedAllocation (Allocation Failure)
Event: 4533.059 Executing safepoint VM operation: ParallelGCFailedAllocation (Allocation Failure) done
Event: 4533.220 Executing safepoint VM operation: ParallelGCFailedAllocation (Allocation Failure)
Event: 4533.225 Executing safepoint VM operation: ParallelGCFailedAllocation (Allocation Failure) done
Event: 4533.743 Executing safepoint VM operation: ParallelGCFailedAllocation (Allocation Failure)
Event: 4533.747 Executing safepoint VM operation: ParallelGCFailedAllocation (Allocation Failure) done
Event: 4533.986 Executing safepoint VM operation: ParallelGCFailedAllocation (Allocation Failure)
Event: 4533.989 Executing safepoint VM operation: ParallelGCFailedAllocation (Allocation Failure) done
Event: 4534.706 Executing safepoint VM operation: ParallelGCFailedAllocation (Allocation Failure)

Memory protections (0 events):
No events

Nmethod flushes (20 events):
Event: 3134.016 Thread 0x00000237c92b5890 flushing  nmethod 0x00000237cd2dbf10
Event: 3134.016 Thread 0x00000237c92b5890 flushing  nmethod 0x00000237cd2dd790
Event: 3134.016 Thread 0x00000237c92b5890 flushing  nmethod 0x00000237cd2de390
Event: 3134.016 Thread 0x00000237c92b5890 flushing  nmethod 0x00000237cd2de910
Event: 3134.016 Thread 0x00000237c92b5890 flushing  nmethod 0x00000237cd2dec90
Event: 3134.016 Thread 0x00000237c92b5890 flushing  nmethod 0x00000237cd2e5810
Event: 3134.016 Thread 0x00000237c92b5890 flushing  nmethod 0x00000237cd2e6110
Event: 3134.016 Thread 0x00000237c92b5890 flushing osr nmethod 0x00000237cd2e7390
Event: 3134.016 Thread 0x00000237c92b5890 flushing  nmethod 0x00000237cd302310
Event: 3134.016 Thread 0x00000237c92b5890 flushing  nmethod 0x00000237cd306590
Event: 3134.016 Thread 0x00000237c92b5890 flushing  nmethod 0x00000237cd30d610
Event: 3134.016 Thread 0x00000237c92b5890 flushing  nmethod 0x00000237cd311d10
Event: 3134.016 Thread 0x00000237c92b5890 flushing  nmethod 0x00000237cd325a10
Event: 3134.016 Thread 0x00000237c92b5890 flushing  nmethod 0x00000237cd346690
Event: 3134.016 Thread 0x00000237c92b5890 flushing  nmethod 0x00000237cd34e210
Event: 3134.016 Thread 0x00000237c92b5890 flushing  nmethod 0x00000237cd34e690
Event: 3134.016 Thread 0x00000237c92b5890 flushing  nmethod 0x00000237cd34eb10
Event: 3134.016 Thread 0x00000237c92b5890 flushing  nmethod 0x00000237cd354d10
Event: 3134.016 Thread 0x00000237c92b5890 flushing osr nmethod 0x00000237cd358b10
Event: 3134.017 Thread 0x00000237c92b5890 flushing osr nmethod 0x00000237cd3e9b90

Events (20 events):
Event: 4339.931 Thread 0x00000237e9248fd0 Thread exited: 0x00000237e9248fd0
Event: 4375.419 Thread 0x00000237e8a06ab0 Thread added: 0x00000237e92482b0
Event: 4375.488 Thread 0x00000237e8daff30 Thread added: 0x00000237e9248fd0
Event: 4375.523 Thread 0x00000237e8a06ab0 Thread added: 0x00000237e8db12e0
Event: 4375.817 Thread 0x00000237e93da7d0 Thread added: 0x00000237e8daeb80
Event: 4375.862 Thread 0x00000237e93da7d0 Thread added: 0x00000237e8dae4f0
Event: 4375.871 Thread 0x00000237e93da7d0 Thread added: 0x00000237e8db2690
Event: 4375.880 Thread 0x00000237e8db2690 Thread added: 0x00000237e8db2000
Event: 4375.886 Thread 0x00000237e8db2000 Thread added: 0x00000237e8db2d20
Event: 4375.891 Thread 0x00000237e8db2d20 Thread added: 0x00000237e8daf8a0
Event: 4400.340 Thread 0x00000237e8a06ab0 Thread added: 0x00000237e8db5b10
Event: 4401.916 Thread 0x00000237e8a06ab0 Thread added: 0x00000237e8db33b0
Event: 4405.371 Thread 0x00000237e8daff30 Thread added: 0x00000237e8db3a40
Event: 4426.147 Thread 0x00000237e9248fd0 Thread added: 0x00000237e8db40d0
Event: 4431.741 Thread 0x00000237e9248fd0 Thread added: 0x00000237e9ae6410
Event: 4436.050 Thread 0x00000237e8daff30 Thread added: 0x00000237e9ae6aa0
Event: 4438.996 Thread 0x00000237e8daff30 Thread added: 0x00000237e9ae4340
Event: 4443.945 Thread 0x00000237e93da7d0 Thread added: 0x00000237e6199b90
Event: 4444.923 Thread 0x00000237e9248fd0 Thread added: 0x00000237e619a220
Event: 4446.651 Thread 0x00000237e9248fd0 Thread added: 0x00000237e61987e0


Dynamic libraries:
0x00007ff676860000 - 0x00007ff67686e000 	c:\Users\Vishal\.vscode\extensions\redhat.java-1.55.0-win32-x64\jre\21.0.11-win32-x86_64\bin\java.exe
0x00007ffef4780000 - 0x00007ffef49e6000 	C:\WINDOWS\SYSTEM32\ntdll.dll
0x00007ffef40e0000 - 0x00007ffef41a9000 	C:\WINDOWS\System32\KERNEL32.DLL
0x00007ffef1f60000 - 0x00007ffef235f000 	C:\WINDOWS\System32\KERNELBASE.dll
0x00007ffeee2b0000 - 0x00007ffeee350000 	C:\WINDOWS\SYSTEM32\apphelp.dll
0x00007ffef1ca0000 - 0x00007ffef1dec000 	C:\WINDOWS\System32\ucrtbase.dll
0x00007ffed2280000 - 0x00007ffed229e000 	c:\Users\Vishal\.vscode\extensions\redhat.java-1.55.0-win32-x64\jre\21.0.11-win32-x86_64\bin\VCRUNTIME140.dll
0x00007ffed2260000 - 0x00007ffed2278000 	c:\Users\Vishal\.vscode\extensions\redhat.java-1.55.0-win32-x64\jre\21.0.11-win32-x86_64\bin\jli.dll
0x00007ffef2fc0000 - 0x00007ffef3186000 	C:\WINDOWS\System32\USER32.dll
0x00007ffef1f30000 - 0x00007ffef1f57000 	C:\WINDOWS\System32\win32u.dll
0x00007ffedc250000 - 0x00007ffedc4e1000 	C:\WINDOWS\WinSxS\amd64_microsoft.windows.common-controls_6595b64144ccf1df_6.0.26100.8972_none_3e0da176e32f9d4b\COMCTL32.dll
0x00007ffef46f0000 - 0x00007ffef471b000 	C:\WINDOWS\System32\GDI32.dll
0x00007ffef2690000 - 0x00007ffef2739000 	C:\WINDOWS\System32\msvcrt.dll
0x00007ffef1e00000 - 0x00007ffef1f29000 	C:\WINDOWS\System32\gdi32full.dll
0x00007ffef2400000 - 0x00007ffef24a3000 	C:\WINDOWS\System32\msvcp_win.dll
0x00007ffef2840000 - 0x00007ffef2872000 	C:\WINDOWS\System32\IMM32.DLL
0x00007ffeec3f0000 - 0x00007ffeec3fc000 	c:\Users\Vishal\.vscode\extensions\redhat.java-1.55.0-win32-x64\jre\21.0.11-win32-x86_64\bin\vcruntime140_1.dll
0x00007ffed21d0000 - 0x00007ffed225d000 	c:\Users\Vishal\.vscode\extensions\redhat.java-1.55.0-win32-x64\jre\21.0.11-win32-x86_64\bin\msvcp140.dll
0x00007ffde65e0000 - 0x00007ffde7382000 	c:\Users\Vishal\.vscode\extensions\redhat.java-1.55.0-win32-x64\jre\21.0.11-win32-x86_64\bin\server\jvm.dll
0x00007ffef33d0000 - 0x00007ffef348c000 	C:\WINDOWS\System32\ADVAPI32.dll
0x00007ffef2e10000 - 0x00007ffef2eb9000 	C:\WINDOWS\System32\sechost.dll
0x00007ffef2940000 - 0x00007ffef2a58000 	C:\WINDOWS\System32\RPCRT4.dll
0x00007ffef36b0000 - 0x00007ffef3732000 	C:\WINDOWS\System32\WS2_32.dll
0x00007ffef17f0000 - 0x00007ffef184e000 	C:\WINDOWS\SYSTEM32\POWRPROF.dll
0x00007ffeeab60000 - 0x00007ffeeab6b000 	C:\WINDOWS\SYSTEM32\VERSION.dll
0x00007ffee9eb0000 - 0x00007ffee9ee6000 	C:\WINDOWS\SYSTEM32\WINMM.dll
0x00007ffef17d0000 - 0x00007ffef17e5000 	C:\WINDOWS\SYSTEM32\UMPDC.dll
0x00007ffef0680000 - 0x00007ffef069b000 	C:\WINDOWS\SYSTEM32\kernel.appcore.dll
0x00007ffeeaba0000 - 0x00007ffeeabaa000 	c:\Users\Vishal\.vscode\extensions\redhat.java-1.55.0-win32-x64\jre\21.0.11-win32-x86_64\bin\jimage.dll
0x00007ffeef1b0000 - 0x00007ffeef3f2000 	C:\WINDOWS\SYSTEM32\DBGHELP.DLL
0x00007ffef2a80000 - 0x00007ffef2e05000 	C:\WINDOWS\System32\combase.dll
0x00007ffef3560000 - 0x00007ffef3639000 	C:\WINDOWS\System32\OLEAUT32.dll
0x00007ffed9d00000 - 0x00007ffed9d3b000 	C:\WINDOWS\SYSTEM32\dbgcore.DLL
0x00007ffef1b20000 - 0x00007ffef1bcc000 	C:\WINDOWS\System32\bcryptPrimitives.dll
0x00007ffee75d0000 - 0x00007ffee75df000 	c:\Users\Vishal\.vscode\extensions\redhat.java-1.55.0-win32-x64\jre\21.0.11-win32-x86_64\bin\instrument.dll
0x00007ffed21b0000 - 0x00007ffed21d0000 	c:\Users\Vishal\.vscode\extensions\redhat.java-1.55.0-win32-x64\jre\21.0.11-win32-x86_64\bin\java.dll
0x00007ffef37a0000 - 0x00007ffef3f28000 	C:\WINDOWS\System32\SHELL32.dll
0x00007ffeef430000 - 0x00007ffeefccb000 	C:\WINDOWS\SYSTEM32\windows.storage.dll
0x00007ffef2ec0000 - 0x00007ffef2fb9000 	C:\WINDOWS\System32\SHCORE.dll
0x00007ffef3640000 - 0x00007ffef36a6000 	C:\WINDOWS\System32\shlwapi.dll
0x00007ffef18b0000 - 0x00007ffef18d9000 	C:\WINDOWS\SYSTEM32\profapi.dll
0x00007ffed2190000 - 0x00007ffed21a8000 	c:\Users\Vishal\.vscode\extensions\redhat.java-1.55.0-win32-x64\jre\21.0.11-win32-x86_64\bin\zip.dll
0x00007ffee3920000 - 0x00007ffee3930000 	C:\Users\Vishal\.vscode\extensions\redhat.java-1.55.0-win32-x64\jre\21.0.11-win32-x86_64\bin\net.dll
0x00007ffee9bc0000 - 0x00007ffee9ce7000 	C:\WINDOWS\SYSTEM32\WINHTTP.dll
0x00007ffef0c30000 - 0x00007ffef0c9c000 	C:\WINDOWS\system32\mswsock.dll
0x00007ffed2170000 - 0x00007ffed2186000 	C:\Users\Vishal\.vscode\extensions\redhat.java-1.55.0-win32-x64\jre\21.0.11-win32-x86_64\bin\nio.dll
0x00007ffee2a40000 - 0x00007ffee2a50000 	c:\Users\Vishal\.vscode\extensions\redhat.java-1.55.0-win32-x64\jre\21.0.11-win32-x86_64\bin\verify.dll
0x00007ffeb2700000 - 0x00007ffeb2745000 	C:\Users\Vishal\AppData\Roaming\Code\User\globalStorage\redhat.java\1.55.0\config_win\org.eclipse.equinox.launcher\org.eclipse.equinox.launcher.win32.win32.x86_64_1.3.100.v20260613-0559\eclipse_11924.dll
0x00007ffef3f40000 - 0x00007ffef40d9000 	C:\WINDOWS\System32\ole32.dll
0x00007ffef0f20000 - 0x00007ffef0f3b000 	C:\WINDOWS\SYSTEM32\CRYPTSP.dll
0x00007ffef05e0000 - 0x00007ffef0619000 	C:\WINDOWS\system32\rsaenh.dll
0x00007ffef0ce0000 - 0x00007ffef0d12000 	C:\WINDOWS\SYSTEM32\USERENV.dll
0x00007ffef1880000 - 0x00007ffef18aa000 	C:\WINDOWS\SYSTEM32\bcrypt.dll
0x00007ffef0f40000 - 0x00007ffef0f4c000 	C:\WINDOWS\SYSTEM32\CRYPTBASE.dll
0x00007ffef0010000 - 0x00007ffef0043000 	C:\WINDOWS\SYSTEM32\IPHLPAPI.DLL
0x00007ffef4650000 - 0x00007ffef465a000 	C:\WINDOWS\System32\NSI.dll
0x00007ffe98770000 - 0x00007ffe987b9000 	C:\Users\Vishal\AppData\Local\Temp\jna--1732361581\jna9777952196666800484.dll
0x00007ffef41b0000 - 0x00007ffef41b8000 	C:\WINDOWS\System32\PSAPI.DLL
0x00007ffee99d0000 - 0x00007ffee99ed000 	C:\WINDOWS\SYSTEM32\dhcpcsvc6.DLL
0x00007ffee99a0000 - 0x00007ffee99c5000 	C:\WINDOWS\SYSTEM32\dhcpcsvc.DLL
0x00007ffed5bc0000 - 0x00007ffed5bce000 	C:\Users\Vishal\.vscode\extensions\redhat.java-1.55.0-win32-x64\jre\21.0.11-win32-x86_64\bin\sunmscapi.dll
0x00007ffef1990000 - 0x00007ffef1b0e000 	C:\WINDOWS\System32\CRYPT32.dll
0x00007ffef1160000 - 0x00007ffef1190000 	C:\WINDOWS\SYSTEM32\ncrypt.dll
0x00007ffef1110000 - 0x00007ffef114f000 	C:\WINDOWS\SYSTEM32\NTASN1.dll
0x00007ffef00a0000 - 0x00007ffef01f8000 	C:\WINDOWS\SYSTEM32\DNSAPI.dll
0x00007ffef0a10000 - 0x00007ffef0a1d000 	C:\WINDOWS\SYSTEM32\DSPARSE.dll
0x00007ffedfa70000 - 0x00007ffedfa7b000 	C:\Windows\System32\rasadhlp.dll
0x00007ffee70e0000 - 0x00007ffee7166000 	C:\WINDOWS\System32\fwpuclnt.dll
0x00007ffee3960000 - 0x00007ffee3969000 	C:\Users\Vishal\.vscode\extensions\redhat.java-1.55.0-win32-x64\jre\21.0.11-win32-x86_64\bin\extnet.dll

JVMTI agents:
c:\Users\Vishal\.vscode\extensions\redhat.java-1.55.0-win32-x64\lombok\lombok-1.18.39-4050.jar path:c:\Users\Vishal\.vscode\extensions\redhat.java-1.55.0-win32-x64\jre\21.0.11-win32-x86_64\bin\instrument.dll, loaded, initialized, instrumentlib options:none

dbghelp: loaded successfully - version: 4.0.5 - missing functions: none
symbol engine: initialized successfully - sym options: 0x614 - pdb path: .;c:\Users\Vishal\.vscode\extensions\redhat.java-1.55.0-win32-x64\jre\21.0.11-win32-x86_64\bin;C:\WINDOWS\SYSTEM32;C:\WINDOWS\WinSxS\amd64_microsoft.windows.common-controls_6595b64144ccf1df_6.0.26100.8972_none_3e0da176e32f9d4b;c:\Users\Vishal\.vscode\extensions\redhat.java-1.55.0-win32-x64\jre\21.0.11-win32-x86_64\bin\server;C:\Users\Vishal\AppData\Roaming\Code\User\globalStorage\redhat.java\1.55.0\config_win\org.eclipse.equinox.launcher\org.eclipse.equinox.launcher.win32.win32.x86_64_1.3.100.v20260613-0559;C:\Users\Vishal\AppData\Local\Temp\jna--1732361581

VM Arguments:
jvm_args: --add-modules=ALL-SYSTEM --add-opens=java.base/java.util=ALL-UNNAMED --add-opens=java.base/java.lang=ALL-UNNAMED --add-opens=java.base/sun.nio.fs=ALL-UNNAMED -Declipse.application=org.eclipse.jdt.ls.core.id1 -Dosgi.bundles.defaultStartLevel=4 -Declipse.product=org.eclipse.jdt.ls.core.product -Djava.import.generatesMetadataFilesAtProjectRoot=false -DDetectVMInstallationsJob.disabled=true -Dfile.encoding=utf8 -XX:+UseParallelGC -XX:GCTimeRatio=4 -XX:AdaptiveSizePolicyWeight=90 -Dsun.zip.disableMemoryMapping=true -Xmx2G -Xms100m -Xlog:disable -javaagent:c:\Users\Vishal\.vscode\extensions\redhat.java-1.55.0-win32-x64\lombok\lombok-1.18.39-4050.jar -XX:+HeapDumpOnOutOfMemoryError -XX:HeapDumpPath=c:\Users\Vishal\AppData\Roaming\Code\User\workspaceStorage\de52af6c379dfd7feac1f3ed59848b74\redhat.java -Daether.dependencyCollector.impl=bf 
java_command: c:\Users\Vishal\.vscode\extensions\redhat.java-1.55.0-win32-x64\server\plugins\org.eclipse.equinox.launcher_1.7.200.v20260619-2039.jar -configuration c:\Users\Vishal\AppData\Roaming\Code\User\globalStorage\redhat.java\1.55.0\config_win -data c:\Users\Vishal\AppData\Roaming\Code\User\workspaceStorage\de52af6c379dfd7feac1f3ed59848b74\redhat.java\jdt_ws --pipe=\\.\pipe\lsp-682172302bca9b1099352ac191145688-sock
java_class_path (initial): c:\Users\Vishal\.vscode\extensions\redhat.java-1.55.0-win32-x64\server\plugins\org.eclipse.equinox.launcher_1.7.200.v20260619-2039.jar
Launcher Type: SUN_STANDARD

[Global flags]
    uintx AdaptiveSizePolicyWeight                 = 90                                        {product} {command line}
     intx CICompilerCount                          = 4                                         {product} {ergonomic}
    uintx GCTimeRatio                              = 4                                         {product} {command line}
     bool HeapDumpOnOutOfMemoryError               = true                                   {manageable} {command line}
    ccstr HeapDumpPath                             = c:\Users\Vishal\AppData\Roaming\Code\User\workspaceStorage\de52af6c379dfd7feac1f3ed59848b74\redhat.java         {manageable} {command line}
   size_t InitialHeapSize                          = 104857600                                 {product} {command line}
   size_t MaxHeapSize                              = 2147483648                                {product} {command line}
   size_t MaxNewSize                               = 715653120                                 {product} {ergonomic}
   size_t MinHeapDeltaBytes                        = 524288                                    {product} {ergonomic}
   size_t MinHeapSize                              = 104857600                                 {product} {command line}
   size_t NewSize                                  = 34603008                                  {product} {ergonomic}
    uintx NonNMethodCodeHeapSize                   = 5839372                                {pd product} {ergonomic}
    uintx NonProfiledCodeHeapSize                  = 122909434                              {pd product} {ergonomic}
   size_t OldSize                                  = 70254592                                  {product} {ergonomic}
    uintx ProfiledCodeHeapSize                     = 122909434                              {pd product} {ergonomic}
    uintx ReservedCodeCacheSize                    = 251658240                              {pd product} {ergonomic}
     bool SegmentedCodeCache                       = true                                      {product} {ergonomic}
   size_t SoftMaxHeapSize                          = 2147483648                             {manageable} {ergonomic}
     bool UseCompressedOops                        = true                           {product lp64_product} {ergonomic}
     bool UseLargePagesIndividualAllocation        = false                                  {pd product} {ergonomic}
     bool UseParallelGC                            = true                                      {product} {command line}

Logging:
Log output configuration:
 #0: stdout all=off uptime,level,tags foldmultilines=false
 #1: stderr all=off uptime,level,tags foldmultilines=false

Release file:
JAVA_VERSION="21.0.11" 
MODULES="java.base java.compiler java.datatransfer java.xml java.prefs java.desktop java.instrument java.logging java.management java.security.sasl java.naming java.rmi java.management.rmi java.net.http java.scripting java.security.jgss java.transaction.xa java.sql java.sql.rowset java.xml.crypto java.se java.smartcardio jdk.accessibility jdk.internal.jvmstat jdk.attach jdk.charsets jdk.internal.opt jdk.zipfs jdk.compiler jdk.crypto.ec jdk.crypto.cryptoki jdk.crypto.mscapi jdk.dynalink jdk.internal.ed jdk.editpad jdk.hotspot.agent jdk.httpserver jdk.internal.le jdk.internal.vm.ci jdk.internal.vm.compiler jdk.internal.vm.compiler.management jdk.jartool jdk.javadoc jdk.jcmd jdk.management jdk.management.agent jdk.jconsole jdk.jdeps jdk.jdwp.agent jdk.jdi jdk.jfr jdk.jshell jdk.jsobject jdk.jstatd jdk.localedata jdk.management.jfr jdk.naming.dns jdk.naming.rmi jdk.net jdk.nio.mapmode jdk.random jdk.sctp jdk.security.auth jdk.security.jgss jdk.unsupported jdk.unsupported.desktop jdk.xml.dom" 

Environment Variables:
PATH=C:\Program Files\Common Files\Oracle\Java\javapath;C:\WINDOWS\system32;C:\WINDOWS;C:\WINDOWS\System32\Wbem;C:\WINDOWS\System32\WindowsPowerShell\v1.0\;C:\WINDOWS\System32\OpenSSH\;C:\Program Files\nodejs\;C:\Program Files\dotnet\;C:\Program Files\Java\jdk-23\bin;C:\Program Files\Java;C:\Program Files\Git\cmd;C:\Program Files\Git\mingw64\bin;C:\Program Files\Git\usr\bin;C:\Program Files\Docker\Docker\resources\bin;C:\Users\Vishal\AppData\Local\Programs\Python\Python313\Scripts\;C:\Users\Vishal\AppData\Local\Programs\Python\Python313\;C:\Users\Vishal\AppData\Local\Programs\Python\Launcher\;C:\Users\Vishal\AppData\Local\Microsoft\WindowsApps;C:\Users\Vishal\AppData\Local\Programs\Microsoft VS Code\bin;C:\MinGW\bin;C:\Users\Vishal\AppData\Roaming\npm;C:\Users\Vishal\AppData\Local\GitHubDesktop\bin;C:\Program Files\JetBrains\PyCharm 2025.2.4\bin;C:\Users\Vishal\AppData\Local\Programs\Antigravity\bin;C:\Users\Vishal\AppData\Local\Programs\Antigravity IDE\bin;C:\Users\Vishal\Downloads\apache-maven-3.9.16-bin (1)\apache-maven-3.9.16\bin;
USERNAME=Vishal
OS=Windows_NT
PROCESSOR_IDENTIFIER=AMD64 Family 23 Model 104 Stepping 1, AuthenticAMD
TMP=C:\Users\Vishal\AppData\Local\Temp
TEMP=C:\Users\Vishal\AppData\Local\Temp




Periodic native trim disabled

---------------  S Y S T E M  ---------------

OS:
 Windows 11 , 64 bit Build 26100 (10.0.26100.8972)
OS uptime: 9 days 4:43 hours
Hyper-V role detected

CPU: total 12 (initial active 12) (12 cores per cpu, 2 threads per core) family 23 model 104 stepping 1 microcode 0x8608109, cx8, cmov, fxsr, ht, mmx, 3dnowpref, sse, sse2, sse3, ssse3, sse4a, sse4.1, sse4.2, popcnt, lzcnt, tsc, tscinvbit, avx, avx2, aes, clmul, bmi1, bmi2, adx, sha, fma, vzeroupper, clflush, clflushopt, hv, rdtscp, rdpid, f16c
Processor Information for the first 12 processors :
  Max Mhz: 2100, Current Mhz: 2100, Mhz Limit: 2100

Memory: 4k page, system-wide physical 5989M (255M free)
TotalPageFile size 24421M (AvailPageFile size 0M)
current process WorkingSet (physical memory assigned to process): 361M, peak: 835M
current process commit charge ("private bytes"): 1584M, peak: 1586M

vm_info: OpenJDK 64-Bit Server VM (21.0.11+10-LTS) for windows-amd64 JRE (21.0.11+10-LTS), built on 2026-04-21T00:00:00Z by "admin" with MS VC++ 17.12 (VS2022)

END.
